Archive member included to satisfy reference by file (symbol)

D:/arm-none-eabi/13.3 rel1/bin/../lib/gcc/arm-none-eabi/13.3.1/thumb/v7-m/nofp\libg.a(libc_a-exit.o)
                              D:/arm-none-eabi/13.3 rel1/bin/../lib/gcc/arm-none-eabi/13.3.1/thumb/v7-m/nofp/crt0.o (exit)
D:/arm-none-eabi/13.3 rel1/bin/../lib/gcc/arm-none-eabi/13.3.1/thumb/v7-m/nofp\libg.a(libc_a-findfp.o)
                              D:/arm-none-eabi/13.3 rel1/bin/../lib/gcc/arm-none-eabi/13.3.1/thumb/v7-m/nofp\libg.a(libc_a-exit.o) (__stdio_exit_handler)
D:/arm-none-eabi/13.3 rel1/bin/../lib/gcc/arm-none-eabi/13.3.1/thumb/v7-m/nofp\libg.a(libc_a-fwalk.o)
                              D:/arm-none-eabi/13.3 rel1/bin/../lib/gcc/arm-none-eabi/13.3.1/thumb/v7-m/nofp\libg.a(libc_a-findfp.o) (_fwalk_sglue)
D:/arm-none-eabi/13.3 rel1/bin/../lib/gcc/arm-none-eabi/13.3.1/thumb/v7-m/nofp\libg.a(libc_a-stdio.o)
                              D:/arm-none-eabi/13.3 rel1/bin/../lib/gcc/arm-none-eabi/13.3.1/thumb/v7-m/nofp\libg.a(libc_a-findfp.o) (__sread)
D:/arm-none-eabi/13.3 rel1/bin/../lib/gcc/arm-none-eabi/13.3.1/thumb/v7-m/nofp\libg.a(libc_a-memset.o)
                              D:/arm-none-eabi/13.3 rel1/bin/../lib/gcc/arm-none-eabi/13.3.1/thumb/v7-m/nofp/crt0.o (memset)
D:/arm-none-eabi/13.3 rel1/bin/../lib/gcc/arm-none-eabi/13.3.1/thumb/v7-m/nofp\libg.a(libc_a-closer.o)
                              D:/arm-none-eabi/13.3 rel1/bin/../lib/gcc/arm-none-eabi/13.3.1/thumb/v7-m/nofp\libg.a(libc_a-stdio.o) (_close_r)
D:/arm-none-eabi/13.3 rel1/bin/../lib/gcc/arm-none-eabi/13.3.1/thumb/v7-m/nofp\libg.a(libc_a-reent.o)
                              D:/arm-none-eabi/13.3 rel1/bin/../lib/gcc/arm-none-eabi/13.3.1/thumb/v7-m/nofp\libg.a(libc_a-closer.o) (errno)
D:/arm-none-eabi/13.3 rel1/bin/../lib/gcc/arm-none-eabi/13.3.1/thumb/v7-m/nofp\libg.a(libc_a-impure.o)
                              D:/arm-none-eabi/13.3 rel1/bin/../lib/gcc/arm-none-eabi/13.3.1/thumb/v7-m/nofp\libg.a(libc_a-reent.o) (_impure_ptr)
D:/arm-none-eabi/13.3 rel1/bin/../lib/gcc/arm-none-eabi/13.3.1/thumb/v7-m/nofp\libg.a(libc_a-lseekr.o)
                              D:/arm-none-eabi/13.3 rel1/bin/../lib/gcc/arm-none-eabi/13.3.1/thumb/v7-m/nofp\libg.a(libc_a-stdio.o) (_lseek_r)
D:/arm-none-eabi/13.3 rel1/bin/../lib/gcc/arm-none-eabi/13.3.1/thumb/v7-m/nofp\libg.a(libc_a-readr.o)
                              D:/arm-none-eabi/13.3 rel1/bin/../lib/gcc/arm-none-eabi/13.3.1/thumb/v7-m/nofp\libg.a(libc_a-stdio.o) (_read_r)
D:/arm-none-eabi/13.3 rel1/bin/../lib/gcc/arm-none-eabi/13.3.1/thumb/v7-m/nofp\libg.a(libc_a-writer.o)
                              D:/arm-none-eabi/13.3 rel1/bin/../lib/gcc/arm-none-eabi/13.3.1/thumb/v7-m/nofp\libg.a(libc_a-stdio.o) (_write_r)
D:/arm-none-eabi/13.3 rel1/bin/../lib/gcc/arm-none-eabi/13.3.1/thumb/v7-m/nofp\libg.a(libc_a-errno.o)
                              CMakeFiles/ble.elf.dir/Core/Src/syscalls.c.obj (__errno)
D:/arm-none-eabi/13.3 rel1/bin/../lib/gcc/arm-none-eabi/13.3.1/thumb/v7-m/nofp\libg.a(libc_a-init.o)
                              D:/arm-none-eabi/13.3 rel1/bin/../lib/gcc/arm-none-eabi/13.3.1/thumb/v7-m/nofp/crt0.o (__libc_init_array)
D:/arm-none-eabi/13.3 rel1/bin/../lib/gcc/arm-none-eabi/13.3.1/thumb/v7-m/nofp\libg.a(libc_a-lock.o)
                              D:/arm-none-eabi/13.3 rel1/bin/../lib/gcc/arm-none-eabi/13.3.1/thumb/v7-m/nofp\libg.a(libc_a-findfp.o) (__retarget_lock_init_recursive)
D:/arm-none-eabi/13.3 rel1/bin/../lib/gcc/arm-none-eabi/13.3.1/thumb/v7-m/nofp\libg.a(libc_a-__call_atexit.o)
                              D:/arm-none-eabi/13.3 rel1/bin/../lib/gcc/arm-none-eabi/13.3.1/thumb/v7-m/nofp\libg.a(libc_a-exit.o) (__call_exitprocs)
D:/arm-none-eabi/13.3 rel1/bin/../lib/gcc/arm-none-eabi/13.3.1/thumb/v7-m/nofp\libg.a(libc_a-atexit.o)
                              D:/arm-none-eabi/13.3 rel1/bin/../lib/gcc/arm-none-eabi/13.3.1/thumb/v7-m/nofp\libg.a(libc_a-__call_atexit.o) (atexit)
D:/arm-none-eabi/13.3 rel1/bin/../lib/gcc/arm-none-eabi/13.3.1/thumb/v7-m/nofp\libg.a(libc_a-freer.o)
                              D:/arm-none-eabi/13.3 rel1/bin/../lib/gcc/arm-none-eabi/13.3.1/thumb/v7-m/nofp\libg.a(libc_a-reent.o) (_free_r)
D:/arm-none-eabi/13.3 rel1/bin/../lib/gcc/arm-none-eabi/13.3.1/thumb/v7-m/nofp\libg.a(libc_a-mallocr.o)
                              D:/arm-none-eabi/13.3 rel1/bin/../lib/gcc/arm-none-eabi/13.3.1/thumb/v7-m/nofp\libg.a(libc_a-findfp.o) (_malloc_r)
D:/arm-none-eabi/13.3 rel1/bin/../lib/gcc/arm-none-eabi/13.3.1/thumb/v7-m/nofp\libg.a(libc_a-mlock.o)
                              D:/arm-none-eabi/13.3 rel1/bin/../lib/gcc/arm-none-eabi/13.3.1/thumb/v7-m/nofp\libg.a(libc_a-freer.o) (__malloc_lock)
D:/arm-none-eabi/13.3 rel1/bin/../lib/gcc/arm-none-eabi/13.3.1/thumb/v7-m/nofp\libg.a(libc_a-fclose.o)
                              D:/arm-none-eabi/13.3 rel1/bin/../lib/gcc/arm-none-eabi/13.3.1/thumb/v7-m/nofp\libg.a(libc_a-findfp.o) (_fclose_r)
[...]
Memory Configuration

Name             Origin             Length             Attributes
RAM              0x20000000         0x00005000         xrw
FLASH            0x08000000         0x00010000         xr
*default*        0x00000000         0xffffffff

Linker script and memory map

LOAD D:/arm-none-eabi/13.3 rel1/bin/../lib/gcc/arm-none-eabi/13.3.1/thumb/v7-m/nofp/crti.o
LOAD D:/arm-none-eabi/13.3 rel1/bin/../lib/gcc/arm-none-eabi/13.3.1/thumb/v7-m/nofp/crtbegin.o
LOAD D:/arm-none-eabi/13.3 rel1/bin/../lib/gcc/arm-none-eabi/13.3.1/thumb/v7-m/nofp/crt0.o
LOAD CMakeFiles/ble.elf.dir/Core/Src/dma.c.obj
LOAD CMakeFiles/ble.elf.dir/Core/Src/gpio.c.obj
LOAD CMakeFiles/ble.elf.dir/Core/Src/main.c.obj
LOAD CMakeFiles/ble.elf.dir/Core/Src/stm32f1xx_hal_msp.c.obj
LOAD CMakeFiles/ble.elf.dir/Core/Src/stm32f1xx_it.c.obj
LOAD CMakeFiles/ble.elf.dir/Core/Src/syscalls.c.obj
LOAD CMakeFiles/ble.elf.dir/Core/Src/sysmem.c.obj
LOAD CMakeFiles/ble.elf.dir/Core/Src/system_stm32f1xx.c.obj
LOAD CMakeFiles/ble.elf.dir/Core/Src/usart.c.obj
LOAD CMakeFiles/ble.elf.dir/Core/Startup/startup_stm32f103c8tx.s.obj
LOAD CMakeFiles/ble.elf.dir/Drivers/STM32F1xx_HAL_Driver/Src/stm32f1xx_hal.c.obj
LOAD CMakeFiles/ble.elf.dir/Drivers/STM32F1xx_HAL_Driver/Src/stm32f1xx_hal_cortex.c.obj
LOAD CMakeFiles/ble.elf.dir/Drivers/STM32F1xx_HAL_Driver/Src/stm32f1xx_hal_dma.c.obj
LOAD CMakeFiles/ble.elf.dir/Drivers/STM32F1xx_HAL_Driver/Src/stm32f1xx_hal_exti.c.obj
LOAD CMakeFiles/ble.elf.dir/Drivers/STM32F1xx_HAL_Driver/Src/stm32f1xx_hal_flash.c.obj
LOAD CMakeFiles/ble.elf.dir/Drivers/STM32F1xx_HAL_Driver/Src/stm32f1xx_hal_flash_ex.c.obj
LOAD CMakeFiles/ble.elf.dir/Drivers/STM32F1xx_HAL_Driver/Src/stm32f1xx_hal_gpio.c.obj
LOAD CMakeFiles/ble.elf.dir/Drivers/STM32F1xx_HAL_Driver/Src/stm32f1xx_hal_gpio_ex.c.obj
LOAD CMakeFiles/ble.elf.dir/Drivers/STM32F1xx_HAL_Driver/Src/stm32f1xx_hal_pwr.c.obj
LOAD CMakeFiles/ble.elf.dir/Drivers/STM32F1xx_HAL_Driver/Src/stm32f1xx_hal_rcc.c.obj
LOAD CMakeFiles/ble.elf.dir/Drivers/STM32F1xx_HAL_Driver/Src/stm32f1xx_hal_rcc_ex.c.obj
LOAD CMakeFiles/ble.elf.dir/Drivers/STM32F1xx_HAL_Driver/Src/stm32f1xx_hal_tim.c.obj
LOAD CMakeFiles/ble.elf.dir/Drivers/STM32F1xx_HAL_Driver/Src/stm32f1xx_hal_tim_ex.c.obj
LOAD CMakeFiles/ble.elf.dir/Drivers/STM32F1xx_HAL_Driver/Src/stm32f1xx_hal_uart.c.obj
START GROUP
LOAD D:/arm-none-eabi/13.3 rel1/bin/../lib/gcc/arm-none-eabi/13.3.1/thumb/v7-m/nofp\libgcc.a
LOAD D:/arm-none-eabi/13.3 rel1/bin/../lib/gcc/arm-none-eabi/13.3.1/thumb/v7-m/nofp\libg.a
LOAD D:/arm-none-eabi/13.3 rel1/bin/../lib/gcc/arm-none-eabi/13.3.1/thumb/v7-m/nofp\libc.a
END GROUP
LOAD D:/arm-none-eabi/13.3 rel1/bin/../lib/gcc/arm-none-eabi/13.3.1/thumb/v7-m/nofp/crtend.o
LOAD D:/arm-none-eabi/13.3 rel1/bin/../lib/gcc/arm-none-eabi/13.3.1/thumb/v7-m/nofp/crtn.o
                0x20005000                        _estack = (ORIGIN (RAM) + LENGTH (RAM))
                0x00000200                        _Min_Heap_Size = 0x200
                0x00000400                        _Min_Stack_Size = 0x400

.isr_vector     0x08000000      0x10c
                0x08000000                        . = ALIGN (0x4)
 *(.isr_vector)
 .isr_vector    0x08000000      0x10c CMakeFiles/ble.elf.dir/Core/Startup/startup_stm32f103c8tx.s.obj
                0x08000000                g_pfnVectors
                0x0800010c                        . = ALIGN (0x4)

.text           0x0800010c     0x172c
                0x0800010c                        . = ALIGN (0x4)
 *(.text)
 *(.text*)
 .text.deregister_tm_clones
                0x0800010c       0x1c D:/arm-none-eabi/13.3 rel1/bin/../lib/gcc/arm-none-eabi/13.3.1/thumb/v7-m/nofp/crtbegin.o
 .text.register_tm_clones
                0x08000128       0x24 D:/arm-none-eabi/13.3 rel1/bin/../lib/gcc/arm-none-eabi/13.3.1/thumb/v7-m/nofp/crtbegin.o
 .text.__do_global_dtors_aux
                0x0800014c       0x28 D:/arm-none-eabi/13.3 rel1/bin/../lib/gcc/arm-none-eabi/13.3.1/thumb/v7-m/nofp/crtbegin.o
 .text.frame_dummy
                0x08000174       0x24 D:/arm-none-eabi/13.3 rel1/bin/../lib/gcc/arm-none-eabi/13.3.1/thumb/v7-m/nofp/crtbegin.o
 .text.MX_DMA_Init
                0x08000198       0x44 CMakeFiles/ble.elf.dir/Core/Src/dma.c.obj
                0x08000198                MX_DMA_Init
 .text.MX_GPIO_Init
                0x080001dc       0x44 CMakeFiles/ble.elf.dir/Core/Src/gpio.c.obj
                0x080001dc                MX_GPIO_Init
 .text.Error_Handler
                0x08000220        0x4 CMakeFiles/ble.elf.dir/Core/Src/main.c.obj
                0x08000220                Error_Handler
 .text.SystemClock_Config
                0x08000224       0x64 CMakeFiles/ble.elf.dir/Core/Src/main.c.obj
                0x08000224                SystemClock_Config
 .text.main     0x08000288       0x18 CMakeFiles/ble.elf.dir/Core/Src/main.c.obj
                0x08000288                main
 .text.HAL_MspInit
                0x080002a0       0x44 CMakeFiles/ble.elf.dir/Core/Src/stm32f1xx_hal_msp.c.obj
                0x080002a0                HAL_MspInit
 .text.NMI_Handler
                0x080002e4        0x2 CMakeFiles/ble.elf.dir/Core/Src/stm32f1xx_it.c.obj
                0x080002e4                NMI_Handler
 .text.HardFault_Handler
                0x080002e6        0x2 CMakeFiles/ble.elf.dir/Core/Src/stm32f1xx_it.c.obj
                0x080002e6                HardFault_Handler
 .text.MemManage_Handler
                0x080002e8        0x2 CMakeFiles/ble.elf.dir/Core/Src/stm32f1xx_it.c.obj
                0x080002e8                MemManage_Handler
 .text.BusFault_Handler
                0x080002ea        0x2 CMakeFiles/ble.elf.dir/Core/Src/stm32f1xx_it.c.obj
                0x080002ea                BusFault_Handler
 .text.UsageFault_Handler
                0x080002ec        0x2 CMakeFiles/ble.elf.dir/Core/Src/stm32f1xx_it.c.obj
                0x080002ec                UsageFault_Handler
 .text.SVC_Handler
                0x080002ee        0x2 CMakeFiles/ble.elf.dir/Core/Src/stm32f1xx_it.c.obj
                0x080002ee                SVC_Handler
 .text.DebugMon_Handler
                0x080002f0        0x2 CMakeFiles/ble.elf.dir/Core/Src/stm32f1xx_it.c.obj
                0x080002f0                DebugMon_Handler
 .text.PendSV_Handler
                0x080002f2        0x2 CMakeFiles/ble.elf.dir/Core/Src/stm32f1xx_it.c.obj
                0x080002f2                PendSV_Handler
 .text.SysTick_Handler
                0x080002f4        0x8 CMakeFiles/ble.elf.dir/Core/Src/stm32f1xx_it.c.obj
                0x080002f4                SysTick_Handler
 .text.DMA1_Channel2_IRQHandler
                0x080002fc       0x10 CMakeFiles/ble.elf.dir/Core/Src/stm32f1xx_it.c.obj
                0x080002fc                DMA1_Channel2_IRQHandler
 .text.DMA1_Channel3_IRQHandler
                0x0800030c       0x10 CMakeFiles/ble.elf.dir/Core/Src/stm32f1xx_it.c.obj
                0x0800030c                DMA1_Channel3_IRQHandler
 .text.USART3_IRQHandler
                0x0800031c       0x10 CMakeFiles/ble.elf.dir/Core/Src/stm32f1xx_it.c.obj
                0x0800031c                USART3_IRQHandler
 .text.SystemInit
                0x0800032c        0x2 CMakeFiles/ble.elf.dir/Core/Src/system_stm32f1xx.c.obj
                0x0800032c                SystemInit
 *fill*         0x0800032e        0x2 
 .text.MX_USART3_UART_Init
                0x08000330       0x34 CMakeFiles/ble.elf.dir/Core/Src/usart.c.obj
                0x08000330                MX_USART3_UART_Init
 .text.HAL_UART_MspInit
                0x08000364       0xf0 CMakeFiles/ble.elf.dir/Core/Src/usart.c.obj
                0x08000364                HAL_UART_MspInit
 .text.Reset_Handler
                0x08000454       0x48 CMakeFiles/ble.elf.dir/Core/Startup/startup_stm32f103c8tx.s.obj
                0x08000454                Reset_Handler
 .text.Default_Handler
                0x0800049c        0x2 CMakeFiles/ble.elf.dir/Core/Startup/startup_stm32f103c8tx.s.obj
                0x0800049c                RTC_Alarm_IRQHandler
                0x0800049c                EXTI2_IRQHandler
                0x0800049c                TIM1_CC_IRQHandler
                0x0800049c                PVD_IRQHandler
                0x0800049c                EXTI3_IRQHandler
                0x0800049c                EXTI0_IRQHandler
                0x0800049c                I2C2_EV_IRQHandler
                0x0800049c                ADC1_2_IRQHandler
                0x0800049c                SPI1_IRQHandler
                0x0800049c                TAMPER_IRQHandler
                0x0800049c                DMA1_Channel4_IRQHandler
                0x0800049c                RTC_IRQHandler
                0x0800049c                DMA1_Channel7_IRQHandler
                0x0800049c                CAN1_RX1_IRQHandler
                0x0800049c                TIM4_IRQHandler
                0x0800049c                I2C1_EV_IRQHandler
                0x0800049c                DMA1_Channel6_IRQHandler
                0x0800049c                TIM3_IRQHandler
                0x0800049c                RCC_IRQHandler
                0x0800049c                TIM1_TRG_COM_IRQHandler
                0x0800049c                DMA1_Channel1_IRQHandler
                0x0800049c                Default_Handler
                0x0800049c                EXTI15_10_IRQHandler
                0x0800049c                EXTI9_5_IRQHandler
                0x0800049c                SPI2_IRQHandler
                0x0800049c                DMA1_Channel5_IRQHandler
                0x0800049c                EXTI4_IRQHandler
                0x0800049c                USB_LP_CAN1_RX0_IRQHandler
                0x0800049c                USB_HP_CAN1_TX_IRQHandler
                0x0800049c                TIM1_UP_IRQHandler
                0x0800049c                WWDG_IRQHandler
                0x0800049c                TIM2_IRQHandler
                0x0800049c                TIM1_BRK_IRQHandler
                0x0800049c                EXTI1_IRQHandler
                0x0800049c                USART2_IRQHandler
                0x0800049c                I2C2_ER_IRQHandler
                0x0800049c                CAN1_SCE_IRQHandler
                0x0800049c                FLASH_IRQHandler
                0x0800049c                USART1_IRQHandler
                0x0800049c                I2C1_ER_IRQHandler
                0x0800049c                USBWakeUp_IRQHandler
 *fill*         0x0800049e        0x2 
 .text.HAL_InitTick
                0x080004a0       0x4c CMakeFiles/ble.elf.dir/Drivers/STM32F1xx_HAL_Driver/Src/stm32f1xx_hal.c.obj
                0x080004a0                HAL_InitTick
 .text.HAL_Init
                0x080004ec       0x24 CMakeFiles/ble.elf.dir/Drivers/STM32F1xx_HAL_Driver/Src/stm32f1xx_hal.c.obj
                0x080004ec                HAL_Init
 .text.HAL_IncTick
                0x08000510       0x18 CMakeFiles/ble.elf.dir/Drivers/STM32F1xx_HAL_Driver/Src/stm32f1xx_hal.c.obj
                0x08000510                HAL_IncTick
 .text.HAL_GetTick
                0x08000528        0xc CMakeFiles/ble.elf.dir/Drivers/STM32F1xx_HAL_Driver/Src/stm32f1xx_hal.c.obj
                0x08000528                HAL_GetTick
 .text.__NVIC_SetPriority
                0x08000534       0x28 CMakeFiles/ble.elf.dir/Drivers/STM32F1xx_HAL_Driver/Src/stm32f1xx_hal_cortex.c.obj
 .text.NVIC_EncodePriority
                0x0800055c       0x3e CMakeFiles/ble.elf.dir/Drivers/STM32F1xx_HAL_Driver/Src/stm32f1xx_hal_cortex.c.obj
 *fill*         0x0800059a        0x2 
 .text.HAL_NVIC_SetPriorityGrouping
                0x0800059c       0x24 CMakeFiles/ble.elf.dir/Drivers/STM32F1xx_HAL_Driver/Src/stm32f1xx_hal_cortex.c.obj
                0x0800059c                HAL_NVIC_SetPriorityGrouping
 .text.HAL_NVIC_SetPriority
                0x080005c0       0x20 CMakeFiles/ble.elf.dir/Drivers/STM32F1xx_HAL_Driver/Src/stm32f1xx_hal_cortex.c.obj
                0x080005c0                HAL_NVIC_SetPriority
 .text.HAL_NVIC_EnableIRQ
                0x080005e0       0x1c CMakeFiles/ble.elf.dir/Drivers/STM32F1xx_HAL_Driver/Src/stm32f1xx_hal_cortex.c.obj
                0x080005e0                HAL_NVIC_EnableIRQ
 .text.HAL_SYSTICK_Config
                0x080005fc       0x28 CMakeFiles/ble.elf.dir/Drivers/STM32F1xx_HAL_Driver/Src/stm32f1xx_hal_cortex.c.obj
                0x080005fc                HAL_SYSTICK_Config
 .text.HAL_DMA_Init
                0x08000624       0x68 CMakeFiles/ble.elf.dir/Drivers/STM32F1xx_HAL_Driver/Src/stm32f1xx_hal_dma.c.obj
                0x08000624                HAL_DMA_Init
 .text.HAL_DMA_Abort
                0x0800068c       0x46 CMakeFiles/ble.elf.dir/Drivers/STM32F1xx_HAL_Driver/Src/stm32f1xx_hal_dma.c.obj
                0x0800068c                HAL_DMA_Abort
 *fill*         0x080006d2        0x2 
 .text.HAL_DMA_Abort_IT
                0x080006d4       0x98 CMakeFiles/ble.elf.dir/Drivers/STM32F1xx_HAL_Driver/Src/stm32f1xx_hal_dma.c.obj
                0x080006d4                HAL_DMA_Abort_IT
 .text.HAL_DMA_IRQHandler
                0x0800076c      0x144 CMakeFiles/ble.elf.dir/Drivers/STM32F1xx_HAL_Driver/Src/stm32f1xx_hal_dma.c.obj
                0x0800076c                HAL_DMA_IRQHandler
 .text.HAL_GPIO_Init
                0x080008b0      0x21c CMakeFiles/ble.elf.dir/Drivers/STM32F1xx_HAL_Driver/Src/stm32f1xx_hal_gpio.c.obj
                0x080008b0                HAL_GPIO_Init
 .text.RCC_Delay
                0x08000acc       0x2c CMakeFiles/ble.elf.dir/Drivers/STM32F1xx_HAL_Driver/Src/stm32f1xx_hal_rcc.c.obj
 .text.HAL_RCC_OscConfig
                0x08000af8      0x410 CMakeFiles/ble.elf.dir/Drivers/STM32F1xx_HAL_Driver/Src/stm32f1xx_hal_rcc.c.obj
                0x08000af8                HAL_RCC_OscConfig
 .text.HAL_RCC_GetSysClockFreq
                0x08000f08       0x54 CMakeFiles/ble.elf.dir/Drivers/STM32F1xx_HAL_Driver/Src/stm32f1xx_hal_rcc.c.obj
                0x08000f08                HAL_RCC_GetSysClockFreq
 .text.HAL_RCC_ClockConfig
                0x08000f5c      0x16c CMakeFiles/ble.elf.dir/Drivers/STM32F1xx_HAL_Driver/Src/stm32f1xx_hal_rcc.c.obj
                0x08000f5c                HAL_RCC_ClockConfig
 .text.HAL_RCC_GetHCLKFreq
                0x080010c8        0xc CMakeFiles/ble.elf.dir/Drivers/STM32F1xx_HAL_Driver/Src/stm32f1xx_hal_rcc.c.obj
                0x080010c8                HAL_RCC_GetHCLKFreq
 .text.HAL_RCC_GetPCLK1Freq
                0x080010d4       0x20 CMakeFiles/ble.elf.dir/Drivers/STM32F1xx_HAL_Driver/Src/stm32f1xx_hal_rcc.c.obj
                0x080010d4                HAL_RCC_GetPCLK1Freq
 .text.HAL_RCC_GetPCLK2Freq
                0x080010f4       0x20 CMakeFiles/ble.elf.dir/Drivers/STM32F1xx_HAL_Driver/Src/stm32f1xx_hal_rcc.c.obj
                0x080010f4                HAL_RCC_GetPCLK2Freq
 .text.UART_EndRxTransfer
                0x08001114       0x5c CMakeFiles/ble.elf.dir/Drivers/STM32F1xx_HAL_Driver/Src/stm32f1xx_hal_uart.c.obj
 .text.UART_Transmit_IT
                0x08001170       0x60 CMakeFiles/ble.elf.dir/Drivers/STM32F1xx_HAL_Driver/Src/stm32f1xx_hal_uart.c.obj
 .text.UART_SetConfig
                0x080011d0       0x94 CMakeFiles/ble.elf.dir/Drivers/STM32F1xx_HAL_Driver/Src/stm32f1xx_hal_uart.c.obj
 .text.HAL_UART_Init
                0x08001264       0x60 CMakeFiles/ble.elf.dir/Drivers/STM32F1xx_HAL_Driver/Src/stm32f1xx_hal_uart.c.obj
                0x08001264                HAL_UART_Init
 .text.HAL_UART_TxCpltCallback
                0x080012c4        0x2 CMakeFiles/ble.elf.dir/Drivers/STM32F1xx_HAL_Driver/Src/stm32f1xx_hal_uart.c.obj
                0x080012c4                HAL_UART_TxCpltCallback
 .text.UART_EndTransmit_IT
                0x080012c6       0x1a CMakeFiles/ble.elf.dir/Drivers/STM32F1xx_HAL_Driver/Src/stm32f1xx_hal_uart.c.obj
 .text.HAL_UART_RxCpltCallback
                0x080012e0        0x2 CMakeFiles/ble.elf.dir/Drivers/STM32F1xx_HAL_Driver/Src/stm32f1xx_hal_uart.c.obj
                0x080012e0                HAL_UART_RxCpltCallback
 .text.HAL_UART_ErrorCallback
                0x080012e2        0x2 CMakeFiles/ble.elf.dir/Drivers/STM32F1xx_HAL_Driver/Src/stm32f1xx_hal_uart.c.obj
                0x080012e2                HAL_UART_ErrorCallback
 .text.UART_DMAAbortOnError
                0x080012e4       0x10 CMakeFiles/ble.elf.dir/Drivers/STM32F1xx_HAL_Driver/Src/stm32f1xx_hal_uart.c.obj
 .text.HAL_UARTEx_RxEventCallback
                0x080012f4        0x2 CMakeFiles/ble.elf.dir/Drivers/STM32F1xx_HAL_Driver/Src/stm32f1xx_hal_uart.c.obj
                0x080012f4                HAL_UARTEx_RxEventCallback
 .text.UART_Receive_IT
                0x080012f6       0xe6 CMakeFiles/ble.elf.dir/Drivers/STM32F1xx_HAL_Driver/Src/stm32f1xx_hal_uart.c.obj
 .text.HAL_UART_IRQHandler
                0x080013dc      0x284 CMakeFiles/ble.elf.dir/Drivers/STM32F1xx_HAL_Driver/Src/stm32f1xx_hal_uart.c.obj
                0x080013dc                HAL_UART_IRQHandler
 .text.memset   0x08001660       0xa0 D:/arm-none-eabi/13.3 rel1/bin/../lib/gcc/arm-none-eabi/13.3.1/thumb/v7-m/nofp\libg.a(libc_a-memset.o)
                0x08001660                memset
 .text.__libc_init_array
                0x08001700       0x50 D:/arm-none-eabi/13.3 rel1/bin/../lib/gcc/arm-none-eabi/13.3.1/thumb/v7-m/nofp\libg.a(libc_a-init.o)
                0x08001700                __libc_init_array
 .text.__retarget_lock_acquire_recursive
                0x08001750        0x4 D:/arm-none-eabi/13.3 rel1/bin/../lib/gcc/arm-none-eabi/13.3.1/thumb/v7-m/nofp\libg.a(libc_a-lock.o)
                0x08001750                __retarget_lock_acquire_recursive
 .text.__retarget_lock_release_recursive
                0x08001754        0x4 D:/arm-none-eabi/13.3 rel1/bin/../lib/gcc/arm-none-eabi/13.3.1/thumb/v7-m/nofp\libg.a(libc_a-lock.o)
                0x08001754                __retarget_lock_release_recursive
 .text.startup.register_fini
                0x08001758       0x14 D:/arm-none-eabi/13.3 rel1/bin/../lib/gcc/arm-none-eabi/13.3.1/thumb/v7-m/nofp\libg.a(libc_a-__call_atexit.o)
 .text.atexit   0x0800176c        0xc D:/arm-none-eabi/13.3 rel1/bin/../lib/gcc/arm-none-eabi/13.3.1/thumb/v7-m/nofp\libg.a(libc_a-atexit.o)
                0x0800176c                atexit
 .text.__libc_fini_array
                0x08001778       0x28 D:/arm-none-eabi/13.3 rel1/bin/../lib/gcc/arm-none-eabi/13.3.1/thumb/v7-m/nofp\libg.a(libc_a-fini.o)
                0x08001778                __libc_fini_array
 .text.__register_exitproc
                0x080017a0       0x80 D:/arm-none-eabi/13.3 rel1/bin/../lib/gcc/arm-none-eabi/13.3.1/thumb/v7-m/nofp\libg.a(libc_a-__atexit.o)
                0x080017a0                __register_exitproc
 *(.glue_7)
 .glue_7        0x08001820        0x0 linker stubs
 *(.glue_7t)
 .glue_7t       0x08001820        0x0 linker stubs
 *(.eh_frame)
 .eh_frame      0x08001820        0x0 D:/arm-none-eabi/13.3 rel1/bin/../lib/gcc/arm-none-eabi/13.3.1/thumb/v7-m/nofp/crtbegin.o
 *(.init)
 .init          0x08001820        0x4 D:/arm-none-eabi/13.3 rel1/bin/../lib/gcc/arm-none-eabi/13.3.1/thumb/v7-m/nofp/crti.o
                0x08001820                _init
 .init          0x08001824        0x8 D:/arm-none-eabi/13.3 rel1/bin/../lib/gcc/arm-none-eabi/13.3.1/thumb/v7-m/nofp/crtn.o
 *(.fini)
 .fini          0x0800182c        0x4 D:/arm-none-eabi/13.3 rel1/bin/../lib/gcc/arm-none-eabi/13.3.1/thumb/v7-m/nofp/crti.o
                0x0800182c                _fini
 .fini          0x08001830        0x8 D:/arm-none-eabi/13.3 rel1/bin/../lib/gcc/arm-none-eabi/13.3.1/thumb/v7-m/nofp/crtn.o
                0x08001838                        . = ALIGN (0x4)
                0x08001838                        _etext = .

.vfp11_veneer   0x08001838        0x0
 .vfp11_veneer  0x08001838        0x0 linker stubs

.v4_bx          0x08001838        0x0
 .v4_bx         0x08001838        0x0 linker stubs

.iplt           0x08001838        0x0
 .iplt          0x08001838        0x0 D:/arm-none-eabi/13.3 rel1/bin/../lib/gcc/arm-none-eabi/13.3.1/thumb/v7-m/nofp/crtbegin.o

.rodata         0x08001838       0x2c
                0x08001838                        . = ALIGN (0x4)
 *(.rodata)
 *(.rodata*)
 .rodata.APBPrescTable
                0x08001838        0x8 CMakeFiles/ble.elf.dir/Core/Src/system_stm32f1xx.c.obj
                0x08001838                APBPrescTable
 .rodata.AHBPrescTable
                0x08001840       0x10 CMakeFiles/ble.elf.dir/Core/Src/system_stm32f1xx.c.obj
                0x08001840                AHBPrescTable
 .rodata.aPredivFactorTable.0
                0x08001850        0x2 CMakeFiles/ble.elf.dir/Drivers/STM32F1xx_HAL_Driver/Src/stm32f1xx_hal_rcc.c.obj
 *fill*         0x08001852        0x2 
 .rodata.aPLLMULFactorTable.1
                0x08001854       0x10 CMakeFiles/ble.elf.dir/Drivers/STM32F1xx_HAL_Driver/Src/stm32f1xx_hal_rcc.c.obj
                0x08001864                        . = ALIGN (0x4)

.ARM.extab      0x08001864        0x0
                0x08001864                        . = ALIGN (0x4)
 *(.ARM.extab* .gnu.linkonce.armextab.*)
                0x08001864                        . = ALIGN (0x4)

.ARM            0x08001864        0x0
                0x08001864                        . = ALIGN (0x4)
                0x08001864                        __exidx_start = .
 *(.ARM.exidx*)
                0x08001864                        __exidx_end = .
                0x08001864                        . = ALIGN (0x4)

.preinit_array  0x08001864        0x0
                0x08001864                        . = ALIGN (0x4)
                0x08001864                        PROVIDE (__preinit_array_start = .)
 *(.preinit_array*)
                0x08001864                        PROVIDE (__preinit_array_end = .)
                0x08001864                        . = ALIGN (0x4)

.init_array     0x08001864        0x8
                0x08001864                        . = ALIGN (0x4)
                0x08001864                        PROVIDE (__init_array_start = .)
 *(SORT_BY_NAME(.init_array.*))
 .init_array.00000
                0x08001864        0x4 D:/arm-none-eabi/13.3 rel1/bin/../lib/gcc/arm-none-eabi/13.3.1/thumb/v7-m/nofp\libg.a(libc_a-__call_atexit.o)
 *(.init_array*)
 .init_array    0x08001868        0x4 D:/arm-none-eabi/13.3 rel1/bin/../lib/gcc/arm-none-eabi/13.3.1/thumb/v7-m/nofp/crtbegin.o
                0x0800186c                        PROVIDE (__init_array_end = .)
                0x0800186c                        . = ALIGN (0x4)

.fini_array     0x0800186c        0x4
                0x0800186c                        . = ALIGN (0x4)
                0x0800186c                        PROVIDE (__fini_array_start = .)
 *(SORT_BY_NAME(.fini_array.*))
 *(.fini_array*)
 .fini_array    0x0800186c        0x4 D:/arm-none-eabi/13.3 rel1/bin/../lib/gcc/arm-none-eabi/13.3.1/thumb/v7-m/nofp/crtbegin.o
                0x08001870                        PROVIDE (__fini_array_end = .)
                0x08001870                        . = ALIGN (0x4)
                0x08001870                        _sidata = LOADADDR (.data)

.rel.dyn        0x08001870        0x0
 .rel.iplt      0x08001870        0x0 D:/arm-none-eabi/13.3 rel1/bin/../lib/gcc/arm-none-eabi/13.3.1/thumb/v7-m/nofp/crtbegin.o

.data           0x20000000       0x10 load address 0x08001870
                0x20000000                        . = ALIGN (0x4)
                0x20000000                        _sdata = .
 *(.data)
 *(.data*)
 .data.SystemCoreClock
                0x20000000        0x4 CMakeFiles/ble.elf.dir/Core/Src/system_stm32f1xx.c.obj
                0x20000000                SystemCoreClock
 .data.uwTickFreq
                0x20000004        0x1 CMakeFiles/ble.elf.dir/Drivers/STM32F1xx_HAL_Driver/Src/stm32f1xx_hal.c.obj
                0x20000004                uwTickFreq
 *fill*         0x20000005        0x3 
 .data.uwTickPrio
                0x20000008        0x4 CMakeFiles/ble.elf.dir/Drivers/STM32F1xx_HAL_Driver/Src/stm32f1xx_hal.c.obj
                0x20000008                uwTickPrio
 .data.__atexit_recursive_mutex
                0x2000000c        0x4 D:/arm-none-eabi/13.3 rel1/bin/../lib/gcc/arm-none-eabi/13.3.1/thumb/v7-m/nofp\libg.a(libc_a-__call_atexit.o)
                0x2000000c                __atexit_recursive_mutex
 *(.RamFunc)
 *(.RamFunc*)
                0x20000010                        . = ALIGN (0x4)
                0x20000010                        _edata = .

.tm_clone_table
                0x20000010        0x0 load address 0x08001880
 .tm_clone_table
                0x20000010        0x0 D:/arm-none-eabi/13.3 rel1/bin/../lib/gcc/arm-none-eabi/13.3.1/thumb/v7-m/nofp/crtbegin.o
 .tm_clone_table
                0x20000010        0x0 D:/arm-none-eabi/13.3 rel1/bin/../lib/gcc/arm-none-eabi/13.3.1/thumb/v7-m/nofp/crtend.o

.igot.plt       0x20000010        0x0 load address 0x08001880
 .igot.plt      0x20000010        0x0 D:/arm-none-eabi/13.3 rel1/bin/../lib/gcc/arm-none-eabi/13.3.1/thumb/v7-m/nofp/crtbegin.o
                0x20000010                        . = ALIGN (0x4)

.bss            0x20000010      0x288 load address 0x08001880
                0x20000010                        _sbss = .
                0x20000010                        __bss_start__ = _sbss
 *(.bss)
 *(.bss*)
 .bss.completed.1
                0x20000010        0x1 D:/arm-none-eabi/13.3 rel1/bin/../lib/gcc/arm-none-eabi/13.3.1/thumb/v7-m/nofp/crtbegin.o
 *fill*         0x20000011        0x3 
 .bss.object.0  0x20000014       0x18 D:/arm-none-eabi/13.3 rel1/bin/../lib/gcc/arm-none-eabi/13.3.1/thumb/v7-m/nofp/crtbegin.o
 .bss.hdma_usart3_rx
                0x2000002c       0x44 CMakeFiles/ble.elf.dir/Core/Src/usart.c.obj
                0x2000002c                hdma_usart3_rx
 .bss.hdma_usart3_tx
                0x20000070       0x44 CMakeFiles/ble.elf.dir/Core/Src/usart.c.obj
                0x20000070                hdma_usart3_tx
 .bss.huart3    0x200000b4       0x48 CMakeFiles/ble.elf.dir/Core/Src/usart.c.obj
                0x200000b4                huart3
 .bss.uwTick    0x200000fc        0x4 CMakeFiles/ble.elf.dir/Drivers/STM32F1xx_HAL_Driver/Src/stm32f1xx_hal.c.obj
                0x200000fc                uwTick
 .bss.__lock___atexit_recursive_mutex
                0x20000100        0x1 D:/arm-none-eabi/13.3 rel1/bin/../lib/gcc/arm-none-eabi/13.3.1/thumb/v7-m/nofp\libg.a(libc_a-lock.o)
                0x20000100                __lock___atexit_recursive_mutex
 *fill*         0x20000101        0x3 
 .bss.__atexit  0x20000104        0x4 D:/arm-none-eabi/13.3 rel1/bin/../lib/gcc/arm-none-eabi/13.3.1/thumb/v7-m/nofp\libg.a(libc_a-__call_atexit.o)
                0x20000104                __atexit
 .bss.__atexit0
                0x20000108      0x190 D:/arm-none-eabi/13.3 rel1/bin/../lib/gcc/arm-none-eabi/13.3.1/thumb/v7-m/nofp\libg.a(libc_a-__atexit.o)
                0x20000108                __atexit0
 *(COMMON)
                0x20000298                        . = ALIGN (0x4)
                0x20000298                        _ebss = .
                0x20000298                        __bss_end__ = _ebss

._user_heap_stack
                0x20000298      0x600 load address 0x08001880
                0x20000298                        . = ALIGN (0x8)
                [!provide]                        PROVIDE (end = .)
                0x20000298                        PROVIDE (_end = .)
                0x20000498                        . = (. + _Min_Heap_Size)
 *fill*         0x20000298      0x200 
                0x20000898                        . = (. + _Min_Stack_Size)
 *fill*         0x20000498      0x400 
                0x20000898                        . = ALIGN (0x8)

/DISCARD/
 libc.a(*)
 libm.a(*)
 libgcc.a(*)

.ARM.attributes
                0x00000000       0x29
 *(.ARM.attributes)
 .ARM.attributes
                0x00000000       0x1d D:/arm-none-eabi/13.3 rel1/bin/../lib/gcc/arm-none-eabi/13.3.1/thumb/v7-m/nofp/crti.o
 .ARM.attributes
                0x0000001d       0x2d D:/arm-none-eabi/13.3 rel1/bin/../lib/gcc/arm-none-eabi/13.3.1/thumb/v7-m/nofp/crtbegin.o
 .ARM.attributes
                0x0000004a       0x2d CMakeFiles/ble.elf.dir/Core/Src/dma.c.obj
 .ARM.attributes
                0x00000077       0x2d CMakeFiles/ble.elf.dir/Core/Src/gpio.c.obj
 .ARM.attributes
                0x000000a4       0x2d CMakeFiles/ble.elf.dir/Core/Src/main.c.obj
 .ARM.attributes
                0x000000d1       0x2d CMakeFiles/ble.elf.dir/Core/Src/stm32f1xx_hal_msp.c.obj
 .ARM.attributes
                0x000000fe       0x2d CMakeFiles/ble.elf.dir/Core/Src/stm32f1xx_it.c.obj
 .ARM.attributes
                0x0000012b       0x2d CMakeFiles/ble.elf.dir/Core/Src/system_stm32f1xx.c.obj
 .ARM.attributes
                0x00000158       0x2d CMakeFiles/ble.elf.dir/Core/Src/usart.c.obj
 .ARM.attributes
                0x00000185       0x21 CMakeFiles/ble.elf.dir/Core/Startup/startup_stm32f103c8tx.s.obj
 .ARM.attributes
                0x000001a6       0x2d CMakeFiles/ble.elf.dir/Drivers/STM32F1xx_HAL_Driver/Src/stm32f1xx_hal.c.obj
 .ARM.attributes
                0x000001d3       0x2d CMakeFiles/ble.elf.dir/Drivers/STM32F1xx_HAL_Driver/Src/stm32f1xx_hal_cortex.c.obj
 .ARM.attributes
                0x00000200       0x2d CMakeFiles/ble.elf.dir/Drivers/STM32F1xx_HAL_Driver/Src/stm32f1xx_hal_dma.c.obj
 .ARM.attributes
                0x0000022d       0x2d CMakeFiles/ble.elf.dir/Drivers/STM32F1xx_HAL_Driver/Src/stm32f1xx_hal_gpio.c.obj
 .ARM.attributes
                0x0000025a       0x2d CMakeFiles/ble.elf.dir/Drivers/STM32F1xx_HAL_Driver/Src/stm32f1xx_hal_rcc.c.obj
 .ARM.attributes
                0x00000287       0x2d CMakeFiles/ble.elf.dir/Drivers/STM32F1xx_HAL_Driver/Src/stm32f1xx_hal_uart.c.obj
 .ARM.attributes
                0x000002b4       0x2d D:/arm-none-eabi/13.3 rel1/bin/../lib/gcc/arm-none-eabi/13.3.1/thumb/v7-m/nofp\libg.a(libc_a-memset.o)
 .ARM.attributes
                0x000002e1       0x2d D:/arm-none-eabi/13.3 rel1/bin/../lib/gcc/arm-none-eabi/13.3.1/thumb/v7-m/nofp\libg.a(libc_a-init.o)
 .ARM.attributes
                0x0000030e       0x2d D:/arm-none-eabi/13.3 rel1/bin/../lib/gcc/arm-none-eabi/13.3.1/thumb/v7-m/nofp\libg.a(libc_a-lock.o)
 .ARM.attributes
                0x0000033b       0x2d D:/arm-none-eabi/13.3 rel1/bin/../lib/gcc/arm-none-eabi/13.3.1/thumb/v7-m/nofp\libg.a(libc_a-__call_atexit.o)
 .ARM.attributes
                0x00000368       0x2d D:/arm-none-eabi/13.3 rel1/bin/../lib/gcc/arm-none-eabi/13.3.1/thumb/v7-m/nofp\libg.a(libc_a-atexit.o)
 .ARM.attributes
                0x00000395       0x2d D:/arm-none-eabi/13.3 rel1/bin/../lib/gcc/arm-none-eabi/13.3.1/thumb/v7-m/nofp\libg.a(libc_a-fini.o)
 .ARM.attributes
                0x000003c2       0x2d D:/arm-none-eabi/13.3 rel1/bin/../lib/gcc/arm-none-eabi/13.3.1/thumb/v7-m/nofp\libg.a(libc_a-__atexit.o)
 .ARM.attributes
                0x000003ef       0x2d D:/arm-none-eabi/13.3 rel1/bin/../lib/gcc/arm-none-eabi/13.3.1/thumb/v7-m/nofp/crtend.o
 .ARM.attributes
                0x0000041c       0x1d D:/arm-none-eabi/13.3 rel1/bin/../lib/gcc/arm-none-eabi/13.3.1/thumb/v7-m/nofp/crtn.o
OUTPUT(ble.elf elf32-littlearm)
LOAD linker stubs
LOAD D:/arm-none-eabi/13.3 rel1/bin/../lib/gcc/arm-none-eabi/13.3.1/thumb/v7-m/nofp\libc.a
LOAD D:/arm-none-eabi/13.3 rel1/bin/../lib/gcc/arm-none-eabi/13.3.1/thumb/v7-m/nofp\libm.a
LOAD D:/arm-none-eabi/13.3 rel1/bin/../lib/gcc/arm-none-eabi/13.3.1/thumb/v7-m/nofp\libgcc.a

.debug_info     0x00000000     0x89ce
 .debug_info    0x00000000      0x32b CMakeFiles/ble.elf.dir/Core/Src/dma.c.obj
 .debug_info    0x0000032b      0x180 CMakeFiles/ble.elf.dir/Core/Src/gpio.c.obj
 .debug_info    0x000004ab      0x330 CMakeFiles/ble.elf.dir/Core/Src/main.c.obj
 .debug_info    0x000007db      0x1f4 CMakeFiles/ble.elf.dir/Core/Src/stm32f1xx_hal_msp.c.obj
 .debug_info    0x000009cf      0x665 CMakeFiles/ble.elf.dir/Core/Src/stm32f1xx_it.c.obj
 .debug_info    0x00001034      0x22d CMakeFiles/ble.elf.dir/Core/Src/system_stm32f1xx.c.obj
 .debug_info    0x00001261      0xa88 CMakeFiles/ble.elf.dir/Core/Src/usart.c.obj
 .debug_info    0x00001ce9       0x30 CMakeFiles/ble.elf.dir/Core/Startup/startup_stm32f103c8tx.s.obj
 .debug_info    0x00001d19      0x7a2 CMakeFiles/ble.elf.dir/Drivers/STM32F1xx_HAL_Driver/Src/stm32f1xx_hal.c.obj
 .debug_info    0x000024bb      0xcd9 CMakeFiles/ble.elf.dir/Drivers/STM32F1xx_HAL_Driver/Src/stm32f1xx_hal_cortex.c.obj
 .debug_info    0x00003194      0x7f2 CMakeFiles/ble.elf.dir/Drivers/STM32F1xx_HAL_Driver/Src/stm32f1xx_hal_dma.c.obj
 .debug_info    0x00003986      0x604 CMakeFiles/ble.elf.dir/Drivers/STM32F1xx_HAL_Driver/Src/stm32f1xx_hal_gpio.c.obj
 .debug_info    0x00003f8a      0x9c7 CMakeFiles/ble.elf.dir/Drivers/STM32F1xx_HAL_Driver/Src/stm32f1xx_hal_rcc.c.obj
 .debug_info    0x00004951     0x407d CMakeFiles/ble.elf.dir/Drivers/STM32F1xx_HAL_Driver/Src/stm32f1xx_hal_uart.c.obj

.debug_abbrev   0x00000000     0x1908
 .debug_abbrev  0x00000000      0x119 CMakeFiles/ble.elf.dir/Core/Src/dma.c.obj
 .debug_abbrev  0x00000119       0xc4 CMakeFiles/ble.elf.dir/Core/Src/gpio.c.obj
 .debug_abbrev  0x000001dd      0x18c CMakeFiles/ble.elf.dir/Core/Src/main.c.obj
 .debug_abbrev  0x00000369       0xed CMakeFiles/ble.elf.dir/Core/Src/stm32f1xx_hal_msp.c.obj
 .debug_abbrev  0x00000456      0x181 CMakeFiles/ble.elf.dir/Core/Src/stm32f1xx_it.c.obj
 .debug_abbrev  0x000005d7      0x143 CMakeFiles/ble.elf.dir/Core/Src/system_stm32f1xx.c.obj
 .debug_abbrev  0x0000071a      0x239 CMakeFiles/ble.elf.dir/Core/Src/usart.c.obj
 .debug_abbrev  0x00000953       0x24 CMakeFiles/ble.elf.dir/Core/Startup/startup_stm32f103c8tx.s.obj
 .debug_abbrev  0x00000977      0x22d CMakeFiles/ble.elf.dir/Drivers/STM32F1xx_HAL_Driver/Src/stm32f1xx_hal.c.obj
 .debug_abbrev  0x00000ba4      0x36d CMakeFiles/ble.elf.dir/Drivers/STM32F1xx_HAL_Driver/Src/stm32f1xx_hal_cortex.c.obj
 .debug_abbrev  0x00000f11      0x244 CMakeFiles/ble.elf.dir/Drivers/STM32F1xx_HAL_Driver/Src/stm32f1xx_hal_dma.c.obj
 .debug_abbrev  0x00001155      0x1f7 CMakeFiles/ble.elf.dir/Drivers/STM32F1xx_HAL_Driver/Src/stm32f1xx_hal_gpio.c.obj
 .debug_abbrev  0x0000134c      0x2a0 CMakeFiles/ble.elf.dir/Drivers/STM32F1xx_HAL_Driver/Src/stm32f1xx_hal_rcc.c.obj
 .debug_abbrev  0x000015ec      0x31c CMakeFiles/ble.elf.dir/Drivers/STM32F1xx_HAL_Driver/Src/stm32f1xx_hal_uart.c.obj

.debug_aranges  0x00000000      0x698
 .debug_aranges
                0x00000000       0x20 CMakeFiles/ble.elf.dir/Core/Src/dma.c.obj
 .debug_aranges
                0x00000020       0x20 CMakeFiles/ble.elf.dir/Core/Src/gpio.c.obj
 .debug_aranges
                0x00000040       0x30 CMakeFiles/ble.elf.dir/Core/Src/main.c.obj
 .debug_aranges
                0x00000070       0x20 CMakeFiles/ble.elf.dir/Core/Src/stm32f1xx_hal_msp.c.obj
 .debug_aranges
                0x00000090       0x78 CMakeFiles/ble.elf.dir/Core/Src/stm32f1xx_it.c.obj
 .debug_aranges
                0x00000108       0x28 CMakeFiles/ble.elf.dir/Core/Src/system_stm32f1xx.c.obj
 .debug_aranges
                0x00000130       0x30 CMakeFiles/ble.elf.dir/Core/Src/usart.c.obj
 .debug_aranges
                0x00000160       0x28 CMakeFiles/ble.elf.dir/Core/Startup/startup_stm32f103c8tx.s.obj
 .debug_aranges
                0x00000188       0xe0 CMakeFiles/ble.elf.dir/Drivers/STM32F1xx_HAL_Driver/Src/stm32f1xx_hal.c.obj
 .debug_aranges
                0x00000268       0xc0 CMakeFiles/ble.elf.dir/Drivers/STM32F1xx_HAL_Driver/Src/stm32f1xx_hal_cortex.c.obj
 .debug_aranges
                0x00000328       0x80 CMakeFiles/ble.elf.dir/Drivers/STM32F1xx_HAL_Driver/Src/stm32f1xx_hal_dma.c.obj
 .debug_aranges
                0x000003a8       0x58 CMakeFiles/ble.elf.dir/Drivers/STM32F1xx_HAL_Driver/Src/stm32f1xx_hal_gpio.c.obj
 .debug_aranges
                0x00000400       0x90 CMakeFiles/ble.elf.dir/Drivers/STM32F1xx_HAL_Driver/Src/stm32f1xx_hal_rcc.c.obj
 .debug_aranges
                0x00000490      0x208 CMakeFiles/ble.elf.dir/Drivers/STM32F1xx_HAL_Driver/Src/stm32f1xx_hal_uart.c.obj

.debug_rnglists
                0x00000000      0x4e9
 .debug_rnglists
                0x00000000       0x13 CMakeFiles/ble.elf.dir/Core/Src/dma.c.obj
 .debug_rnglists
                0x00000013       0x13 CMakeFiles/ble.elf.dir/Core/Src/gpio.c.obj
 .debug_rnglists
                0x00000026       0x1f CMakeFiles/ble.elf.dir/Core/Src/main.c.obj
 .debug_rnglists
                0x00000045       0x13 CMakeFiles/ble.elf.dir/Core/Src/stm32f1xx_hal_msp.c.obj
 .debug_rnglists
                0x00000058       0x55 CMakeFiles/ble.elf.dir/Core/Src/stm32f1xx_it.c.obj
 .debug_rnglists
                0x000000ad       0x1a CMakeFiles/ble.elf.dir/Core/Src/system_stm32f1xx.c.obj
 .debug_rnglists
                0x000000c7       0x20 CMakeFiles/ble.elf.dir/Core/Src/usart.c.obj
 .debug_rnglists
                0x000000e7       0x19 CMakeFiles/ble.elf.dir/Core/Startup/startup_stm32f103c8tx.s.obj
 .debug_rnglists
                0x00000100       0xa3 CMakeFiles/ble.elf.dir/Drivers/STM32F1xx_HAL_Driver/Src/stm32f1xx_hal.c.obj
 .debug_rnglists
                0x000001a3       0x8b CMakeFiles/ble.elf.dir/Drivers/STM32F1xx_HAL_Driver/Src/stm32f1xx_hal_cortex.c.obj
 .debug_rnglists
                0x0000022e       0x5e CMakeFiles/ble.elf.dir/Drivers/STM32F1xx_HAL_Driver/Src/stm32f1xx_hal_dma.c.obj
 .debug_rnglists
                0x0000028c       0x3f CMakeFiles/ble.elf.dir/Drivers/STM32F1xx_HAL_Driver/Src/stm32f1xx_hal_gpio.c.obj
 .debug_rnglists
                0x000002cb       0x7d CMakeFiles/ble.elf.dir/Drivers/STM32F1xx_HAL_Driver/Src/stm32f1xx_hal_rcc.c.obj
 .debug_rnglists
                0x00000348      0x1a1 CMakeFiles/ble.elf.dir/Drivers/STM32F1xx_HAL_Driver/Src/stm32f1xx_hal_uart.c.obj

.debug_line     0x00000000     0x6efa
 .debug_line    0x00000000      0x19d CMakeFiles/ble.elf.dir/Core/Src/dma.c.obj
 .debug_line    0x0000019d      0x153 CMakeFiles/ble.elf.dir/Core/Src/gpio.c.obj
 .debug_line    0x000002f0      0x2e1 CMakeFiles/ble.elf.dir/Core/Src/main.c.obj
 .debug_line    0x000005d1      0x161 CMakeFiles/ble.elf.dir/Core/Src/stm32f1xx_hal_msp.c.obj
 .debug_line    0x00000732      0x2e0 CMakeFiles/ble.elf.dir/Core/Src/stm32f1xx_it.c.obj
 .debug_line    0x00000a12      0x229 CMakeFiles/ble.elf.dir/Core/Src/system_stm32f1xx.c.obj
 .debug_line    0x00000c3b      0x3d6 CMakeFiles/ble.elf.dir/Core/Src/usart.c.obj
 .debug_line    0x00001011       0x78 CMakeFiles/ble.elf.dir/Core/Startup/startup_stm32f103c8tx.s.obj
 .debug_line    0x00001089      0x542 CMakeFiles/ble.elf.dir/Drivers/STM32F1xx_HAL_Driver/Src/stm32f1xx_hal.c.obj
 .debug_line    0x000015cb      0x6a3 CMakeFiles/ble.elf.dir/Drivers/STM32F1xx_HAL_Driver/Src/stm32f1xx_hal_cortex.c.obj
 .debug_line    0x00001c6e      0xaeb CMakeFiles/ble.elf.dir/Drivers/STM32F1xx_HAL_Driver/Src/stm32f1xx_hal_dma.c.obj
 .debug_line    0x00002759      0x5cc CMakeFiles/ble.elf.dir/Drivers/STM32F1xx_HAL_Driver/Src/stm32f1xx_hal_gpio.c.obj
 .debug_line    0x00002d25      0xca6 CMakeFiles/ble.elf.dir/Drivers/STM32F1xx_HAL_Driver/Src/stm32f1xx_hal_rcc.c.obj
 .debug_line    0x000039cb     0x352f CMakeFiles/ble.elf.dir/Drivers/STM32F1xx_HAL_Driver/Src/stm32f1xx_hal_uart.c.obj

.debug_str      0x00000000     0x20b4
 .debug_str     0x00000000     0x20b4 CMakeFiles/ble.elf.dir/Core/Src/dma.c.obj
                                0x508 (size before relaxing)
 .debug_str     0x000020b4      0x203 CMakeFiles/ble.elf.dir/Core/Src/gpio.c.obj
 .debug_str     0x000020b4      0x3a0 CMakeFiles/ble.elf.dir/Core/Src/main.c.obj
 .debug_str     0x000020b4      0x23d CMakeFiles/ble.elf.dir/Core/Src/stm32f1xx_hal_msp.c.obj
 .debug_str     0x000020b4      0x6de CMakeFiles/ble.elf.dir/Core/Src/stm32f1xx_it.c.obj
 .debug_str     0x000020b4      0x272 CMakeFiles/ble.elf.dir/Core/Src/system_stm32f1xx.c.obj
 .debug_str     0x000020b4      0xa45 CMakeFiles/ble.elf.dir/Core/Src/usart.c.obj
 .debug_str     0x000020b4       0x83 CMakeFiles/ble.elf.dir/Core/Startup/startup_stm32f103c8tx.s.obj
 .debug_str     0x000020b4      0x84c CMakeFiles/ble.elf.dir/Drivers/STM32F1xx_HAL_Driver/Src/stm32f1xx_hal.c.obj
 .debug_str     0x000020b4      0x8f1 CMakeFiles/ble.elf.dir/Drivers/STM32F1xx_HAL_Driver/Src/stm32f1xx_hal_cortex.c.obj
 .debug_str     0x000020b4      0x61b CMakeFiles/ble.elf.dir/Drivers/STM32F1xx_HAL_Driver/Src/stm32f1xx_hal_dma.c.obj
 .debug_str     0x000020b4      0x41e CMakeFiles/ble.elf.dir/Drivers/STM32F1xx_HAL_Driver/Src/stm32f1xx_hal_gpio.c.obj
 .debug_str     0x000020b4      0x649 CMakeFiles/ble.elf.dir/Drivers/STM32F1xx_HAL_Driver/Src/stm32f1xx_hal_rcc.c.obj
 .debug_str     0x000020b4      0xd12 CMakeFiles/ble.elf.dir/Drivers/STM32F1xx_HAL_Driver/Src/stm32f1xx_hal_uart.c.obj

.comment        0x00000000       0x45
 .comment       0x00000000       0x45 CMakeFiles/ble.elf.dir/Core/Src/dma.c.obj
                                 0x46 (size before relaxing)
 .comment       0x00000045       0x46 CMakeFiles/ble.elf.dir/Core/Src/gpio.c.obj
 .comment       0x00000045       0x46 CMakeFiles/ble.elf.dir/Core/Src/main.c.obj
 .comment       0x00000045       0x46 CMakeFiles/ble.elf.dir/Core/Src/stm32f1xx_hal_msp.c.obj
 .comment       0x00000045       0x46 CMakeFiles/ble.elf.dir/Core/Src/stm32f1xx_it.c.obj
 .comment       0x00000045       0x46 CMakeFiles/ble.elf.dir/Core/Src/system_stm32f1xx.c.obj
 .comment       0x00000045       0x46 CMakeFiles/ble.elf.dir/Core/Src/usart.c.obj
 .comment       0x00000045       0x46 CMakeFiles/ble.elf.dir/Drivers/STM32F1xx_HAL_Driver/Src/stm32f1xx_hal.c.obj
 .comment       0x00000045       0x46 CMakeFiles/ble.elf.dir/Drivers/STM32F1xx_HAL_Driver/Src/stm32f1xx_hal_cortex.c.obj
 .comment       0x00000045       0x46 CMakeFiles/ble.elf.dir/Drivers/STM32F1xx_HAL_Driver/Src/stm32f1xx_hal_dma.c.obj
 .comment       0x00000045       0x46 CMakeFiles/ble.elf.dir/Drivers/STM32F1xx_HAL_Driver/Src/stm32f1xx_hal_gpio.c.obj
 .comment       0x00000045       0x46 CMakeFiles/ble.elf.dir/Drivers/STM32F1xx_HAL_Driver/Src/stm32f1xx_hal_rcc.c.obj
 .comment       0x00000045       0x46 CMakeFiles/ble.elf.dir/Drivers/STM32F1xx_HAL_Driver/Src/stm32f1xx_hal_uart.c.obj

.debug_frame    0x00000000     0x112c
 .debug_frame   0x00000000       0x2c CMakeFiles/ble.elf.dir/Core/Src/dma.c.obj
 .debug_frame   0x0000002c       0x28 CMakeFiles/ble.elf.dir/Core/Src/gpio.c.obj
 .debug_frame   0x00000054       0x58 CMakeFiles/ble.elf.dir/Core/Src/main.c.obj
 .debug_frame   0x000000ac       0x28 CMakeFiles/ble.elf.dir/Core/Src/stm32f1xx_hal_msp.c.obj
 .debug_frame   0x000000d4       0xf0 CMakeFiles/ble.elf.dir/Core/Src/stm32f1xx_it.c.obj
 .debug_frame   0x000001c4       0x30 CMakeFiles/ble.elf.dir/Core/Src/system_stm32f1xx.c.obj
 .debug_frame   0x000001f4       0x64 CMakeFiles/ble.elf.dir/Core/Src/usart.c.obj
 .debug_frame   0x00000258      0x1cc CMakeFiles/ble.elf.dir/Drivers/STM32F1xx_HAL_Driver/Src/stm32f1xx_hal.c.obj
 .debug_frame   0x00000424      0x19c CMakeFiles/ble.elf.dir/Drivers/STM32F1xx_HAL_Driver/Src/stm32f1xx_hal_cortex.c.obj
 .debug_frame   0x000005c0      0x144 CMakeFiles/ble.elf.dir/Drivers/STM32F1xx_HAL_Driver/Src/stm32f1xx_hal_dma.c.obj
 .debug_frame   0x00000704       0xe4 CMakeFiles/ble.elf.dir/Drivers/STM32F1xx_HAL_Driver/Src/stm32f1xx_hal_gpio.c.obj
 .debug_frame   0x000007e8      0x184 CMakeFiles/ble.elf.dir/Drivers/STM32F1xx_HAL_Driver/Src/stm32f1xx_hal_rcc.c.obj
 .debug_frame   0x0000096c      0x5d4 CMakeFiles/ble.elf.dir/Drivers/STM32F1xx_HAL_Driver/Src/stm32f1xx_hal_uart.c.obj
 .debug_frame   0x00000f40       0x2c D:/arm-none-eabi/13.3 rel1/bin/../lib/gcc/arm-none-eabi/13.3.1/thumb/v7-m/nofp\libg.a(libc_a-memset.o)
 .debug_frame   0x00000f6c       0x2c D:/arm-none-eabi/13.3 rel1/bin/../lib/gcc/arm-none-eabi/13.3.1/thumb/v7-m/nofp\libg.a(libc_a-init.o)
 .debug_frame   0x00000f98       0xb0 D:/arm-none-eabi/13.3 rel1/bin/../lib/gcc/arm-none-eabi/13.3.1/thumb/v7-m/nofp\libg.a(libc_a-lock.o)
 .debug_frame   0x00001048       0x5c D:/arm-none-eabi/13.3 rel1/bin/../lib/gcc/arm-none-eabi/13.3.1/thumb/v7-m/nofp\libg.a(libc_a-__call_atexit.o)
 .debug_frame   0x000010a4       0x20 D:/arm-none-eabi/13.3 rel1/bin/../lib/gcc/arm-none-eabi/13.3.1/thumb/v7-m/nofp\libg.a(libc_a-atexit.o)
 .debug_frame   0x000010c4       0x34 D:/arm-none-eabi/13.3 rel1/bin/../lib/gcc/arm-none-eabi/13.3.1/thumb/v7-m/nofp\libg.a(libc_a-fini.o)
 .debug_frame   0x000010f8       0x34 D:/arm-none-eabi/13.3 rel1/bin/../lib/gcc/arm-none-eabi/13.3.1/thumb/v7-m/nofp\libg.a(libc_a-__atexit.o)

.debug_loclists
                0x00000000     0x417c
 .debug_loclists
                0x00000000       0x17 CMakeFiles/ble.elf.dir/Core/Src/stm32f1xx_hal_msp.c.obj
 .debug_loclists
                0x00000017       0xb7 CMakeFiles/ble.elf.dir/Core/Src/system_stm32f1xx.c.obj
 .debug_loclists
                0x000000ce       0x5c CMakeFiles/ble.elf.dir/Core/Src/usart.c.obj
 .debug_loclists
                0x0000012a       0xe1 CMakeFiles/ble.elf.dir/Drivers/STM32F1xx_HAL_Driver/Src/stm32f1xx_hal.c.obj
 .debug_loclists
                0x0000020b      0x530 CMakeFiles/ble.elf.dir/Drivers/STM32F1xx_HAL_Driver/Src/stm32f1xx_hal_cortex.c.obj
 .debug_loclists
                0x0000073b      0x562 CMakeFiles/ble.elf.dir/Drivers/STM32F1xx_HAL_Driver/Src/stm32f1xx_hal_dma.c.obj
 .debug_loclists
                0x00000c9d      0x318 CMakeFiles/ble.elf.dir/Drivers/STM32F1xx_HAL_Driver/Src/stm32f1xx_hal_gpio.c.obj
 .debug_loclists
                0x00000fb5      0x42e CMakeFiles/ble.elf.dir/Drivers/STM32F1xx_HAL_Driver/Src/stm32f1xx_hal_rcc.c.obj
 .debug_loclists
                0x000013e3     0x2d99 CMakeFiles/ble.elf.dir/Drivers/STM32F1xx_HAL_Driver/Src/stm32f1xx_hal_uart.c.obj

.debug_line_str
                0x00000000       0x67
 .debug_line_str
                0x00000000       0x67 CMakeFiles/ble.elf.dir/Core/Startup/startup_stm32f103c8tx.s.obj
