Archive member included to satisfy reference by file (symbol)

D:/arm-none-eabi/13.3 rel1/bin/../lib/gcc/arm-none-eabi/13.3.1/thumb/v7-m/nofp\libgcc.a(_arm_muldf3.o)
                              CMakeFiles/TIM_EXTERNAL.elf.dir/Core/Src/oled.c.obj (__aeabi_dmul)
D:/arm-none-eabi/13.3 rel1/bin/../lib/gcc/arm-none-eabi/13.3.1/thumb/v7-m/nofp\libgcc.a(_arm_addsubdf3.o)
                              CMakeFiles/TIM_EXTERNAL.elf.dir/Core/Src/oled.c.obj (__aeabi_dsub)
D:/arm-none-eabi/13.3 rel1/bin/../lib/gcc/arm-none-eabi/13.3.1/thumb/v7-m/nofp\libgcc.a(_arm_fixdfsi.o)
                              CMakeFiles/TIM_EXTERNAL.elf.dir/Core/Src/oled.c.obj (__aeabi_d2iz)
D:/arm-none-eabi/13.3 rel1/bin/../lib/gcc/arm-none-eabi/13.3.1/thumb/v7-m/nofp\libg.a(libc_a-exit.o)
                              D:/arm-none-eabi/13.3 rel1/bin/../lib/gcc/arm-none-eabi/13.3.1/thumb/v7-m/nofp/crt0.o (exit)
D:/arm-none-eabi/13.3 rel1/bin/../lib/gcc/arm-none-eabi/13.3.1/thumb/v7-m/nofp\libg.a(libc_a-findfp.o)
                              D:/arm-none-eabi/13.3 rel1/bin/../lib/gcc/arm-none-eabi/13.3.1/thumb/v7-m/nofp\libg.a(libc_a-exit.o) (__stdio_exit_handler)
D:/arm-none-eabi/13.3 rel1/bin/../lib/gcc/arm-none-eabi/13.3.1/thumb/v7-m/nofp\libg.a(libc_a-fwalk.o)
                              D:/arm-none-eabi/13.3 rel1/bin/../lib/gcc/arm-none-eabi/13.3.1/thumb/v7-m/nofp\libg.a(libc_a-findfp.o) (_fwalk_sglue)
D:/arm-none-eabi/13.3 rel1/bin/../lib/gcc/arm-none-eabi/13.3.1/thumb/v7-m/nofp\libg.a(libc_a-sprintf.o)
                              CMakeFiles/TIM_EXTERNAL.elf.dir/Core/Src/main.c.obj (sprintf)
D:/arm-none-eabi/13.3 rel1/bin/../lib/gcc/arm-none-eabi/13.3.1/thumb/v7-m/nofp\libg.a(libc_a-stdio.o)
                              D:/arm-none-eabi/13.3 rel1/bin/../lib/gcc/arm-none-eabi/13.3.1/thumb/v7-m/nofp\libg.a(libc_a-findfp.o) (__sread)
D:/arm-none-eabi/13.3 rel1/bin/../lib/gcc/arm-none-eabi/13.3.1/thumb/v7-m/nofp\libg.a(libc_a-memcmp.o)
                              CMakeFiles/TIM_EXTERNAL.elf.dir/Core/Src/oled.c.obj (memcmp)
D:/arm-none-eabi/13.3 rel1/bin/../lib/gcc/arm-none-eabi/13.3.1/thumb/v7-m/nofp\libg.a(libc_a-memset.o)
                              D:/arm-none-eabi/13.3 rel1/bin/../lib/gcc/arm-none-eabi/13.3.1/thumb/v7-m/nofp/crt0.o (memset)
D:/arm-none-eabi/13.3 rel1/bin/../lib/gcc/arm-none-eabi/13.3.1/thumb/v7-m/nofp\libg.a(libc_a-closer.o)
                              D:/arm-none-eabi/13.3 rel1/bin/../lib/gcc/arm-none-eabi/13.3.1/thumb/v7-m/nofp\libg.a(libc_a-stdio.o) (_close_r)
D:/arm-none-eabi/13.3 rel1/bin/../lib/gcc/arm-none-eabi/13.3.1/thumb/v7-m/nofp\libg.a(libc_a-reent.o)
                              D:/arm-none-eabi/13.3 rel1/bin/../lib/gcc/arm-none-eabi/13.3.1/thumb/v7-m/nofp\libg.a(libc_a-closer.o) (errno)
D:/arm-none-eabi/13.3 rel1/bin/../lib/gcc/arm-none-eabi/13.3.1/thumb/v7-m/nofp\libg.a(libc_a-impure.o)
                              D:/arm-none-eabi/13.3 rel1/bin/../lib/gcc/arm-none-eabi/13.3.1/thumb/v7-m/nofp\libg.a(libc_a-sprintf.o) (_impure_ptr)
D:/arm-none-eabi/13.3 rel1/bin/../lib/gcc/arm-none-eabi/13.3.1/thumb/v7-m/nofp\libg.a(libc_a-lseekr.o)
                              D:/arm-none-eabi/13.3 rel1/bin/../lib/gcc/arm-none-eabi/13.3.1/thumb/v7-m/nofp\libg.a(libc_a-stdio.o) (_lseek_r)
D:/arm-none-eabi/13.3 rel1/bin/../lib/gcc/arm-none-eabi/13.3.1/thumb/v7-m/nofp\libg.a(libc_a-readr.o)
                              D:/arm-none-eabi/13.3 rel1/bin/../lib/gcc/arm-none-eabi/13.3.1/thumb/v7-m/nofp\libg.a(libc_a-stdio.o) (_read_r)
D:/arm-none-eabi/13.3 rel1/bin/../lib/gcc/arm-none-eabi/13.3.1/thumb/v7-m/nofp\libg.a(libc_a-writer.o)
                              D:/arm-none-eabi/13.3 rel1/bin/../lib/gcc/arm-none-eabi/13.3.1/thumb/v7-m/nofp\libg.a(libc_a-stdio.o) (_write_r)
D:/arm-none-eabi/13.3 rel1/bin/../lib/gcc/arm-none-eabi/13.3.1/thumb/v7-m/nofp\libg.a(libc_a-errno.o)
                              CMakeFiles/TIM_EXTERNAL.elf.dir/Core/Src/syscalls.c.obj (__errno)
D:/arm-none-eabi/13.3 rel1/bin/../lib/gcc/arm-none-eabi/13.3.1/thumb/v7-m/nofp\libg.a(libc_a-init.o)
                              D:/arm-none-eabi/13.3 rel1/bin/../lib/gcc/arm-none-eabi/13.3.1/thumb/v7-m/nofp/crt0.o (__libc_init_array)
D:/arm-none-eabi/13.3 rel1/bin/../lib/gcc/arm-none-eabi/13.3.1/thumb/v7-m/nofp\libg.a(libc_a-lock.o)
                              D:/arm-none-eabi/13.3 rel1/bin/../lib/gcc/arm-none-eabi/13.3.1/thumb/v7-m/nofp\libg.a(libc_a-findfp.o) (__retarget_lock_init_recursive)
D:/arm-none-eabi/13.3 rel1/bin/../lib/gcc/arm-none-eabi/13.3.1/thumb/v7-m/nofp\libg.a(libc_a-memcpy.o)
                              CMakeFiles/TIM_EXTERNAL.elf.dir/Core/Src/oled.c.obj (memcpy)
D:/arm-none-eabi/13.3 rel1/bin/../lib/gcc/arm-none-eabi/13.3.1/thumb/v7-m/nofp\libg.a(libc_a-strlen-stub.o)
                              CMakeFiles/TIM_EXTERNAL.elf.dir/Core/Src/main.c.obj (strlen)
D:/arm-none-eabi/13.3 rel1/bin/../lib/gcc/arm-none-eabi/13.3.1/thumb/v7-m/nofp\libg.a(libc_a-__call_atexit.o)
[...]
Memory Configuration

Name             Origin             Length             Attributes
RAM              0x20000000         0x00005000         xrw
FLASH            0x08000000         0x00010000         xr
*default*        0x00000000         0xffffffff

Linker script and memory map

LOAD D:/arm-none-eabi/13.3 rel1/bin/../lib/gcc/arm-none-eabi/13.3.1/thumb/v7-m/nofp/crti.o
LOAD D:/arm-none-eabi/13.3 rel1/bin/../lib/gcc/arm-none-eabi/13.3.1/thumb/v7-m/nofp/crtbegin.o
LOAD D:/arm-none-eabi/13.3 rel1/bin/../lib/gcc/arm-none-eabi/13.3.1/thumb/v7-m/nofp/crt0.o
LOAD CMakeFiles/TIM_EXTERNAL.elf.dir/Core/Src/font.c.obj
LOAD CMakeFiles/TIM_EXTERNAL.elf.dir/Core/Src/gpio.c.obj
LOAD CMakeFiles/TIM_EXTERNAL.elf.dir/Core/Src/i2c.c.obj
LOAD CMakeFiles/TIM_EXTERNAL.elf.dir/Core/Src/main.c.obj
LOAD CMakeFiles/TIM_EXTERNAL.elf.dir/Core/Src/oled.c.obj
LOAD CMakeFiles/TIM_EXTERNAL.elf.dir/Core/Src/stm32f1xx_hal_msp.c.obj
LOAD CMakeFiles/TIM_EXTERNAL.elf.dir/Core/Src/stm32f1xx_it.c.obj
LOAD CMakeFiles/TIM_EXTERNAL.elf.dir/Core/Src/syscalls.c.obj
LOAD CMakeFiles/TIM_EXTERNAL.elf.dir/Core/Src/sysmem.c.obj
LOAD CMakeFiles/TIM_EXTERNAL.elf.dir/Core/Src/system_stm32f1xx.c.obj
LOAD CMakeFiles/TIM_EXTERNAL.elf.dir/Core/Src/tim.c.obj
LOAD CMakeFiles/TIM_EXTERNAL.elf.dir/Core/Src/usart.c.obj
LOAD CMakeFiles/TIM_EXTERNAL.elf.dir/Core/Startup/startup_stm32f103c8tx.s.obj
LOAD CMakeFiles/TIM_EXTERNAL.elf.dir/Drivers/STM32F1xx_HAL_Driver/Src/stm32f1xx_hal.c.obj
LOAD CMakeFiles/TIM_EXTERNAL.elf.dir/Drivers/STM32F1xx_HAL_Driver/Src/stm32f1xx_hal_cortex.c.obj
LOAD CMakeFiles/TIM_EXTERNAL.elf.dir/Drivers/STM32F1xx_HAL_Driver/Src/stm32f1xx_hal_dma.c.obj
LOAD CMakeFiles/TIM_EXTERNAL.elf.dir/Drivers/STM32F1xx_HAL_Driver/Src/stm32f1xx_hal_exti.c.obj
LOAD CMakeFiles/TIM_EXTERNAL.elf.dir/Drivers/STM32F1xx_HAL_Driver/Src/stm32f1xx_hal_flash.c.obj
LOAD CMakeFiles/TIM_EXTERNAL.elf.dir/Drivers/STM32F1xx_HAL_Driver/Src/stm32f1xx_hal_flash_ex.c.obj
LOAD CMakeFiles/TIM_EXTERNAL.elf.dir/Drivers/STM32F1xx_HAL_Driver/Src/stm32f1xx_hal_gpio.c.obj
LOAD CMakeFiles/TIM_EXTERNAL.elf.dir/Drivers/STM32F1xx_HAL_Driver/Src/stm32f1xx_hal_gpio_ex.c.obj
LOAD CMakeFiles/TIM_EXTERNAL.elf.dir/Drivers/STM32F1xx_HAL_Driver/Src/stm32f1xx_hal_i2c.c.obj
LOAD CMakeFiles/TIM_EXTERNAL.elf.dir/Drivers/STM32F1xx_HAL_Driver/Src/stm32f1xx_hal_pwr.c.obj
LOAD CMakeFiles/TIM_EXTERNAL.elf.dir/Drivers/STM32F1xx_HAL_Driver/Src/stm32f1xx_hal_rcc.c.obj
LOAD CMakeFiles/TIM_EXTERNAL.elf.dir/Drivers/STM32F1xx_HAL_Driver/Src/stm32f1xx_hal_rcc_ex.c.obj
LOAD CMakeFiles/TIM_EXTERNAL.elf.dir/Drivers/STM32F1xx_HAL_Driver/Src/stm32f1xx_hal_tim.c.obj
LOAD CMakeFiles/TIM_EXTERNAL.elf.dir/Drivers/STM32F1xx_HAL_Driver/Src/stm32f1xx_hal_tim_ex.c.obj
LOAD CMakeFiles/TIM_EXTERNAL.elf.dir/Drivers/STM32F1xx_HAL_Driver/Src/stm32f1xx_hal_uart.c.obj
START GROUP
LOAD D:/arm-none-eabi/13.3 rel1/bin/../lib/gcc/arm-none-eabi/13.3.1/thumb/v7-m/nofp\libgcc.a
LOAD D:/arm-none-eabi/13.3 rel1/bin/../lib/gcc/arm-none-eabi/13.3.1/thumb/v7-m/nofp\libg.a
LOAD D:/arm-none-eabi/13.3 rel1/bin/../lib/gcc/arm-none-eabi/13.3.1/thumb/v7-m/nofp\libc.a
END GROUP
LOAD D:/arm-none-eabi/13.3 rel1/bin/../lib/gcc/arm-none-eabi/13.3.1/thumb/v7-m/nofp/crtend.o
LOAD D:/arm-none-eabi/13.3 rel1/bin/../lib/gcc/arm-none-eabi/13.3.1/thumb/v7-m/nofp/crtn.o
                0x20005000                        _estack = (ORIGIN (RAM) + LENGTH (RAM))
                0x00000200                        _Min_Heap_Size = 0x200
                0x00000400                        _Min_Stack_Size = 0x400

.isr_vector     0x08000000      0x10c
                0x08000000                        . = ALIGN (0x4)
 *(.isr_vector)
 .isr_vector    0x08000000      0x10c CMakeFiles/TIM_EXTERNAL.elf.dir/Core/Startup/startup_stm32f103c8tx.s.obj
                0x08000000                g_pfnVectors
                0x0800010c                        . = ALIGN (0x4)

.text           0x08000110     0x8410
                0x08000110                        . = ALIGN (0x4)
 *(.text)
 .text          0x08000110      0x378 D:/arm-none-eabi/13.3 rel1/bin/../lib/gcc/arm-none-eabi/13.3.1/thumb/v7-m/nofp\libgcc.a(_arm_addsubdf3.o)
                0x08000110                __aeabi_drsub
                0x08000118                __aeabi_dsub
                0x08000118                __subdf3
                0x0800011c                __aeabi_dadd
                0x0800011c                __adddf3
                0x08000394                __floatunsidf
                0x08000394                __aeabi_ui2d
                0x080003b4                __floatsidf
                0x080003b4                __aeabi_i2d
                0x080003d8                __aeabi_f2d
                0x080003d8                __extendsfdf2
                0x0800041c                __floatundidf
                0x0800041c                __aeabi_ul2d
                0x0800042c                __floatdidf
                0x0800042c                __aeabi_l2d
 .text          0x08000488       0x50 D:/arm-none-eabi/13.3 rel1/bin/../lib/gcc/arm-none-eabi/13.3.1/thumb/v7-m/nofp\libgcc.a(_arm_fixdfsi.o)
                0x08000488                __aeabi_d2iz
                0x08000488                __fixdfsi
 .text          0x080004d8       0xec D:/arm-none-eabi/13.3 rel1/bin/../lib/gcc/arm-none-eabi/13.3.1/thumb/v7-m/nofp\libg.a(libc_a-memcpy.o)
                0x080004d8                memcpy
 .text          0x080005c4      0x424 D:/arm-none-eabi/13.3 rel1/bin/../lib/gcc/arm-none-eabi/13.3.1/thumb/v7-m/nofp\libgcc.a(_arm_muldivdf3.o)
                0x080005c4                __aeabi_dmul
                0x080005c4                __muldf3
                0x08000818                __divdf3
                0x08000818                __aeabi_ddiv
 .text          0x080009e8      0x110 D:/arm-none-eabi/13.3 rel1/bin/../lib/gcc/arm-none-eabi/13.3.1/thumb/v7-m/nofp\libgcc.a(_arm_cmpdf2.o)
                0x080009e8                __gtdf2
                0x080009e8                __gedf2
                0x080009f0                __ltdf2
                0x080009f0                __ledf2
                0x080009f8                __nedf2
                0x080009f8                __eqdf2
                0x080009f8                __cmpdf2
                0x08000a74                __aeabi_cdrcmple
                0x08000a84                __aeabi_cdcmpeq
                0x08000a84                __aeabi_cdcmple
                0x08000a94                __aeabi_dcmpeq
                0x08000aa8                __aeabi_dcmplt
                0x08000abc                __aeabi_dcmple
                0x08000ad0                __aeabi_dcmpge
                0x08000ae4                __aeabi_dcmpgt
 .text          0x08000af8       0x2c D:/arm-none-eabi/13.3 rel1/bin/../lib/gcc/arm-none-eabi/13.3.1/thumb/v7-m/nofp\libgcc.a(_arm_unorddf2.o)
                0x08000af8                __unorddf2
                0x08000af8                __aeabi_dcmpun
 *(.text*)
 .text.deregister_tm_clones
                0x08000b24       0x1c D:/arm-none-eabi/13.3 rel1/bin/../lib/gcc/arm-none-eabi/13.3.1/thumb/v7-m/nofp/crtbegin.o
 .text.register_tm_clones
                0x08000b40       0x24 D:/arm-none-eabi/13.3 rel1/bin/../lib/gcc/arm-none-eabi/13.3.1/thumb/v7-m/nofp/crtbegin.o
 .text.__do_global_dtors_aux
                0x08000b64       0x28 D:/arm-none-eabi/13.3 rel1/bin/../lib/gcc/arm-none-eabi/13.3.1/thumb/v7-m/nofp/crtbegin.o
 .text.frame_dummy
                0x08000b8c       0x24 D:/arm-none-eabi/13.3 rel1/bin/../lib/gcc/arm-none-eabi/13.3.1/thumb/v7-m/nofp/crtbegin.o
 .text.MX_GPIO_Init
                0x08000bb0       0x30 CMakeFiles/TIM_EXTERNAL.elf.dir/Core/Src/gpio.c.obj
                0x08000bb0                MX_GPIO_Init
 .text.MX_I2C1_Init
                0x08000be0       0x3c CMakeFiles/TIM_EXTERNAL.elf.dir/Core/Src/i2c.c.obj
                0x08000be0                MX_I2C1_Init
 .text.HAL_I2C_MspInit
                0x08000c1c       0x64 CMakeFiles/TIM_EXTERNAL.elf.dir/Core/Src/i2c.c.obj
                0x08000c1c                HAL_I2C_MspInit
 .text.HAL_TIM_PeriodElapsedCallback
                0x08000c80       0x2c CMakeFiles/TIM_EXTERNAL.elf.dir/Core/Src/main.c.obj
                0x08000c80                HAL_TIM_PeriodElapsedCallback
 .text.Error_Handler
                0x08000cac        0x4 CMakeFiles/TIM_EXTERNAL.elf.dir/Core/Src/main.c.obj
                0x08000cac                Error_Handler
 .text.SystemClock_Config
                0x08000cb0       0x52 CMakeFiles/TIM_EXTERNAL.elf.dir/Core/Src/main.c.obj
                0x08000cb0                SystemClock_Config
 *fill*         0x08000d02        0x2 
 .text.main     0x08000d04       0x64 CMakeFiles/TIM_EXTERNAL.elf.dir/Core/Src/main.c.obj
                0x08000d04                main
 .text.HAL_MspInit
                0x08000d68       0x44 CMakeFiles/TIM_EXTERNAL.elf.dir/Core/Src/stm32f1xx_hal_msp.c.obj
                0x08000d68                HAL_MspInit
 .text.NMI_Handler
                0x08000dac        0x2 CMakeFiles/TIM_EXTERNAL.elf.dir/Core/Src/stm32f1xx_it.c.obj
                0x08000dac                NMI_Handler
 .text.HardFault_Handler
                0x08000dae        0x2 CMakeFiles/TIM_EXTERNAL.elf.dir/Core/Src/stm32f1xx_it.c.obj
                0x08000dae                HardFault_Handler
 .text.MemManage_Handler
                0x08000db0        0x2 CMakeFiles/TIM_EXTERNAL.elf.dir/Core/Src/stm32f1xx_it.c.obj
                0x08000db0                MemManage_Handler
 .text.BusFault_Handler
                0x08000db2        0x2 CMakeFiles/TIM_EXTERNAL.elf.dir/Core/Src/stm32f1xx_it.c.obj
                0x08000db2                BusFault_Handler
 .text.UsageFault_Handler
                0x08000db4        0x2 CMakeFiles/TIM_EXTERNAL.elf.dir/Core/Src/stm32f1xx_it.c.obj
                0x08000db4                UsageFault_Handler
 .text.SVC_Handler
                0x08000db6        0x2 CMakeFiles/TIM_EXTERNAL.elf.dir/Core/Src/stm32f1xx_it.c.obj
                0x08000db6                SVC_Handler
 .text.DebugMon_Handler
                0x08000db8        0x2 CMakeFiles/TIM_EXTERNAL.elf.dir/Core/Src/stm32f1xx_it.c.obj
                0x08000db8                DebugMon_Handler
 .text.PendSV_Handler
                0x08000dba        0x2 CMakeFiles/TIM_EXTERNAL.elf.dir/Core/Src/stm32f1xx_it.c.obj
                0x08000dba                PendSV_Handler
 .text.SysTick_Handler
                0x08000dbc        0x8 CMakeFiles/TIM_EXTERNAL.elf.dir/Core/Src/stm32f1xx_it.c.obj
                0x08000dbc                SysTick_Handler
 .text.TIM2_IRQHandler
                0x08000dc4       0x10 CMakeFiles/TIM_EXTERNAL.elf.dir/Core/Src/stm32f1xx_it.c.obj
                0x08000dc4                TIM2_IRQHandler
 .text._getpid  0x08000dd4        0x4 CMakeFiles/TIM_EXTERNAL.elf.dir/Core/Src/syscalls.c.obj
                0x08000dd4                _getpid
 .text._kill    0x08000dd8       0x10 CMakeFiles/TIM_EXTERNAL.elf.dir/Core/Src/syscalls.c.obj
                0x08000dd8                _kill
 .text._exit    0x08000de8        0xc CMakeFiles/TIM_EXTERNAL.elf.dir/Core/Src/syscalls.c.obj
                0x08000de8                _exit
 .text._read    0x08000df4       0x20 CMakeFiles/TIM_EXTERNAL.elf.dir/Core/Src/syscalls.c.obj
                0x08000df4                _read
 .text._write   0x08000e14       0x1c CMakeFiles/TIM_EXTERNAL.elf.dir/Core/Src/syscalls.c.obj
                0x08000e14                _write
 .text._close   0x08000e30        0x6 CMakeFiles/TIM_EXTERNAL.elf.dir/Core/Src/syscalls.c.obj
                0x08000e30                _close
 .text._fstat   0x08000e36        0xa CMakeFiles/TIM_EXTERNAL.elf.dir/Core/Src/syscalls.c.obj
                0x08000e36                _fstat
 .text._isatty  0x08000e40        0x4 CMakeFiles/TIM_EXTERNAL.elf.dir/Core/Src/syscalls.c.obj
                0x08000e40                _isatty
 .text._lseek   0x08000e44        0x4 CMakeFiles/TIM_EXTERNAL.elf.dir/Core/Src/syscalls.c.obj
                0x08000e44                _lseek
 .text._sbrk    0x08000e48       0x48 CMakeFiles/TIM_EXTERNAL.elf.dir/Core/Src/sysmem.c.obj
                0x08000e48                _sbrk
 .text.SystemInit
                0x08000e90        0x2 CMakeFiles/TIM_EXTERNAL.elf.dir/Core/Src/system_stm32f1xx.c.obj
                0x08000e90                SystemInit
 *fill*         0x08000e92        0x2 
 .text.MX_TIM2_Init
                0x08000e94       0x98 CMakeFiles/TIM_EXTERNAL.elf.dir/Core/Src/tim.c.obj
                0x08000e94                MX_TIM2_Init
 .text.HAL_TIM_Base_MspInit
                0x08000f2c       0x68 CMakeFiles/TIM_EXTERNAL.elf.dir/Core/Src/tim.c.obj
                0x08000f2c                HAL_TIM_Base_MspInit
 .text.MX_USART2_UART_Init
                0x08000f94       0x34 CMakeFiles/TIM_EXTERNAL.elf.dir/Core/Src/usart.c.obj
                0x08000f94                MX_USART2_UART_Init
 .text.HAL_UART_MspInit
                0x08000fc8       0x74 CMakeFiles/TIM_EXTERNAL.elf.dir/Core/Src/usart.c.obj
                0x08000fc8                HAL_UART_MspInit
 .text.Reset_Handler
                0x0800103c       0x48 CMakeFiles/TIM_EXTERNAL.elf.dir/Core/Startup/startup_stm32f103c8tx.s.obj
                0x0800103c                Reset_Handler
 .text.Default_Handler
                0x08001084        0x2 CMakeFiles/TIM_EXTERNAL.elf.dir/Core/Startup/startup_stm32f103c8tx.s.obj
                0x08001084                RTC_Alarm_IRQHandler
                0x08001084                EXTI2_IRQHandler
                0x08001084                TIM1_CC_IRQHandler
                0x08001084                PVD_IRQHandler
                0x08001084                EXTI3_IRQHandler
                0x08001084                EXTI0_IRQHandler
                0x08001084                I2C2_EV_IRQHandler
                0x08001084                ADC1_2_IRQHandler
                0x08001084                SPI1_IRQHandler
                0x08001084                TAMPER_IRQHandler
                0x08001084                DMA1_Channel4_IRQHandler
                0x08001084                USART3_IRQHandler
                0x08001084                RTC_IRQHandler
                0x08001084                DMA1_Channel7_IRQHandler
                0x08001084                CAN1_RX1_IRQHandler
                0x08001084                TIM4_IRQHandler
                0x08001084                I2C1_EV_IRQHandler
                0x08001084                DMA1_Channel6_IRQHandler
                0x08001084                TIM3_IRQHandler
                0x08001084                RCC_IRQHandler
                0x08001084                TIM1_TRG_COM_IRQHandler
                0x08001084                DMA1_Channel1_IRQHandler
                0x08001084                Default_Handler
                0x08001084                EXTI15_10_IRQHandler
                0x08001084                EXTI9_5_IRQHandler
                0x08001084                SPI2_IRQHandler
                0x08001084                DMA1_Channel5_IRQHandler
                0x08001084                EXTI4_IRQHandler
                0x08001084                USB_LP_CAN1_RX0_IRQHandler
                0x08001084                USB_HP_CAN1_TX_IRQHandler
                0x08001084                DMA1_Channel3_IRQHandler
                0x08001084                TIM1_UP_IRQHandler
                0x08001084                WWDG_IRQHandler
                0x08001084                TIM1_BRK_IRQHandler
                0x08001084                EXTI1_IRQHandler
                0x08001084                USART2_IRQHandler
                0x08001084                I2C2_ER_IRQHandler
                0x08001084                DMA1_Channel2_IRQHandler
                0x08001084                CAN1_SCE_IRQHandler
                0x08001084                FLASH_IRQHandler
                0x08001084                USART1_IRQHandler
                0x08001084                I2C1_ER_IRQHandler
                0x08001084                USBWakeUp_IRQHandler
 *fill*         0x08001086        0x2 
 .text.HAL_InitTick
                0x08001088       0x4c CMakeFiles/TIM_EXTERNAL.elf.dir/Drivers/STM32F1xx_HAL_Driver/Src/stm32f1xx_hal.c.obj
                0x08001088                HAL_InitTick
 .text.HAL_Init
                0x080010d4       0x24 CMakeFiles/TIM_EXTERNAL.elf.dir/Drivers/STM32F1xx_HAL_Driver/Src/stm32f1xx_hal.c.obj
                0x080010d4                HAL_Init
 .text.HAL_IncTick
                0x080010f8       0x18 CMakeFiles/TIM_EXTERNAL.elf.dir/Drivers/STM32F1xx_HAL_Driver/Src/stm32f1xx_hal.c.obj
                0x080010f8                HAL_IncTick
 .text.HAL_GetTick
                0x08001110        0xc CMakeFiles/TIM_EXTERNAL.elf.dir/Drivers/STM32F1xx_HAL_Driver/Src/stm32f1xx_hal.c.obj
                0x08001110                HAL_GetTick
 .text.HAL_Delay
                0x0800111c       0x28 CMakeFiles/TIM_EXTERNAL.elf.dir/Drivers/STM32F1xx_HAL_Driver/Src/stm32f1xx_hal.c.obj
                0x0800111c                HAL_Delay
 .text.__NVIC_SetPriority
                0x08001144       0x28 CMakeFiles/TIM_EXTERNAL.elf.dir/Drivers/STM32F1xx_HAL_Driver/Src/stm32f1xx_hal_cortex.c.obj
 .text.NVIC_EncodePriority
                0x0800116c       0x3e CMakeFiles/TIM_EXTERNAL.elf.dir/Drivers/STM32F1xx_HAL_Driver/Src/stm32f1xx_hal_cortex.c.obj
 *fill*         0x080011aa        0x2 
 .text.HAL_NVIC_SetPriorityGrouping
                0x080011ac       0x24 CMakeFiles/TIM_EXTERNAL.elf.dir/Drivers/STM32F1xx_HAL_Driver/Src/stm32f1xx_hal_cortex.c.obj
                0x080011ac                HAL_NVIC_SetPriorityGrouping
 .text.HAL_NVIC_SetPriority
                0x080011d0       0x20 CMakeFiles/TIM_EXTERNAL.elf.dir/Drivers/STM32F1xx_HAL_Driver/Src/stm32f1xx_hal_cortex.c.obj
                0x080011d0                HAL_NVIC_SetPriority
 .text.HAL_NVIC_EnableIRQ
                0x080011f0       0x1c CMakeFiles/TIM_EXTERNAL.elf.dir/Drivers/STM32F1xx_HAL_Driver/Src/stm32f1xx_hal_cortex.c.obj
                0x080011f0                HAL_NVIC_EnableIRQ
 .text.HAL_SYSTICK_Config
                0x0800120c       0x28 CMakeFiles/TIM_EXTERNAL.elf.dir/Drivers/STM32F1xx_HAL_Driver/Src/stm32f1xx_hal_cortex.c.obj
                0x0800120c                HAL_SYSTICK_Config
 .text.HAL_GPIO_Init
                0x08001234      0x21c CMakeFiles/TIM_EXTERNAL.elf.dir/Drivers/STM32F1xx_HAL_Driver/Src/stm32f1xx_hal_gpio.c.obj
                0x08001234                HAL_GPIO_Init
 .text.HAL_I2C_Init
                0x08001450      0x1bc CMakeFiles/TIM_EXTERNAL.elf.dir/Drivers/STM32F1xx_HAL_Driver/Src/stm32f1xx_hal_i2c.c.obj
                0x08001450                HAL_I2C_Init
 .text.RCC_Delay
                0x0800160c       0x2c CMakeFiles/TIM_EXTERNAL.elf.dir/Drivers/STM32F1xx_HAL_Driver/Src/stm32f1xx_hal_rcc.c.obj
 .text.HAL_RCC_OscConfig
                0x08001638      0x410 CMakeFiles/TIM_EXTERNAL.elf.dir/Drivers/STM32F1xx_HAL_Driver/Src/stm32f1xx_hal_rcc.c.obj
                0x08001638                HAL_RCC_OscConfig
 .text.HAL_RCC_GetSysClockFreq
                0x08001a48       0x54 CMakeFiles/TIM_EXTERNAL.elf.dir/Drivers/STM32F1xx_HAL_Driver/Src/stm32f1xx_hal_rcc.c.obj
                0x08001a48                HAL_RCC_GetSysClockFreq
 .text.HAL_RCC_ClockConfig
                0x08001a9c      0x16c CMakeFiles/TIM_EXTERNAL.elf.dir/Drivers/STM32F1xx_HAL_Driver/Src/stm32f1xx_hal_rcc.c.obj
                0x08001a9c                HAL_RCC_ClockConfig
 .text.HAL_RCC_GetHCLKFreq
                0x08001c08        0xc CMakeFiles/TIM_EXTERNAL.elf.dir/Drivers/STM32F1xx_HAL_Driver/Src/stm32f1xx_hal_rcc.c.obj
                0x08001c08                HAL_RCC_GetHCLKFreq
 .text.HAL_RCC_GetPCLK1Freq
                0x08001c14       0x20 CMakeFiles/TIM_EXTERNAL.elf.dir/Drivers/STM32F1xx_HAL_Driver/Src/stm32f1xx_hal_rcc.c.obj
                0x08001c14                HAL_RCC_GetPCLK1Freq
 .text.HAL_RCC_GetPCLK2Freq
                0x08001c34       0x20 CMakeFiles/TIM_EXTERNAL.elf.dir/Drivers/STM32F1xx_HAL_Driver/Src/stm32f1xx_hal_rcc.c.obj
                0x08001c34                HAL_RCC_GetPCLK2Freq
 .text.TIM_TI1_ConfigInputStage
                0x08001c54       0x24 CMakeFiles/TIM_EXTERNAL.elf.dir/Drivers/STM32F1xx_HAL_Driver/Src/stm32f1xx_hal_tim.c.obj
 .text.TIM_TI2_ConfigInputStage
                0x08001c78       0x26 CMakeFiles/TIM_EXTERNAL.elf.dir/Drivers/STM32F1xx_HAL_Driver/Src/stm32f1xx_hal_tim.c.obj
 .text.TIM_ITRx_SetConfig
                0x08001c9e       0x10 CMakeFiles/TIM_EXTERNAL.elf.dir/Drivers/STM32F1xx_HAL_Driver/Src/stm32f1xx_hal_tim.c.obj
 *fill*         0x08001cae        0x2 
 .text.HAL_TIM_Base_Start
                0x08001cb0       0x5c CMakeFiles/TIM_EXTERNAL.elf.dir/Drivers/STM32F1xx_HAL_Driver/Src/stm32f1xx_hal_tim.c.obj
                0x08001cb0                HAL_TIM_Base_Start
 .text.HAL_TIM_OC_DelayElapsedCallback
                0x08001d0c        0x2 CMakeFiles/TIM_EXTERNAL.elf.dir/Drivers/STM32F1xx_HAL_Driver/Src/stm32f1xx_hal_tim.c.obj
                0x08001d0c                HAL_TIM_OC_DelayElapsedCallback
 .text.HAL_TIM_IC_CaptureCallback
                0x08001d0e        0x2 CMakeFiles/TIM_EXTERNAL.elf.dir/Drivers/STM32F1xx_HAL_Driver/Src/stm32f1xx_hal_tim.c.obj
                0x08001d0e                HAL_TIM_IC_CaptureCallback
 .text.HAL_TIM_PWM_PulseFinishedCallback
                0x08001d10        0x2 CMakeFiles/TIM_EXTERNAL.elf.dir/Drivers/STM32F1xx_HAL_Driver/Src/stm32f1xx_hal_tim.c.obj
                0x08001d10                HAL_TIM_PWM_PulseFinishedCallback
 .text.HAL_TIM_TriggerCallback
                0x08001d12        0x2 CMakeFiles/TIM_EXTERNAL.elf.dir/Drivers/STM32F1xx_HAL_Driver/Src/stm32f1xx_hal_tim.c.obj
                0x08001d12                HAL_TIM_TriggerCallback
 .text.HAL_TIM_IRQHandler
                0x08001d14      0x17a CMakeFiles/TIM_EXTERNAL.elf.dir/Drivers/STM32F1xx_HAL_Driver/Src/stm32f1xx_hal_tim.c.obj
                0x08001d14                HAL_TIM_IRQHandler
 *fill*         0x08001e8e        0x2 
 .text.TIM_Base_SetConfig
                0x08001e90       0x74 CMakeFiles/TIM_EXTERNAL.elf.dir/Drivers/STM32F1xx_HAL_Driver/Src/stm32f1xx_hal_tim.c.obj
                0x08001e90                TIM_Base_SetConfig
 .text.HAL_TIM_Base_Init
                0x08001f04       0x58 CMakeFiles/TIM_EXTERNAL.elf.dir/Drivers/STM32F1xx_HAL_Driver/Src/stm32f1xx_hal_tim.c.obj
                0x08001f04                HAL_TIM_Base_Init
 .text.TIM_ETR_SetConfig
                0x08001f5c       0x18 CMakeFiles/TIM_EXTERNAL.elf.dir/Drivers/STM32F1xx_HAL_Driver/Src/stm32f1xx_hal_tim.c.obj
                0x08001f5c                TIM_ETR_SetConfig
 .text.HAL_TIM_ConfigClockSource
                0x08001f74       0xfe CMakeFiles/TIM_EXTERNAL.elf.dir/Drivers/STM32F1xx_HAL_Driver/Src/stm32f1xx_hal_tim.c.obj
                0x08001f74                HAL_TIM_ConfigClockSource
 .text.TIM_SlaveTimer_SetConfig
                0x08002072       0xb8 CMakeFiles/TIM_EXTERNAL.elf.dir/Drivers/STM32F1xx_HAL_Driver/Src/stm32f1xx_hal_tim.c.obj
 .text.HAL_TIM_SlaveConfigSynchro
                0x0800212a       0x52 CMakeFiles/TIM_EXTERNAL.elf.dir/Drivers/STM32F1xx_HAL_Driver/Src/stm32f1xx_hal_tim.c.obj
                0x0800212a                HAL_TIM_SlaveConfigSynchro
 .text.HAL_TIMEx_MasterConfigSynchronization
                0x0800217c       0x6c CMakeFiles/TIM_EXTERNAL.elf.dir/Drivers/STM32F1xx_HAL_Driver/Src/stm32f1xx_hal_tim_ex.c.obj
                0x0800217c                HAL_TIMEx_MasterConfigSynchronization
 .text.HAL_TIMEx_CommutCallback
                0x080021e8        0x2 CMakeFiles/TIM_EXTERNAL.elf.dir/Drivers/STM32F1xx_HAL_Driver/Src/stm32f1xx_hal_tim_ex.c.obj
                0x080021e8                HAL_TIMEx_CommutCallback
 .text.HAL_TIMEx_BreakCallback
                0x080021ea        0x2 CMakeFiles/TIM_EXTERNAL.elf.dir/Drivers/STM32F1xx_HAL_Driver/Src/stm32f1xx_hal_tim_ex.c.obj
                0x080021ea                HAL_TIMEx_BreakCallback
 .text.UART_SetConfig
                0x080021ec       0x94 CMakeFiles/TIM_EXTERNAL.elf.dir/Drivers/STM32F1xx_HAL_Driver/Src/stm32f1xx_hal_uart.c.obj
 .text.UART_WaitOnFlagUntilTimeout
                0x08002280       0x84 CMakeFiles/TIM_EXTERNAL.elf.dir/Drivers/STM32F1xx_HAL_Driver/Src/stm32f1xx_hal_uart.c.obj
 .text.HAL_UART_Init
                0x08002304       0x60 CMakeFiles/TIM_EXTERNAL.elf.dir/Drivers/STM32F1xx_HAL_Driver/Src/stm32f1xx_hal_uart.c.obj
                0x08002304                HAL_UART_Init
 .text.HAL_UART_Transmit
                0x08002364       0xbe CMakeFiles/TIM_EXTERNAL.elf.dir/Drivers/STM32F1xx_HAL_Driver/Src/stm32f1xx_hal_uart.c.obj
                0x08002364                HAL_UART_Transmit
 *fill*         0x08002422        0x2 
 .text.stdio_exit_handler
                0x08002424       0x18 D:/arm-none-eabi/13.3 rel1/bin/../lib/gcc/arm-none-eabi/13.3.1/thumb/v7-m/nofp\libg.a(libc_a-findfp.o)
 .text.cleanup_stdio
                0x0800243c       0x40 D:/arm-none-eabi/13.3 rel1/bin/../lib/gcc/arm-none-eabi/13.3.1/thumb/v7-m/nofp\libg.a(libc_a-findfp.o)
 .text.global_stdio_init.part.0
                0x0800247c       0xf0 D:/arm-none-eabi/13.3 rel1/bin/../lib/gcc/arm-none-eabi/13.3.1/thumb/v7-m/nofp\libg.a(libc_a-findfp.o)
 .text.__sinit  0x0800256c       0x3c D:/arm-none-eabi/13.3 rel1/bin/../lib/gcc/arm-none-eabi/13.3.1/thumb/v7-m/nofp\libg.a(libc_a-findfp.o)
                0x0800256c                __sinit
 .text.__sfp_lock_acquire
                0x080025a8        0xc D:/arm-none-eabi/13.3 rel1/bin/../lib/gcc/arm-none-eabi/13.3.1/thumb/v7-m/nofp\libg.a(libc_a-findfp.o)
                0x080025a8                __sfp_lock_acquire
 .text.__sfp_lock_release
                0x080025b4        0xc D:/arm-none-eabi/13.3 rel1/bin/../lib/gcc/arm-none-eabi/13.3.1/thumb/v7-m/nofp\libg.a(libc_a-findfp.o)
                0x080025b4                __sfp_lock_release
 .text._fwalk_sglue
                0x080025c0       0x44 D:/arm-none-eabi/13.3 rel1/bin/../lib/gcc/arm-none-eabi/13.3.1/thumb/v7-m/nofp\libg.a(libc_a-fwalk.o)
                0x080025c0                _fwalk_sglue
 .text.sprintf  0x08002604       0x44 D:/arm-none-eabi/13.3 rel1/bin/../lib/gcc/arm-none-eabi/13.3.1/thumb/v7-m/nofp\libg.a(libc_a-sprintf.o)
                0x08002604                sprintf
 .text.__sread  0x08002648       0x24 D:/arm-none-eabi/13.3 rel1/bin/../lib/gcc/arm-none-eabi/13.3.1/thumb/v7-m/nofp\libg.a(libc_a-stdio.o)
                0x08002648                __sread
 .text.__swrite
                0x0800266c       0x40 D:/arm-none-eabi/13.3 rel1/bin/../lib/gcc/arm-none-eabi/13.3.1/thumb/v7-m/nofp\libg.a(libc_a-stdio.o)
                0x0800266c                __swrite
 .text.__sseek  0x080026ac       0x24 D:/arm-none-eabi/13.3 rel1/bin/../lib/gcc/arm-none-eabi/13.3.1/thumb/v7-m/nofp\libg.a(libc_a-stdio.o)
                0x080026ac                __sseek
 .text.__sclose
                0x080026d0        0x8 D:/arm-none-eabi/13.3 rel1/bin/../lib/gcc/arm-none-eabi/13.3.1/thumb/v7-m/nofp\libg.a(libc_a-stdio.o)
                0x080026d0                __sclose
 .text.memset   0x080026d8       0xa0 D:/arm-none-eabi/13.3 rel1/bin/../lib/gcc/arm-none-eabi/13.3.1/thumb/v7-m/nofp\libg.a(libc_a-memset.o)
                0x080026d8                memset
 .text._close_r
                0x08002778       0x24 D:/arm-none-eabi/13.3 rel1/bin/../lib/gcc/arm-none-eabi/13.3.1/thumb/v7-m/nofp\libg.a(libc_a-closer.o)
                0x08002778                _close_r
 .text._lseek_r
                0x0800279c       0x2c D:/arm-none-eabi/13.3 rel1/bin/../lib/gcc/arm-none-eabi/13.3.1/thumb/v7-m/nofp\libg.a(libc_a-lseekr.o)
                0x0800279c                _lseek_r
 .text._read_r  0x080027c8       0x2c D:/arm-none-eabi/13.3 rel1/bin/../lib/gcc/arm-none-eabi/13.3.1/thumb/v7-m/nofp\libg.a(libc_a-readr.o)
                0x080027c8                _read_r
 .text._write_r
                0x080027f4       0x2c D:/arm-none-eabi/13.3 rel1/bin/../lib/gcc/arm-none-eabi/13.3.1/thumb/v7-m/nofp\libg.a(libc_a-writer.o)
                0x080027f4                _write_r
 .text.__errno  0x08002820        0xc D:/arm-none-eabi/13.3 rel1/bin/../lib/gcc/arm-none-eabi/13.3.1/thumb/v7-m/nofp\libg.a(libc_a-errno.o)
                0x08002820                __errno
 .text.__libc_init_array
                0x0800282c       0x50 D:/arm-none-eabi/13.3 rel1/bin/../lib/gcc/arm-none-eabi/13.3.1/thumb/v7-m/nofp\libg.a(libc_a-init.o)
                0x0800282c                __libc_init_array
 .text.__retarget_lock_init_recursive
                0x0800287c        0x4 D:/arm-none-eabi/13.3 rel1/bin/../lib/gcc/arm-none-eabi/13.3.1/thumb/v7-m/nofp\libg.a(libc_a-lock.o)
                0x0800287c                __retarget_lock_init_recursive
 .text.__retarget_lock_close_recursive
                0x08002880        0x4 D:/arm-none-eabi/13.3 rel1/bin/../lib/gcc/arm-none-eabi/13.3.1/thumb/v7-m/nofp\libg.a(libc_a-lock.o)
                0x08002880                __retarget_lock_close_recursive
 .text.__retarget_lock_acquire_recursive
                0x08002884        0x4 D:/arm-none-eabi/13.3 rel1/bin/../lib/gcc/arm-none-eabi/13.3.1/thumb/v7-m/nofp\libg.a(libc_a-lock.o)
                0x08002884                __retarget_lock_acquire_recursive
 .text.__retarget_lock_release_recursive
                0x08002888        0x4 D:/arm-none-eabi/13.3 rel1/bin/../lib/gcc/arm-none-eabi/13.3.1/thumb/v7-m/nofp\libg.a(libc_a-lock.o)
                0x08002888                __retarget_lock_release_recursive
 .text.strlen   0x0800288c       0x5c D:/arm-none-eabi/13.3 rel1/bin/../lib/gcc/arm-none-eabi/13.3.1/thumb/v7-m/nofp\libg.a(libc_a-strlen-stub.o)
                0x0800288c                strlen
 .text.startup.register_fini
                0x080028e8       0x14 D:/arm-none-eabi/13.3 rel1/bin/../lib/gcc/arm-none-eabi/13.3.1/thumb/v7-m/nofp\libg.a(libc_a-__call_atexit.o)
 .text.atexit   0x080028fc        0xc D:/arm-none-eabi/13.3 rel1/bin/../lib/gcc/arm-none-eabi/13.3.1/thumb/v7-m/nofp\libg.a(libc_a-atexit.o)
                0x080028fc                atexit
 .text._malloc_trim_r
                0x08002908       0xb8 D:/arm-none-eabi/13.3 rel1/bin/../lib/gcc/arm-none-eabi/13.3.1/thumb/v7-m/nofp\libg.a(libc_a-freer.o)
                0x08002908                _malloc_trim_r
 .text._free_r  0x080029c0      0x1f8 D:/arm-none-eabi/13.3 rel1/bin/../lib/gcc/arm-none-eabi/13.3.1/thumb/v7-m/nofp\libg.a(libc_a-freer.o)
                0x080029c0                _free_r
 .text._malloc_r
                0x08002bb8      0x568 D:/arm-none-eabi/13.3 rel1/bin/../lib/gcc/arm-none-eabi/13.3.1/thumb/v7-m/nofp\libg.a(libc_a-mallocr.o)
                0x08002bb8                _malloc_r
 .text.__malloc_lock
                0x08003120        0xc D:/arm-none-eabi/13.3 rel1/bin/../lib/gcc/arm-none-eabi/13.3.1/thumb/v7-m/nofp\libg.a(libc_a-mlock.o)
                0x08003120                __malloc_lock
 .text.__malloc_unlock
                0x0800312c        0xc D:/arm-none-eabi/13.3 rel1/bin/../lib/gcc/arm-none-eabi/13.3.1/thumb/v7-m/nofp\libg.a(libc_a-mlock.o)
                0x0800312c                __malloc_unlock
 .text._svfprintf_r
                0x08003138     0x1b2c D:/arm-none-eabi/13.3 rel1/bin/../lib/gcc/arm-none-eabi/13.3.1/thumb/v7-m/nofp\libg.a(libc_a-svfprintf.o)
                0x08003138                _svfprintf_r
 .text.__ssprint_r
                0x08004c64       0x58 D:/arm-none-eabi/13.3 rel1/bin/../lib/gcc/arm-none-eabi/13.3.1/thumb/v7-m/nofp\libg.a(libc_a-ssprint_r.o)
                0x08004c64                __ssprint_r
 .text._fclose_r
                0x08004cbc       0xc0 D:/arm-none-eabi/13.3 rel1/bin/../lib/gcc/arm-none-eabi/13.3.1/thumb/v7-m/nofp\libg.a(libc_a-fclose.o)
                0x08004cbc                _fclose_r
 .text.__sflush_r
                0x08004d7c      0x128 D:/arm-none-eabi/13.3 rel1/bin/../lib/gcc/arm-none-eabi/13.3.1/thumb/v7-m/nofp\libg.a(libc_a-fflush.o)
                0x08004d7c                __sflush_r
 .text._fflush_r
                0x08004ea4       0x54 D:/arm-none-eabi/13.3 rel1/bin/../lib/gcc/arm-none-eabi/13.3.1/thumb/v7-m/nofp\libg.a(libc_a-fflush.o)
                0x08004ea4                _fflush_r
 .text.strncpy  0x08004ef8       0x6c D:/arm-none-eabi/13.3 rel1/bin/../lib/gcc/arm-none-eabi/13.3.1/thumb/v7-m/nofp\libg.a(libc_a-strncpy.o)
                0x08004ef8                strncpy
 .text.__locale_mb_cur_max
                0x08004f64        0xc D:/arm-none-eabi/13.3 rel1/bin/../lib/gcc/arm-none-eabi/13.3.1/thumb/v7-m/nofp\libg.a(libc_a-locale.o)
                0x08004f64                __locale_mb_cur_max
 .text._localeconv_r
                0x08004f70        0x8 D:/arm-none-eabi/13.3 rel1/bin/../lib/gcc/arm-none-eabi/13.3.1/thumb/v7-m/nofp\libg.a(libc_a-localeconv.o)
                0x08004f70                _localeconv_r
 .text._sbrk_r  0x08004f78       0x24 D:/arm-none-eabi/13.3 rel1/bin/../lib/gcc/arm-none-eabi/13.3.1/thumb/v7-m/nofp\libg.a(libc_a-sbrkr.o)
                0x08004f78                _sbrk_r
 .text.__libc_fini_array
                0x08004f9c       0x28 D:/arm-none-eabi/13.3 rel1/bin/../lib/gcc/arm-none-eabi/13.3.1/thumb/v7-m/nofp\libg.a(libc_a-fini.o)
                0x08004f9c                __libc_fini_array
 .text.sysconf  0x08004fc4       0x1c D:/arm-none-eabi/13.3 rel1/bin/../lib/gcc/arm-none-eabi/13.3.1/thumb/v7-m/nofp\libg.a(libc_a-sysconf.o)
                0x08004fc4                sysconf
 .text.memchr   0x08004fe0       0x98 D:/arm-none-eabi/13.3 rel1/bin/../lib/gcc/arm-none-eabi/13.3.1/thumb/v7-m/nofp\libg.a(libc_a-memchr-stub.o)
                0x08004fe0                memchr
 .text.frexp    0x08005078       0x6c D:/arm-none-eabi/13.3 rel1/bin/../lib/gcc/arm-none-eabi/13.3.1/thumb/v7-m/nofp\libg.a(libm_a-s_frexp.o)
                0x08005078                frexp
 .text.__register_exitproc
                0x080050e4       0x80 D:/arm-none-eabi/13.3 rel1/bin/../lib/gcc/arm-none-eabi/13.3.1/thumb/v7-m/nofp\libg.a(libc_a-__atexit.o)
                0x080050e4                __register_exitproc
 .text.quorem   0x08005164      0x13c D:/arm-none-eabi/13.3 rel1/bin/../lib/gcc/arm-none-eabi/13.3.1/thumb/v7-m/nofp\libg.a(libc_a-dtoa.o)
 .text._dtoa_r  0x080052a0      0xe94 D:/arm-none-eabi/13.3 rel1/bin/../lib/gcc/arm-none-eabi/13.3.1/thumb/v7-m/nofp\libg.a(libc_a-dtoa.o)
                0x080052a0                _dtoa_r
 .text.__ascii_mbtowc
                0x08006134       0x2c D:/arm-none-eabi/13.3 rel1/bin/../lib/gcc/arm-none-eabi/13.3.1/thumb/v7-m/nofp\libg.a(libc_a-mbtowc_r.o)
                0x08006134                __ascii_mbtowc
 .text._Balloc  0x08006160       0x4c D:/arm-none-eabi/13.3 rel1/bin/../lib/gcc/arm-none-eabi/13.3.1/thumb/v7-m/nofp\libg.a(libc_a-mprec.o)
                0x08006160                _Balloc
 .text._Bfree   0x080061ac       0x14 D:/arm-none-eabi/13.3 rel1/bin/../lib/gcc/arm-none-eabi/13.3.1/thumb/v7-m/nofp\libg.a(libc_a-mprec.o)
                0x080061ac                _Bfree
 .text.__multadd
                0x080061c0       0xa4 D:/arm-none-eabi/13.3 rel1/bin/../lib/gcc/arm-none-eabi/13.3.1/thumb/v7-m/nofp\libg.a(libc_a-mprec.o)
                0x080061c0                __multadd
 .text.__hi0bits
                0x08006264       0x44 D:/arm-none-eabi/13.3 rel1/bin/../lib/gcc/arm-none-eabi/13.3.1/thumb/v7-m/nofp\libg.a(libc_a-mprec.o)
                0x08006264                __hi0bits
 .text.__lo0bits
                0x080062a8       0x5c D:/arm-none-eabi/13.3 rel1/bin/../lib/gcc/arm-none-eabi/13.3.1/thumb/v7-m/nofp\libg.a(libc_a-mprec.o)
                0x080062a8                __lo0bits
 .text.__i2b    0x08006304       0x5c D:/arm-none-eabi/13.3 rel1/bin/../lib/gcc/arm-none-eabi/13.3.1/thumb/v7-m/nofp\libg.a(libc_a-mprec.o)
                0x08006304                __i2b
 .text.__multiply
                0x08006360      0x164 D:/arm-none-eabi/13.3 rel1/bin/../lib/gcc/arm-none-eabi/13.3.1/thumb/v7-m/nofp\libg.a(libc_a-mprec.o)
                0x08006360                __multiply
 .text.__pow5mult
                0x080064c4       0xb4 D:/arm-none-eabi/13.3 rel1/bin/../lib/gcc/arm-none-eabi/13.3.1/thumb/v7-m/nofp\libg.a(libc_a-mprec.o)
                0x080064c4                __pow5mult
 .text.__lshift
                0x08006578       0xec D:/arm-none-eabi/13.3 rel1/bin/../lib/gcc/arm-none-eabi/13.3.1/thumb/v7-m/nofp\libg.a(libc_a-mprec.o)
                0x08006578                __lshift
 .text.__mcmp   0x08006664       0x40 D:/arm-none-eabi/13.3 rel1/bin/../lib/gcc/arm-none-eabi/13.3.1/thumb/v7-m/nofp\libg.a(libc_a-mprec.o)
                0x08006664                __mcmp
 .text.__mdiff  0x080066a4      0x178 D:/arm-none-eabi/13.3 rel1/bin/../lib/gcc/arm-none-eabi/13.3.1/thumb/v7-m/nofp\libg.a(libc_a-mprec.o)
                0x080066a4                __mdiff
 .text.__d2b    0x0800681c       0xbc D:/arm-none-eabi/13.3 rel1/bin/../lib/gcc/arm-none-eabi/13.3.1/thumb/v7-m/nofp\libg.a(libc_a-mprec.o)
                0x0800681c                __d2b
 .text.__ascii_wctomb
                0x080068d8       0x1c D:/arm-none-eabi/13.3 rel1/bin/../lib/gcc/arm-none-eabi/13.3.1/thumb/v7-m/nofp\libg.a(libc_a-wctomb_r.o)
                0x080068d8                __ascii_wctomb
 .text._wcrtomb_r
                0x080068f4       0x4c D:/arm-none-eabi/13.3 rel1/bin/../lib/gcc/arm-none-eabi/13.3.1/thumb/v7-m/nofp\libg.a(libc_a-wcrtomb.o)
                0x080068f4                _wcrtomb_r
 .text._wcsrtombs_r
                0x08006940       0x18 D:/arm-none-eabi/13.3 rel1/bin/../lib/gcc/arm-none-eabi/13.3.1/thumb/v7-m/nofp\libg.a(libc_a-wcsrtombs.o)
                0x08006940                _wcsrtombs_r
 .text.__ssputs_r
                0x08006958       0xc0 D:/arm-none-eabi/13.3 rel1/bin/../lib/gcc/arm-none-eabi/13.3.1/thumb/v7-m/nofp\libg.a(libc_a-ssputs_r.o)
                0x08006958                __ssputs_r
 .text.memmove  0x08006a18       0xfc D:/arm-none-eabi/13.3 rel1/bin/../lib/gcc/arm-none-eabi/13.3.1/thumb/v7-m/nofp\libg.a(libc_a-memmove.o)
                0x08006a18                memmove
 .text.__assert_func
                0x08006b14       0x40 D:/arm-none-eabi/13.3 rel1/bin/../lib/gcc/arm-none-eabi/13.3.1/thumb/v7-m/nofp\libg.a(libc_a-assert.o)
                0x08006b14                __assert_func
 .text._calloc_r
                0x08006b54       0x6c D:/arm-none-eabi/13.3 rel1/bin/../lib/gcc/arm-none-eabi/13.3.1/thumb/v7-m/nofp\libg.a(libc_a-callocr.o)
                0x08006b54                _calloc_r
 .text._realloc_r
                0x08006bc0      0x34c D:/arm-none-eabi/13.3 rel1/bin/../lib/gcc/arm-none-eabi/13.3.1/thumb/v7-m/nofp\libg.a(libc_a-reallocr.o)
                0x08006bc0                _realloc_r
 .text._wcsnrtombs_l
                0x08006f0c       0xec D:/arm-none-eabi/13.3 rel1/bin/../lib/gcc/arm-none-eabi/13.3.1/thumb/v7-m/nofp\libg.a(libc_a-wcsnrtombs.o)
                0x08006f0c                _wcsnrtombs_l
 .text._wcsnrtombs_r
                0x08006ff8       0x24 D:/arm-none-eabi/13.3 rel1/bin/../lib/gcc/arm-none-eabi/13.3.1/thumb/v7-m/nofp\libg.a(libc_a-wcsnrtombs.o)
                0x08006ff8                _wcsnrtombs_r
 .text.fiprintf
                0x0800701c       0x28 D:/arm-none-eabi/13.3 rel1/bin/../lib/gcc/arm-none-eabi/13.3.1/thumb/v7-m/nofp\libg.a(libc_a-fiprintf.o)
                0x0800701c                fiprintf
 .text._vfiprintf_r
                0x08007044      0xeb8 D:/arm-none-eabi/13.3 rel1/bin/../lib/gcc/arm-none-eabi/13.3.1/thumb/v7-m/nofp\libg.a(libc_a-vfiprintf.o)
                0x08007044                _vfiprintf_r
 .text.__sbprintf
                0x08007efc       0x80 D:/arm-none-eabi/13.3 rel1/bin/../lib/gcc/arm-none-eabi/13.3.1/thumb/v7-m/nofp\libg.a(libc_a-vfiprintf.o)
 .text.__sprint_r
                0x08007f7c       0x20 D:/arm-none-eabi/13.3 rel1/bin/../lib/gcc/arm-none-eabi/13.3.1/thumb/v7-m/nofp\libg.a(libc_a-sprint_r.o)
                0x08007f7c                __sprint_r
 .text.__sfvwrite_r
                0x08007f9c      0x2ec D:/arm-none-eabi/13.3 rel1/bin/../lib/gcc/arm-none-eabi/13.3.1/thumb/v7-m/nofp\libg.a(libc_a-fvwrite.o)
                0x08007f9c                __sfvwrite_r
 .text.__swsetup_r
                0x08008288       0xc4 D:/arm-none-eabi/13.3 rel1/bin/../lib/gcc/arm-none-eabi/13.3.1/thumb/v7-m/nofp\libg.a(libc_a-wsetup.o)
                0x08008288                __swsetup_r
 .text.abort    0x0800834c       0x10 D:/arm-none-eabi/13.3 rel1/bin/../lib/gcc/arm-none-eabi/13.3.1/thumb/v7-m/nofp\libg.a(libc_a-abort.o)
                0x0800834c                abort
 .text.__smakebuf_r
                0x0800835c       0xdc D:/arm-none-eabi/13.3 rel1/bin/../lib/gcc/arm-none-eabi/13.3.1/thumb/v7-m/nofp\libg.a(libc_a-makebuf.o)
                0x0800835c                __smakebuf_r
 .text.raise    0x08008438       0x58 D:/arm-none-eabi/13.3 rel1/bin/../lib/gcc/arm-none-eabi/13.3.1/thumb/v7-m/nofp\libg.a(libc_a-signal.o)
                0x08008438                raise
 .text._fstat_r
                0x08008490       0x28 D:/arm-none-eabi/13.3 rel1/bin/../lib/gcc/arm-none-eabi/13.3.1/thumb/v7-m/nofp\libg.a(libc_a-fstatr.o)
                0x08008490                _fstat_r
 .text._isatty_r
                0x080084b8       0x24 D:/arm-none-eabi/13.3 rel1/bin/../lib/gcc/arm-none-eabi/13.3.1/thumb/v7-m/nofp\libg.a(libc_a-isattyr.o)
                0x080084b8                _isatty_r
 .text._kill_r  0x080084dc       0x28 D:/arm-none-eabi/13.3 rel1/bin/../lib/gcc/arm-none-eabi/13.3.1/thumb/v7-m/nofp\libg.a(libc_a-signalr.o)
                0x080084dc                _kill_r
 .text._getpid_r
                0x08008504        0x4 D:/arm-none-eabi/13.3 rel1/bin/../lib/gcc/arm-none-eabi/13.3.1/thumb/v7-m/nofp\libg.a(libc_a-signalr.o)
                0x08008504                _getpid_r
 *(.glue_7)
 .glue_7        0x08008508        0x0 linker stubs
 *(.glue_7t)
 .glue_7t       0x08008508        0x0 linker stubs
 *(.eh_frame)
 .eh_frame      0x08008508        0x0 D:/arm-none-eabi/13.3 rel1/bin/../lib/gcc/arm-none-eabi/13.3.1/thumb/v7-m/nofp/crtbegin.o
 *(.init)
 .init          0x08008508        0x4 D:/arm-none-eabi/13.3 rel1/bin/../lib/gcc/arm-none-eabi/13.3.1/thumb/v7-m/nofp/crti.o
                0x08008508                _init
 .init          0x0800850c        0x8 D:/arm-none-eabi/13.3 rel1/bin/../lib/gcc/arm-none-eabi/13.3.1/thumb/v7-m/nofp/crtn.o
 *(.fini)
 .fini          0x08008514        0x4 D:/arm-none-eabi/13.3 rel1/bin/../lib/gcc/arm-none-eabi/13.3.1/thumb/v7-m/nofp/crti.o
                0x08008514                _fini
 .fini          0x08008518        0x8 D:/arm-none-eabi/13.3 rel1/bin/../lib/gcc/arm-none-eabi/13.3.1/thumb/v7-m/nofp/crtn.o
                0x08008520                        . = ALIGN (0x4)
                0x08008520                        _etext = .

.vfp11_veneer   0x08008520        0x0
 .vfp11_veneer  0x08008520        0x0 linker stubs

.v4_bx          0x08008520        0x0
 .v4_bx         0x08008520        0x0 linker stubs

.iplt           0x08008520        0x0
 .iplt          0x08008520        0x0 D:/arm-none-eabi/13.3 rel1/bin/../lib/gcc/arm-none-eabi/13.3.1/thumb/v7-m/nofp/crtbegin.o

.rodata         0x08008520      0x424
                0x08008520                        . = ALIGN (0x4)
 *(.rodata)
 *(.rodata*)
 .rodata.main.str1.4
                0x08008520      0x1b3 CMakeFiles/TIM_EXTERNAL.elf.dir/Core/Src/main.c.obj
                                  0xc (size before relaxing)
 *fill*         0x080086d3        0x1 
 .rodata.APBPrescTable
                0x080086d4        0x8 CMakeFiles/TIM_EXTERNAL.elf.dir/Core/Src/system_stm32f1xx.c.obj
                0x080086d4                APBPrescTable
 .rodata.AHBPrescTable
                0x080086dc       0x10 CMakeFiles/TIM_EXTERNAL.elf.dir/Core/Src/system_stm32f1xx.c.obj
                0x080086dc                AHBPrescTable
 .rodata.aPredivFactorTable.0
                0x080086ec        0x2 CMakeFiles/TIM_EXTERNAL.elf.dir/Drivers/STM32F1xx_HAL_Driver/Src/stm32f1xx_hal_rcc.c.obj
 *fill*         0x080086ee        0x2 
 .rodata.aPLLMULFactorTable.1
                0x080086f0       0x10 CMakeFiles/TIM_EXTERNAL.elf.dir/Drivers/STM32F1xx_HAL_Driver/Src/stm32f1xx_hal_rcc.c.obj
 .rodata._svfprintf_r.str1.4
                0x08008700       0x42 D:/arm-none-eabi/13.3 rel1/bin/../lib/gcc/arm-none-eabi/13.3.1/thumb/v7-m/nofp\libg.a(libc_a-svfprintf.o)
 .rodata.zeroes.0
                0x08008700       0x10 D:/arm-none-eabi/13.3 rel1/bin/../lib/gcc/arm-none-eabi/13.3.1/thumb/v7-m/nofp\libg.a(libc_a-svfprintf.o)
 .rodata.blanks.1
                0x08008710       0x10 D:/arm-none-eabi/13.3 rel1/bin/../lib/gcc/arm-none-eabi/13.3.1/thumb/v7-m/nofp\libg.a(libc_a-svfprintf.o)
 .rodata.str1.4
                0x08008720       0x4c D:/arm-none-eabi/13.3 rel1/bin/../lib/gcc/arm-none-eabi/13.3.1/thumb/v7-m/nofp\libg.a(libc_a-locale.o)
 .rodata._dtoa_r.str1.4
                0x08008720       0x81 D:/arm-none-eabi/13.3 rel1/bin/../lib/gcc/arm-none-eabi/13.3.1/thumb/v7-m/nofp\libg.a(libc_a-dtoa.o)
 .rodata.__multadd.str1.4
                0x08008720       0x6e D:/arm-none-eabi/13.3 rel1/bin/../lib/gcc/arm-none-eabi/13.3.1/thumb/v7-m/nofp\libg.a(libc_a-mprec.o)
 .rodata.p05.0  0x08008720        0xc D:/arm-none-eabi/13.3 rel1/bin/../lib/gcc/arm-none-eabi/13.3.1/thumb/v7-m/nofp\libg.a(libc_a-mprec.o)
 *fill*         0x0800872c        0x4 
 .rodata.__mprec_bigtens
                0x08008730       0x28 D:/arm-none-eabi/13.3 rel1/bin/../lib/gcc/arm-none-eabi/13.3.1/thumb/v7-m/nofp\libg.a(libc_a-mprec.o)
                0x08008730                __mprec_bigtens
 .rodata.__mprec_tens
                0x08008758       0xc8 D:/arm-none-eabi/13.3 rel1/bin/../lib/gcc/arm-none-eabi/13.3.1/thumb/v7-m/nofp\libg.a(libc_a-mprec.o)
                0x08008758                __mprec_tens
 .rodata._ctype_
                0x08008820      0x101 D:/arm-none-eabi/13.3 rel1/bin/../lib/gcc/arm-none-eabi/13.3.1/thumb/v7-m/nofp\libg.a(libc_a-ctype_.o)
                0x08008820                _ctype_
 .rodata.__assert_func.str1.4
                0x08008921       0x43 D:/arm-none-eabi/13.3 rel1/bin/../lib/gcc/arm-none-eabi/13.3.1/thumb/v7-m/nofp\libg.a(libc_a-assert.o)
 .rodata._vfiprintf_r.str1.4
                0x08008921       0x2f D:/arm-none-eabi/13.3 rel1/bin/../lib/gcc/arm-none-eabi/13.3.1/thumb/v7-m/nofp\libg.a(libc_a-vfiprintf.o)
 *fill*         0x08008921        0x3 
 .rodata.zeroes.0
                0x08008924       0x10 D:/arm-none-eabi/13.3 rel1/bin/../lib/gcc/arm-none-eabi/13.3.1/thumb/v7-m/nofp\libg.a(libc_a-vfiprintf.o)
 .rodata.blanks.1
                0x08008934       0x10 D:/arm-none-eabi/13.3 rel1/bin/../lib/gcc/arm-none-eabi/13.3.1/thumb/v7-m/nofp\libg.a(libc_a-vfiprintf.o)
                0x08008944                        . = ALIGN (0x4)

.ARM.extab      0x08008944        0x0
                0x08008944                        . = ALIGN (0x4)
 *(.ARM.extab* .gnu.linkonce.armextab.*)
                0x08008944                        . = ALIGN (0x4)

.ARM            0x08008944        0x8
                0x08008944                        . = ALIGN (0x4)
                0x08008944                        __exidx_start = .
 *(.ARM.exidx*)
 .ARM.exidx     0x08008944        0x8 D:/arm-none-eabi/13.3 rel1/bin/../lib/gcc/arm-none-eabi/13.3.1/thumb/v7-m/nofp\libg.a(libc_a-memcpy.o)
                0x0800894c                        __exidx_end = .
                0x0800894c                        . = ALIGN (0x4)

.preinit_array  0x0800894c        0x0
                0x0800894c                        . = ALIGN (0x4)
                0x0800894c                        PROVIDE (__preinit_array_start = .)
 *(.preinit_array*)
                0x0800894c                        PROVIDE (__preinit_array_end = .)
                0x0800894c                        . = ALIGN (0x4)

.init_array     0x0800894c        0x8
                0x0800894c                        . = ALIGN (0x4)
                0x0800894c                        PROVIDE (__init_array_start = .)
 *(SORT_BY_NAME(.init_array.*))
 .init_array.00000
                0x0800894c        0x4 D:/arm-none-eabi/13.3 rel1/bin/../lib/gcc/arm-none-eabi/13.3.1/thumb/v7-m/nofp\libg.a(libc_a-__call_atexit.o)
 *(.init_array*)
 .init_array    0x08008950        0x4 D:/arm-none-eabi/13.3 rel1/bin/../lib/gcc/arm-none-eabi/13.3.1/thumb/v7-m/nofp/crtbegin.o
                0x08008954                        PROVIDE (__init_array_end = .)
                0x08008954                        . = ALIGN (0x4)

.fini_array     0x08008954        0x4
                0x08008954                        . = ALIGN (0x4)
                0x08008954                        PROVIDE (__fini_array_start = .)
 *(SORT_BY_NAME(.fini_array.*))
 *(.fini_array*)
 .fini_array    0x08008954        0x4 D:/arm-none-eabi/13.3 rel1/bin/../lib/gcc/arm-none-eabi/13.3.1/thumb/v7-m/nofp/crtbegin.o
                0x08008958                        PROVIDE (__fini_array_end = .)
                0x08008958                        . = ALIGN (0x4)
                0x08008958                        _sidata = LOADADDR (.data)

.rel.dyn        0x08008958        0x0
 .rel.iplt      0x08008958        0x0 D:/arm-none-eabi/13.3 rel1/bin/../lib/gcc/arm-none-eabi/13.3.1/thumb/v7-m/nofp/crtbegin.o

.data           0x20000000      0x6fc load address 0x08008958
                0x20000000                        . = ALIGN (0x4)
                0x20000000                        _sdata = .
 *(.data)
 *(.data*)
 .data.updataMsg
                0x20000000       0x19 CMakeFiles/TIM_EXTERNAL.elf.dir/Core/Src/main.c.obj
                0x20000000                updataMsg
 *fill*         0x20000019        0x3 
 .data.SystemCoreClock
                0x2000001c        0x4 CMakeFiles/TIM_EXTERNAL.elf.dir/Core/Src/system_stm32f1xx.c.obj
                0x2000001c                SystemCoreClock
 .data.uwTickFreq
                0x20000020        0x1 CMakeFiles/TIM_EXTERNAL.elf.dir/Drivers/STM32F1xx_HAL_Driver/Src/stm32f1xx_hal.c.obj
                0x20000020                uwTickFreq
 *fill*         0x20000021        0x3 
 .data.uwTickPrio
                0x20000024        0x4 CMakeFiles/TIM_EXTERNAL.elf.dir/Drivers/STM32F1xx_HAL_Driver/Src/stm32f1xx_hal.c.obj
                0x20000024                uwTickPrio
 .data.__sglue  0x20000028        0xc D:/arm-none-eabi/13.3 rel1/bin/../lib/gcc/arm-none-eabi/13.3.1/thumb/v7-m/nofp\libg.a(libc_a-findfp.o)
                0x20000028                __sglue
 .data._impure_ptr
                0x20000034        0x4 D:/arm-none-eabi/13.3 rel1/bin/../lib/gcc/arm-none-eabi/13.3.1/thumb/v7-m/nofp\libg.a(libc_a-impure.o)
                0x20000034                _impure_ptr
 .data._impure_data
                0x20000038      0x140 D:/arm-none-eabi/13.3 rel1/bin/../lib/gcc/arm-none-eabi/13.3.1/thumb/v7-m/nofp\libg.a(libc_a-impure.o)
                0x20000038                _impure_data
 .data.__atexit_recursive_mutex
                0x20000178        0x4 D:/arm-none-eabi/13.3 rel1/bin/../lib/gcc/arm-none-eabi/13.3.1/thumb/v7-m/nofp\libg.a(libc_a-__call_atexit.o)
                0x20000178                __atexit_recursive_mutex
 .data.__malloc_sbrk_base
                0x2000017c        0x4 D:/arm-none-eabi/13.3 rel1/bin/../lib/gcc/arm-none-eabi/13.3.1/thumb/v7-m/nofp\libg.a(libc_a-mallocr.o)
                0x2000017c                __malloc_sbrk_base
 .data.__malloc_trim_threshold
                0x20000180        0x4 D:/arm-none-eabi/13.3 rel1/bin/../lib/gcc/arm-none-eabi/13.3.1/thumb/v7-m/nofp\libg.a(libc_a-mallocr.o)
                0x20000180                __malloc_trim_threshold
 *fill*         0x20000184        0x4 
 .data.__malloc_av_
                0x20000188      0x408 D:/arm-none-eabi/13.3 rel1/bin/../lib/gcc/arm-none-eabi/13.3.1/thumb/v7-m/nofp\libg.a(libc_a-mallocr.o)
                0x20000188                __malloc_av_
 .data.__global_locale
                0x20000590      0x16c D:/arm-none-eabi/13.3 rel1/bin/../lib/gcc/arm-none-eabi/13.3.1/thumb/v7-m/nofp\libg.a(libc_a-locale.o)
                0x20000590                __global_locale
 *(.RamFunc)
 *(.RamFunc*)
                0x200006fc                        . = ALIGN (0x4)
                0x200006fc                        _edata = .

.tm_clone_table
                0x200006fc        0x0 load address 0x08009054
 .tm_clone_table
                0x200006fc        0x0 D:/arm-none-eabi/13.3 rel1/bin/../lib/gcc/arm-none-eabi/13.3.1/thumb/v7-m/nofp/crtbegin.o
 .tm_clone_table
                0x200006fc        0x0 D:/arm-none-eabi/13.3 rel1/bin/../lib/gcc/arm-none-eabi/13.3.1/thumb/v7-m/nofp/crtend.o

.igot.plt       0x200006fc        0x0 load address 0x08009054
 .igot.plt      0x200006fc        0x0 D:/arm-none-eabi/13.3 rel1/bin/../lib/gcc/arm-none-eabi/13.3.1/thumb/v7-m/nofp/crtbegin.o
                0x200006fc                        . = ALIGN (0x4)

.bss            0x200006fc      0x41c load address 0x08009054
                0x200006fc                        _sbss = .
                0x200006fc                        __bss_start__ = _sbss
 *(.bss)
 *(.bss*)
 .bss.completed.1
                0x200006fc        0x1 D:/arm-none-eabi/13.3 rel1/bin/../lib/gcc/arm-none-eabi/13.3.1/thumb/v7-m/nofp/crtbegin.o
 *fill*         0x200006fd        0x3 
 .bss.object.0  0x20000700       0x18 D:/arm-none-eabi/13.3 rel1/bin/../lib/gcc/arm-none-eabi/13.3.1/thumb/v7-m/nofp/crtbegin.o
 .bss.hi2c1     0x20000718       0x54 CMakeFiles/TIM_EXTERNAL.elf.dir/Core/Src/i2c.c.obj
                0x20000718                hi2c1
 .bss.__sbrk_heap_end
                0x2000076c        0x4 CMakeFiles/TIM_EXTERNAL.elf.dir/Core/Src/sysmem.c.obj
 .bss.htim2     0x20000770       0x48 CMakeFiles/TIM_EXTERNAL.elf.dir/Core/Src/tim.c.obj
                0x20000770                htim2
 .bss.huart2    0x200007b8       0x48 CMakeFiles/TIM_EXTERNAL.elf.dir/Core/Src/usart.c.obj
                0x200007b8                huart2
 .bss.uwTick    0x20000800        0x4 CMakeFiles/TIM_EXTERNAL.elf.dir/Drivers/STM32F1xx_HAL_Driver/Src/stm32f1xx_hal.c.obj
                0x20000800                uwTick
 .bss.__sf      0x20000804      0x138 D:/arm-none-eabi/13.3 rel1/bin/../lib/gcc/arm-none-eabi/13.3.1/thumb/v7-m/nofp\libg.a(libc_a-findfp.o)
                0x20000804                __sf
 .bss.__stdio_exit_handler
                0x2000093c        0x4 D:/arm-none-eabi/13.3 rel1/bin/../lib/gcc/arm-none-eabi/13.3.1/thumb/v7-m/nofp\libg.a(libc_a-findfp.o)
                0x2000093c                __stdio_exit_handler
 .bss.errno     0x20000940        0x4 D:/arm-none-eabi/13.3 rel1/bin/../lib/gcc/arm-none-eabi/13.3.1/thumb/v7-m/nofp\libg.a(libc_a-reent.o)
                0x20000940                errno
 .bss.__lock___malloc_recursive_mutex
                0x20000944        0x1 D:/arm-none-eabi/13.3 rel1/bin/../lib/gcc/arm-none-eabi/13.3.1/thumb/v7-m/nofp\libg.a(libc_a-lock.o)
                0x20000944                __lock___malloc_recursive_mutex
 *fill*         0x20000945        0x3 
 .bss.__lock___atexit_recursive_mutex
                0x20000948        0x1 D:/arm-none-eabi/13.3 rel1/bin/../lib/gcc/arm-none-eabi/13.3.1/thumb/v7-m/nofp\libg.a(libc_a-lock.o)
                0x20000948                __lock___atexit_recursive_mutex
 *fill*         0x20000949        0x3 
 .bss.__lock___sfp_recursive_mutex
                0x2000094c        0x1 D:/arm-none-eabi/13.3 rel1/bin/../lib/gcc/arm-none-eabi/13.3.1/thumb/v7-m/nofp\libg.a(libc_a-lock.o)
                0x2000094c                __lock___sfp_recursive_mutex
 *fill*         0x2000094d        0x3 
 .bss.__atexit  0x20000950        0x4 D:/arm-none-eabi/13.3 rel1/bin/../lib/gcc/arm-none-eabi/13.3.1/thumb/v7-m/nofp\libg.a(libc_a-__call_atexit.o)
                0x20000950                __atexit
 .bss.__malloc_current_mallinfo
                0x20000954       0x28 D:/arm-none-eabi/13.3 rel1/bin/../lib/gcc/arm-none-eabi/13.3.1/thumb/v7-m/nofp\libg.a(libc_a-mallocr.o)
                0x20000954                __malloc_current_mallinfo
 .bss.__malloc_max_total_mem
                0x2000097c        0x4 D:/arm-none-eabi/13.3 rel1/bin/../lib/gcc/arm-none-eabi/13.3.1/thumb/v7-m/nofp\libg.a(libc_a-mallocr.o)
                0x2000097c                __malloc_max_total_mem
 .bss.__malloc_max_sbrked_mem
                0x20000980        0x4 D:/arm-none-eabi/13.3 rel1/bin/../lib/gcc/arm-none-eabi/13.3.1/thumb/v7-m/nofp\libg.a(libc_a-mallocr.o)
                0x20000980                __malloc_max_sbrked_mem
 .bss.__malloc_top_pad
                0x20000984        0x4 D:/arm-none-eabi/13.3 rel1/bin/../lib/gcc/arm-none-eabi/13.3.1/thumb/v7-m/nofp\libg.a(libc_a-mallocr.o)
                0x20000984                __malloc_top_pad
 .bss.__atexit0
                0x20000988      0x190 D:/arm-none-eabi/13.3 rel1/bin/../lib/gcc/arm-none-eabi/13.3.1/thumb/v7-m/nofp\libg.a(libc_a-__atexit.o)
                0x20000988                __atexit0
 *(COMMON)
                0x20000b18                        . = ALIGN (0x4)
                0x20000b18                        _ebss = .
                0x20000b18                        __bss_end__ = _ebss

._user_heap_stack
                0x20000b18      0x600 load address 0x08009054
                0x20000b18                        . = ALIGN (0x8)
                [!provide]                        PROVIDE (end = .)
                0x20000b18                        PROVIDE (_end = .)
                0x20000d18                        . = (. + _Min_Heap_Size)
 *fill*         0x20000b18      0x200 
                0x20001118                        . = (. + _Min_Stack_Size)
 *fill*         0x20000d18      0x400 
                0x20001118                        . = ALIGN (0x8)

/DISCARD/
 libc.a(*)
 libm.a(*)
 libgcc.a(*)

.ARM.attributes
                0x00000000       0x29
 *(.ARM.attributes)
 .ARM.attributes
                0x00000000       0x1d D:/arm-none-eabi/13.3 rel1/bin/../lib/gcc/arm-none-eabi/13.3.1/thumb/v7-m/nofp/crti.o
 .ARM.attributes
                0x0000001d       0x2d D:/arm-none-eabi/13.3 rel1/bin/../lib/gcc/arm-none-eabi/13.3.1/thumb/v7-m/nofp/crtbegin.o
 .ARM.attributes
                0x0000004a       0x2d CMakeFiles/TIM_EXTERNAL.elf.dir/Core/Src/gpio.c.obj
 .ARM.attributes
                0x00000077       0x2d CMakeFiles/TIM_EXTERNAL.elf.dir/Core/Src/i2c.c.obj
 .ARM.attributes
                0x000000a4       0x2d CMakeFiles/TIM_EXTERNAL.elf.dir/Core/Src/main.c.obj
 .ARM.attributes
                0x000000d1       0x2d CMakeFiles/TIM_EXTERNAL.elf.dir/Core/Src/stm32f1xx_hal_msp.c.obj
 .ARM.attributes
                0x000000fe       0x2d CMakeFiles/TIM_EXTERNAL.elf.dir/Core/Src/stm32f1xx_it.c.obj
 .ARM.attributes
                0x0000012b       0x2d CMakeFiles/TIM_EXTERNAL.elf.dir/Core/Src/syscalls.c.obj
 .ARM.attributes
                0x00000158       0x2d CMakeFiles/TIM_EXTERNAL.elf.dir/Core/Src/sysmem.c.obj
 .ARM.attributes
                0x00000185       0x2d CMakeFiles/TIM_EXTERNAL.elf.dir/Core/Src/system_stm32f1xx.c.obj
 .ARM.attributes
                0x000001b2       0x2d CMakeFiles/TIM_EXTERNAL.elf.dir/Core/Src/tim.c.obj
 .ARM.attributes
                0x000001df       0x2d CMakeFiles/TIM_EXTERNAL.elf.dir/Core/Src/usart.c.obj
 .ARM.attributes
                0x0000020c       0x21 CMakeFiles/TIM_EXTERNAL.elf.dir/Core/Startup/startup_stm32f103c8tx.s.obj
 .ARM.attributes
                0x0000022d       0x2d CMakeFiles/TIM_EXTERNAL.elf.dir/Drivers/STM32F1xx_HAL_Driver/Src/stm32f1xx_hal.c.obj
 .ARM.attributes
                0x0000025a       0x2d CMakeFiles/TIM_EXTERNAL.elf.dir/Drivers/STM32F1xx_HAL_Driver/Src/stm32f1xx_hal_cortex.c.obj
 .ARM.attributes
                0x00000287       0x2d CMakeFiles/TIM_EXTERNAL.elf.dir/Drivers/STM32F1xx_HAL_Driver/Src/stm32f1xx_hal_gpio.c.obj
 .ARM.attributes
                0x000002b4       0x2d CMakeFiles/TIM_EXTERNAL.elf.dir/Drivers/STM32F1xx_HAL_Driver/Src/stm32f1xx_hal_i2c.c.obj
 .ARM.attributes
                0x000002e1       0x2d CMakeFiles/TIM_EXTERNAL.elf.dir/Drivers/STM32F1xx_HAL_Driver/Src/stm32f1xx_hal_rcc.c.obj
 .ARM.attributes
                0x0000030e       0x2d CMakeFiles/TIM_EXTERNAL.elf.dir/Drivers/STM32F1xx_HAL_Driver/Src/stm32f1xx_hal_tim.c.obj
 .ARM.attributes
                0x0000033b       0x2d CMakeFiles/TIM_EXTERNAL.elf.dir/Drivers/STM32F1xx_HAL_Driver/Src/stm32f1xx_hal_tim_ex.c.obj
 .ARM.attributes
                0x00000368       0x2d CMakeFiles/TIM_EXTERNAL.elf.dir/Drivers/STM32F1xx_HAL_Driver/Src/stm32f1xx_hal_uart.c.obj
 .ARM.attributes
                0x00000395       0x1d D:/arm-none-eabi/13.3 rel1/bin/../lib/gcc/arm-none-eabi/13.3.1/thumb/v7-m/nofp\libgcc.a(_arm_addsubdf3.o)
 .ARM.attributes
                0x000003b2       0x1d D:/arm-none-eabi/13.3 rel1/bin/../lib/gcc/arm-none-eabi/13.3.1/thumb/v7-m/nofp\libgcc.a(_arm_fixdfsi.o)
 .ARM.attributes
                0x000003cf       0x2d D:/arm-none-eabi/13.3 rel1/bin/../lib/gcc/arm-none-eabi/13.3.1/thumb/v7-m/nofp\libg.a(libc_a-findfp.o)
 .ARM.attributes
                0x000003fc       0x2d D:/arm-none-eabi/13.3 rel1/bin/../lib/gcc/arm-none-eabi/13.3.1/thumb/v7-m/nofp\libg.a(libc_a-fwalk.o)
 .ARM.attributes
                0x00000429       0x2d D:/arm-none-eabi/13.3 rel1/bin/../lib/gcc/arm-none-eabi/13.3.1/thumb/v7-m/nofp\libg.a(libc_a-sprintf.o)
 .ARM.attributes
                0x00000456       0x2d D:/arm-none-eabi/13.3 rel1/bin/../lib/gcc/arm-none-eabi/13.3.1/thumb/v7-m/nofp\libg.a(libc_a-stdio.o)
 .ARM.attributes
                0x00000483       0x2d D:/arm-none-eabi/13.3 rel1/bin/../lib/gcc/arm-none-eabi/13.3.1/thumb/v7-m/nofp\libg.a(libc_a-memset.o)
 .ARM.attributes
                0x000004b0       0x2d D:/arm-none-eabi/13.3 rel1/bin/../lib/gcc/arm-none-eabi/13.3.1/thumb/v7-m/nofp\libg.a(libc_a-closer.o)
 .ARM.attributes
                0x000004dd       0x2d D:/arm-none-eabi/13.3 rel1/bin/../lib/gcc/arm-none-eabi/13.3.1/thumb/v7-m/nofp\libg.a(libc_a-reent.o)
 .ARM.attributes
                0x0000050a       0x2d D:/arm-none-eabi/13.3 rel1/bin/../lib/gcc/arm-none-eabi/13.3.1/thumb/v7-m/nofp\libg.a(libc_a-impure.o)
 .ARM.attributes
                0x00000537       0x2d D:/arm-none-eabi/13.3 rel1/bin/../lib/gcc/arm-none-eabi/13.3.1/thumb/v7-m/nofp\libg.a(libc_a-lseekr.o)
 .ARM.attributes
                0x00000564       0x2d D:/arm-none-eabi/13.3 rel1/bin/../lib/gcc/arm-none-eabi/13.3.1/thumb/v7-m/nofp\libg.a(libc_a-readr.o)
 .ARM.attributes
                0x00000591       0x2d D:/arm-none-eabi/13.3 rel1/bin/../lib/gcc/arm-none-eabi/13.3.1/thumb/v7-m/nofp\libg.a(libc_a-writer.o)
 .ARM.attributes
                0x000005be       0x2d D:/arm-none-eabi/13.3 rel1/bin/../lib/gcc/arm-none-eabi/13.3.1/thumb/v7-m/nofp\libg.a(libc_a-errno.o)
 .ARM.attributes
                0x000005eb       0x2d D:/arm-none-eabi/13.3 rel1/bin/../lib/gcc/arm-none-eabi/13.3.1/thumb/v7-m/nofp\libg.a(libc_a-init.o)
 .ARM.attributes
                0x00000618       0x2d D:/arm-none-eabi/13.3 rel1/bin/../lib/gcc/arm-none-eabi/13.3.1/thumb/v7-m/nofp\libg.a(libc_a-lock.o)
 .ARM.attributes
                0x00000645       0x1b D:/arm-none-eabi/13.3 rel1/bin/../lib/gcc/arm-none-eabi/13.3.1/thumb/v7-m/nofp\libg.a(libc_a-memcpy.o)
 .ARM.attributes
                0x00000660       0x2d D:/arm-none-eabi/13.3 rel1/bin/../lib/gcc/arm-none-eabi/13.3.1/thumb/v7-m/nofp\libg.a(libc_a-strlen-stub.o)
 .ARM.attributes
                0x0000068d       0x2d D:/arm-none-eabi/13.3 rel1/bin/../lib/gcc/arm-none-eabi/13.3.1/thumb/v7-m/nofp\libg.a(libc_a-__call_atexit.o)
 .ARM.attributes
                0x000006ba       0x2d D:/arm-none-eabi/13.3 rel1/bin/../lib/gcc/arm-none-eabi/13.3.1/thumb/v7-m/nofp\libg.a(libc_a-atexit.o)
 .ARM.attributes
                0x000006e7       0x2d D:/arm-none-eabi/13.3 rel1/bin/../lib/gcc/arm-none-eabi/13.3.1/thumb/v7-m/nofp\libg.a(libc_a-freer.o)
 .ARM.attributes
                0x00000714       0x2d D:/arm-none-eabi/13.3 rel1/bin/../lib/gcc/arm-none-eabi/13.3.1/thumb/v7-m/nofp\libg.a(libc_a-mallocr.o)
 .ARM.attributes
                0x00000741       0x2d D:/arm-none-eabi/13.3 rel1/bin/../lib/gcc/arm-none-eabi/13.3.1/thumb/v7-m/nofp\libg.a(libc_a-mlock.o)
 .ARM.attributes
                0x0000076e       0x2d D:/arm-none-eabi/13.3 rel1/bin/../lib/gcc/arm-none-eabi/13.3.1/thumb/v7-m/nofp\libg.a(libc_a-svfprintf.o)
 .ARM.attributes
                0x0000079b       0x2d D:/arm-none-eabi/13.3 rel1/bin/../lib/gcc/arm-none-eabi/13.3.1/thumb/v7-m/nofp\libg.a(libc_a-ssprint_r.o)
 .ARM.attributes
                0x000007c8       0x2d D:/arm-none-eabi/13.3 rel1/bin/../lib/gcc/arm-none-eabi/13.3.1/thumb/v7-m/nofp\libg.a(libc_a-fclose.o)
 .ARM.attributes
                0x000007f5       0x2d D:/arm-none-eabi/13.3 rel1/bin/../lib/gcc/arm-none-eabi/13.3.1/thumb/v7-m/nofp\libg.a(libc_a-fflush.o)
 .ARM.attributes
                0x00000822       0x2d D:/arm-none-eabi/13.3 rel1/bin/../lib/gcc/arm-none-eabi/13.3.1/thumb/v7-m/nofp\libg.a(libc_a-strncpy.o)
 .ARM.attributes
                0x0000084f       0x2d D:/arm-none-eabi/13.3 rel1/bin/../lib/gcc/arm-none-eabi/13.3.1/thumb/v7-m/nofp\libg.a(libc_a-locale.o)
 .ARM.attributes
                0x0000087c       0x2d D:/arm-none-eabi/13.3 rel1/bin/../lib/gcc/arm-none-eabi/13.3.1/thumb/v7-m/nofp\libg.a(libc_a-localeconv.o)
 .ARM.attributes
                0x000008a9       0x2d D:/arm-none-eabi/13.3 rel1/bin/../lib/gcc/arm-none-eabi/13.3.1/thumb/v7-m/nofp\libg.a(libc_a-sbrkr.o)
 .ARM.attributes
                0x000008d6       0x2d D:/arm-none-eabi/13.3 rel1/bin/../lib/gcc/arm-none-eabi/13.3.1/thumb/v7-m/nofp\libg.a(libc_a-fini.o)
 .ARM.attributes
                0x00000903       0x2d D:/arm-none-eabi/13.3 rel1/bin/../lib/gcc/arm-none-eabi/13.3.1/thumb/v7-m/nofp\libg.a(libc_a-sysconf.o)
 .ARM.attributes
                0x00000930       0x2d D:/arm-none-eabi/13.3 rel1/bin/../lib/gcc/arm-none-eabi/13.3.1/thumb/v7-m/nofp\libg.a(libc_a-memchr-stub.o)
 .ARM.attributes
                0x0000095d       0x2d D:/arm-none-eabi/13.3 rel1/bin/../lib/gcc/arm-none-eabi/13.3.1/thumb/v7-m/nofp\libg.a(libm_a-s_frexp.o)
 .ARM.attributes
                0x0000098a       0x2d D:/arm-none-eabi/13.3 rel1/bin/../lib/gcc/arm-none-eabi/13.3.1/thumb/v7-m/nofp\libg.a(libc_a-__atexit.o)
 .ARM.attributes
                0x000009b7       0x2d D:/arm-none-eabi/13.3 rel1/bin/../lib/gcc/arm-none-eabi/13.3.1/thumb/v7-m/nofp\libg.a(libc_a-dtoa.o)
 .ARM.attributes
                0x000009e4       0x2d D:/arm-none-eabi/13.3 rel1/bin/../lib/gcc/arm-none-eabi/13.3.1/thumb/v7-m/nofp\libg.a(libc_a-mbtowc_r.o)
 .ARM.attributes
                0x00000a11       0x2d D:/arm-none-eabi/13.3 rel1/bin/../lib/gcc/arm-none-eabi/13.3.1/thumb/v7-m/nofp\libg.a(libc_a-mprec.o)
 .ARM.attributes
                0x00000a3e       0x2d D:/arm-none-eabi/13.3 rel1/bin/../lib/gcc/arm-none-eabi/13.3.1/thumb/v7-m/nofp\libg.a(libc_a-wctomb_r.o)
 .ARM.attributes
                0x00000a6b       0x2d D:/arm-none-eabi/13.3 rel1/bin/../lib/gcc/arm-none-eabi/13.3.1/thumb/v7-m/nofp\libg.a(libc_a-wcrtomb.o)
 .ARM.attributes
                0x00000a98       0x2d D:/arm-none-eabi/13.3 rel1/bin/../lib/gcc/arm-none-eabi/13.3.1/thumb/v7-m/nofp\libg.a(libc_a-wcsrtombs.o)
 .ARM.attributes
                0x00000ac5       0x2d D:/arm-none-eabi/13.3 rel1/bin/../lib/gcc/arm-none-eabi/13.3.1/thumb/v7-m/nofp\libg.a(libc_a-ctype_.o)
 .ARM.attributes
                0x00000af2       0x2d D:/arm-none-eabi/13.3 rel1/bin/../lib/gcc/arm-none-eabi/13.3.1/thumb/v7-m/nofp\libg.a(libc_a-ssputs_r.o)
 .ARM.attributes
                0x00000b1f       0x2d D:/arm-none-eabi/13.3 rel1/bin/../lib/gcc/arm-none-eabi/13.3.1/thumb/v7-m/nofp\libg.a(libc_a-memmove.o)
 .ARM.attributes
                0x00000b4c       0x2d D:/arm-none-eabi/13.3 rel1/bin/../lib/gcc/arm-none-eabi/13.3.1/thumb/v7-m/nofp\libg.a(libc_a-assert.o)
 .ARM.attributes
                0x00000b79       0x2d D:/arm-none-eabi/13.3 rel1/bin/../lib/gcc/arm-none-eabi/13.3.1/thumb/v7-m/nofp\libg.a(libc_a-callocr.o)
 .ARM.attributes
                0x00000ba6       0x2d D:/arm-none-eabi/13.3 rel1/bin/../lib/gcc/arm-none-eabi/13.3.1/thumb/v7-m/nofp\libg.a(libc_a-reallocr.o)
 .ARM.attributes
                0x00000bd3       0x2d D:/arm-none-eabi/13.3 rel1/bin/../lib/gcc/arm-none-eabi/13.3.1/thumb/v7-m/nofp\libg.a(libc_a-wcsnrtombs.o)
 .ARM.attributes
                0x00000c00       0x2d D:/arm-none-eabi/13.3 rel1/bin/../lib/gcc/arm-none-eabi/13.3.1/thumb/v7-m/nofp\libg.a(libc_a-fiprintf.o)
 .ARM.attributes
                0x00000c2d       0x2d D:/arm-none-eabi/13.3 rel1/bin/../lib/gcc/arm-none-eabi/13.3.1/thumb/v7-m/nofp\libg.a(libc_a-vfiprintf.o)
 .ARM.attributes
                0x00000c5a       0x2d D:/arm-none-eabi/13.3 rel1/bin/../lib/gcc/arm-none-eabi/13.3.1/thumb/v7-m/nofp\libg.a(libc_a-sprint_r.o)
 .ARM.attributes
                0x00000c87       0x2d D:/arm-none-eabi/13.3 rel1/bin/../lib/gcc/arm-none-eabi/13.3.1/thumb/v7-m/nofp\libg.a(libc_a-fvwrite.o)
 .ARM.attributes
                0x00000cb4       0x2d D:/arm-none-eabi/13.3 rel1/bin/../lib/gcc/arm-none-eabi/13.3.1/thumb/v7-m/nofp\libg.a(libc_a-wsetup.o)
 .ARM.attributes
                0x00000ce1       0x2d D:/arm-none-eabi/13.3 rel1/bin/../lib/gcc/arm-none-eabi/13.3.1/thumb/v7-m/nofp\libg.a(libc_a-abort.o)
 .ARM.attributes
                0x00000d0e       0x2d D:/arm-none-eabi/13.3 rel1/bin/../lib/gcc/arm-none-eabi/13.3.1/thumb/v7-m/nofp\libg.a(libc_a-makebuf.o)
 .ARM.attributes
                0x00000d3b       0x2d D:/arm-none-eabi/13.3 rel1/bin/../lib/gcc/arm-none-eabi/13.3.1/thumb/v7-m/nofp\libg.a(libc_a-signal.o)
 .ARM.attributes
                0x00000d68       0x2d D:/arm-none-eabi/13.3 rel1/bin/../lib/gcc/arm-none-eabi/13.3.1/thumb/v7-m/nofp\libg.a(libc_a-fstatr.o)
 .ARM.attributes
                0x00000d95       0x2d D:/arm-none-eabi/13.3 rel1/bin/../lib/gcc/arm-none-eabi/13.3.1/thumb/v7-m/nofp\libg.a(libc_a-isattyr.o)
 .ARM.attributes
                0x00000dc2       0x2d D:/arm-none-eabi/13.3 rel1/bin/../lib/gcc/arm-none-eabi/13.3.1/thumb/v7-m/nofp\libg.a(libc_a-signalr.o)
 .ARM.attributes
                0x00000def       0x1d D:/arm-none-eabi/13.3 rel1/bin/../lib/gcc/arm-none-eabi/13.3.1/thumb/v7-m/nofp\libgcc.a(_arm_muldivdf3.o)
 .ARM.attributes
                0x00000e0c       0x1d D:/arm-none-eabi/13.3 rel1/bin/../lib/gcc/arm-none-eabi/13.3.1/thumb/v7-m/nofp\libgcc.a(_arm_cmpdf2.o)
 .ARM.attributes
                0x00000e29       0x1d D:/arm-none-eabi/13.3 rel1/bin/../lib/gcc/arm-none-eabi/13.3.1/thumb/v7-m/nofp\libgcc.a(_arm_unorddf2.o)
 .ARM.attributes
                0x00000e46       0x2d D:/arm-none-eabi/13.3 rel1/bin/../lib/gcc/arm-none-eabi/13.3.1/thumb/v7-m/nofp/crtend.o
 .ARM.attributes
                0x00000e73       0x1d D:/arm-none-eabi/13.3 rel1/bin/../lib/gcc/arm-none-eabi/13.3.1/thumb/v7-m/nofp/crtn.o
OUTPUT(TIM_EXTERNAL.elf elf32-littlearm)
LOAD linker stubs
LOAD D:/arm-none-eabi/13.3 rel1/bin/../lib/gcc/arm-none-eabi/13.3.1/thumb/v7-m/nofp\libc.a
LOAD D:/arm-none-eabi/13.3 rel1/bin/../lib/gcc/arm-none-eabi/13.3.1/thumb/v7-m/nofp\libm.a
LOAD D:/arm-none-eabi/13.3 rel1/bin/../lib/gcc/arm-none-eabi/13.3.1/thumb/v7-m/nofp\libgcc.a

.debug_info     0x00000000    0x13385
 .debug_info    0x00000000      0x165 CMakeFiles/TIM_EXTERNAL.elf.dir/Core/Src/gpio.c.obj
 .debug_info    0x00000165      0x857 CMakeFiles/TIM_EXTERNAL.elf.dir/Core/Src/i2c.c.obj
 .debug_info    0x000009bc      0xcdc CMakeFiles/TIM_EXTERNAL.elf.dir/Core/Src/main.c.obj
 .debug_info    0x00001698      0x1f4 CMakeFiles/TIM_EXTERNAL.elf.dir/Core/Src/stm32f1xx_hal_msp.c.obj
 .debug_info    0x0000188c      0x6b9 CMakeFiles/TIM_EXTERNAL.elf.dir/Core/Src/stm32f1xx_it.c.obj
 .debug_info    0x00001f45      0x789 CMakeFiles/TIM_EXTERNAL.elf.dir/Core/Src/syscalls.c.obj
 .debug_info    0x000026ce      0x171 CMakeFiles/TIM_EXTERNAL.elf.dir/Core/Src/sysmem.c.obj
 .debug_info    0x0000283f      0x22d CMakeFiles/TIM_EXTERNAL.elf.dir/Core/Src/system_stm32f1xx.c.obj
 .debug_info    0x00002a6c      0xc83 CMakeFiles/TIM_EXTERNAL.elf.dir/Core/Src/tim.c.obj
 .debug_info    0x000036ef      0x80b CMakeFiles/TIM_EXTERNAL.elf.dir/Core/Src/usart.c.obj
 .debug_info    0x00003efa       0x30 CMakeFiles/TIM_EXTERNAL.elf.dir/Core/Startup/startup_stm32f103c8tx.s.obj
 .debug_info    0x00003f2a      0x7a2 CMakeFiles/TIM_EXTERNAL.elf.dir/Drivers/STM32F1xx_HAL_Driver/Src/stm32f1xx_hal.c.obj
 .debug_info    0x000046cc      0xcd9 CMakeFiles/TIM_EXTERNAL.elf.dir/Drivers/STM32F1xx_HAL_Driver/Src/stm32f1xx_hal_cortex.c.obj
 .debug_info    0x000053a5      0x604 CMakeFiles/TIM_EXTERNAL.elf.dir/Drivers/STM32F1xx_HAL_Driver/Src/stm32f1xx_hal_gpio.c.obj
 .debug_info    0x000059a9     0x3905 CMakeFiles/TIM_EXTERNAL.elf.dir/Drivers/STM32F1xx_HAL_Driver/Src/stm32f1xx_hal_i2c.c.obj
 .debug_info    0x000092ae      0x9c7 CMakeFiles/TIM_EXTERNAL.elf.dir/Drivers/STM32F1xx_HAL_Driver/Src/stm32f1xx_hal_rcc.c.obj
 .debug_info    0x00009c75     0x3be7 CMakeFiles/TIM_EXTERNAL.elf.dir/Drivers/STM32F1xx_HAL_Driver/Src/stm32f1xx_hal_tim.c.obj
 .debug_info    0x0000d85c     0x1aac CMakeFiles/TIM_EXTERNAL.elf.dir/Drivers/STM32F1xx_HAL_Driver/Src/stm32f1xx_hal_tim_ex.c.obj
 .debug_info    0x0000f308     0x407d CMakeFiles/TIM_EXTERNAL.elf.dir/Drivers/STM32F1xx_HAL_Driver/Src/stm32f1xx_hal_uart.c.obj

.debug_abbrev   0x00000000     0x2559
 .debug_abbrev  0x00000000       0xc4 CMakeFiles/TIM_EXTERNAL.elf.dir/Core/Src/gpio.c.obj
 .debug_abbrev  0x000000c4      0x1fc CMakeFiles/TIM_EXTERNAL.elf.dir/Core/Src/i2c.c.obj
 .debug_abbrev  0x000002c0      0x2b4 CMakeFiles/TIM_EXTERNAL.elf.dir/Core/Src/main.c.obj
 .debug_abbrev  0x00000574       0xed CMakeFiles/TIM_EXTERNAL.elf.dir/Core/Src/stm32f1xx_hal_msp.c.obj
 .debug_abbrev  0x00000661      0x19a CMakeFiles/TIM_EXTERNAL.elf.dir/Core/Src/stm32f1xx_it.c.obj
 .debug_abbrev  0x000007fb      0x1c1 CMakeFiles/TIM_EXTERNAL.elf.dir/Core/Src/syscalls.c.obj
 .debug_abbrev  0x000009bc       0xea CMakeFiles/TIM_EXTERNAL.elf.dir/Core/Src/sysmem.c.obj
 .debug_abbrev  0x00000aa6      0x143 CMakeFiles/TIM_EXTERNAL.elf.dir/Core/Src/system_stm32f1xx.c.obj
 .debug_abbrev  0x00000be9      0x25f CMakeFiles/TIM_EXTERNAL.elf.dir/Core/Src/tim.c.obj
 .debug_abbrev  0x00000e48      0x204 CMakeFiles/TIM_EXTERNAL.elf.dir/Core/Src/usart.c.obj
 .debug_abbrev  0x0000104c       0x24 CMakeFiles/TIM_EXTERNAL.elf.dir/Core/Startup/startup_stm32f103c8tx.s.obj
 .debug_abbrev  0x00001070      0x22d CMakeFiles/TIM_EXTERNAL.elf.dir/Drivers/STM32F1xx_HAL_Driver/Src/stm32f1xx_hal.c.obj
 .debug_abbrev  0x0000129d      0x36d CMakeFiles/TIM_EXTERNAL.elf.dir/Drivers/STM32F1xx_HAL_Driver/Src/stm32f1xx_hal_cortex.c.obj
 .debug_abbrev  0x0000160a      0x1f7 CMakeFiles/TIM_EXTERNAL.elf.dir/Drivers/STM32F1xx_HAL_Driver/Src/stm32f1xx_hal_gpio.c.obj
 .debug_abbrev  0x00001801      0x2be CMakeFiles/TIM_EXTERNAL.elf.dir/Drivers/STM32F1xx_HAL_Driver/Src/stm32f1xx_hal_i2c.c.obj
 .debug_abbrev  0x00001abf      0x2a0 CMakeFiles/TIM_EXTERNAL.elf.dir/Drivers/STM32F1xx_HAL_Driver/Src/stm32f1xx_hal_rcc.c.obj
 .debug_abbrev  0x00001d5f      0x270 CMakeFiles/TIM_EXTERNAL.elf.dir/Drivers/STM32F1xx_HAL_Driver/Src/stm32f1xx_hal_tim.c.obj
 .debug_abbrev  0x00001fcf      0x26e CMakeFiles/TIM_EXTERNAL.elf.dir/Drivers/STM32F1xx_HAL_Driver/Src/stm32f1xx_hal_tim_ex.c.obj
 .debug_abbrev  0x0000223d      0x31c CMakeFiles/TIM_EXTERNAL.elf.dir/Drivers/STM32F1xx_HAL_Driver/Src/stm32f1xx_hal_uart.c.obj

.debug_aranges  0x00000000      0xef8
 .debug_aranges
                0x00000000       0x20 CMakeFiles/TIM_EXTERNAL.elf.dir/Core/Src/gpio.c.obj
 .debug_aranges
                0x00000020       0x30 CMakeFiles/TIM_EXTERNAL.elf.dir/Core/Src/i2c.c.obj
 .debug_aranges
                0x00000050       0x38 CMakeFiles/TIM_EXTERNAL.elf.dir/Core/Src/main.c.obj
 .debug_aranges
                0x00000088       0x20 CMakeFiles/TIM_EXTERNAL.elf.dir/Core/Src/stm32f1xx_hal_msp.c.obj
 .debug_aranges
                0x000000a8       0x68 CMakeFiles/TIM_EXTERNAL.elf.dir/Core/Src/stm32f1xx_it.c.obj
 .debug_aranges
                0x00000110       0xa8 CMakeFiles/TIM_EXTERNAL.elf.dir/Core/Src/syscalls.c.obj
 .debug_aranges
                0x000001b8       0x20 CMakeFiles/TIM_EXTERNAL.elf.dir/Core/Src/sysmem.c.obj
 .debug_aranges
                0x000001d8       0x28 CMakeFiles/TIM_EXTERNAL.elf.dir/Core/Src/system_stm32f1xx.c.obj
 .debug_aranges
                0x00000200       0x30 CMakeFiles/TIM_EXTERNAL.elf.dir/Core/Src/tim.c.obj
 .debug_aranges
                0x00000230       0x30 CMakeFiles/TIM_EXTERNAL.elf.dir/Core/Src/usart.c.obj
 .debug_aranges
                0x00000260       0x28 CMakeFiles/TIM_EXTERNAL.elf.dir/Core/Startup/startup_stm32f103c8tx.s.obj
 .debug_aranges
                0x00000288       0xe0 CMakeFiles/TIM_EXTERNAL.elf.dir/Drivers/STM32F1xx_HAL_Driver/Src/stm32f1xx_hal.c.obj
 .debug_aranges
                0x00000368       0xc0 CMakeFiles/TIM_EXTERNAL.elf.dir/Drivers/STM32F1xx_HAL_Driver/Src/stm32f1xx_hal_cortex.c.obj
 .debug_aranges
                0x00000428       0x58 CMakeFiles/TIM_EXTERNAL.elf.dir/Drivers/STM32F1xx_HAL_Driver/Src/stm32f1xx_hal_gpio.c.obj
 .debug_aranges
                0x00000480      0x2a8 CMakeFiles/TIM_EXTERNAL.elf.dir/Drivers/STM32F1xx_HAL_Driver/Src/stm32f1xx_hal_i2c.c.obj
 .debug_aranges
                0x00000728       0x90 CMakeFiles/TIM_EXTERNAL.elf.dir/Drivers/STM32F1xx_HAL_Driver/Src/stm32f1xx_hal_rcc.c.obj
 .debug_aranges
                0x000007b8      0x3d0 CMakeFiles/TIM_EXTERNAL.elf.dir/Drivers/STM32F1xx_HAL_Driver/Src/stm32f1xx_hal_tim.c.obj
 .debug_aranges
                0x00000b88      0x168 CMakeFiles/TIM_EXTERNAL.elf.dir/Drivers/STM32F1xx_HAL_Driver/Src/stm32f1xx_hal_tim_ex.c.obj
 .debug_aranges
                0x00000cf0      0x208 CMakeFiles/TIM_EXTERNAL.elf.dir/Drivers/STM32F1xx_HAL_Driver/Src/stm32f1xx_hal_uart.c.obj

.debug_rnglists
                0x00000000      0xb8a
 .debug_rnglists
                0x00000000       0x13 CMakeFiles/TIM_EXTERNAL.elf.dir/Core/Src/gpio.c.obj
 .debug_rnglists
                0x00000013       0x1f CMakeFiles/TIM_EXTERNAL.elf.dir/Core/Src/i2c.c.obj
 .debug_rnglists
                0x00000032       0x25 CMakeFiles/TIM_EXTERNAL.elf.dir/Core/Src/main.c.obj
 .debug_rnglists
                0x00000057       0x13 CMakeFiles/TIM_EXTERNAL.elf.dir/Core/Src/stm32f1xx_hal_msp.c.obj
 .debug_rnglists
                0x0000006a       0x49 CMakeFiles/TIM_EXTERNAL.elf.dir/Core/Src/stm32f1xx_it.c.obj
 .debug_rnglists
                0x000000b3       0x79 CMakeFiles/TIM_EXTERNAL.elf.dir/Core/Src/syscalls.c.obj
 .debug_rnglists
                0x0000012c       0x13 CMakeFiles/TIM_EXTERNAL.elf.dir/Core/Src/sysmem.c.obj
 .debug_rnglists
                0x0000013f       0x1a CMakeFiles/TIM_EXTERNAL.elf.dir/Core/Src/system_stm32f1xx.c.obj
 .debug_rnglists
                0x00000159       0x20 CMakeFiles/TIM_EXTERNAL.elf.dir/Core/Src/tim.c.obj
 .debug_rnglists
                0x00000179       0x1f CMakeFiles/TIM_EXTERNAL.elf.dir/Core/Src/usart.c.obj
 .debug_rnglists
                0x00000198       0x19 CMakeFiles/TIM_EXTERNAL.elf.dir/Core/Startup/startup_stm32f103c8tx.s.obj
 .debug_rnglists
                0x000001b1       0xa3 CMakeFiles/TIM_EXTERNAL.elf.dir/Drivers/STM32F1xx_HAL_Driver/Src/stm32f1xx_hal.c.obj
 .debug_rnglists
                0x00000254       0x8b CMakeFiles/TIM_EXTERNAL.elf.dir/Drivers/STM32F1xx_HAL_Driver/Src/stm32f1xx_hal_cortex.c.obj
 .debug_rnglists
                0x000002df       0x3f CMakeFiles/TIM_EXTERNAL.elf.dir/Drivers/STM32F1xx_HAL_Driver/Src/stm32f1xx_hal_gpio.c.obj
 .debug_rnglists
                0x0000031e      0x236 CMakeFiles/TIM_EXTERNAL.elf.dir/Drivers/STM32F1xx_HAL_Driver/Src/stm32f1xx_hal_i2c.c.obj
 .debug_rnglists
                0x00000554       0x7d CMakeFiles/TIM_EXTERNAL.elf.dir/Drivers/STM32F1xx_HAL_Driver/Src/stm32f1xx_hal_rcc.c.obj
 .debug_rnglists
                0x000005d1      0x2fe CMakeFiles/TIM_EXTERNAL.elf.dir/Drivers/STM32F1xx_HAL_Driver/Src/stm32f1xx_hal_tim.c.obj
 .debug_rnglists
                0x000008cf      0x11a CMakeFiles/TIM_EXTERNAL.elf.dir/Drivers/STM32F1xx_HAL_Driver/Src/stm32f1xx_hal_tim_ex.c.obj
 .debug_rnglists
                0x000009e9      0x1a1 CMakeFiles/TIM_EXTERNAL.elf.dir/Drivers/STM32F1xx_HAL_Driver/Src/stm32f1xx_hal_uart.c.obj

.debug_line     0x00000000    0x126a2
 .debug_line    0x00000000      0x15f CMakeFiles/TIM_EXTERNAL.elf.dir/Core/Src/gpio.c.obj
 .debug_line    0x0000015f      0x319 CMakeFiles/TIM_EXTERNAL.elf.dir/Core/Src/i2c.c.obj
 .debug_line    0x00000478      0x485 CMakeFiles/TIM_EXTERNAL.elf.dir/Core/Src/main.c.obj
 .debug_line    0x000008fd      0x173 CMakeFiles/TIM_EXTERNAL.elf.dir/Core/Src/stm32f1xx_hal_msp.c.obj
 .debug_line    0x00000a70      0x2c8 CMakeFiles/TIM_EXTERNAL.elf.dir/Core/Src/stm32f1xx_it.c.obj
 .debug_line    0x00000d38      0x3cd CMakeFiles/TIM_EXTERNAL.elf.dir/Core/Src/syscalls.c.obj
 .debug_line    0x00001105      0x19f CMakeFiles/TIM_EXTERNAL.elf.dir/Core/Src/sysmem.c.obj
 .debug_line    0x000012a4      0x23b CMakeFiles/TIM_EXTERNAL.elf.dir/Core/Src/system_stm32f1xx.c.obj
 .debug_line    0x000014df      0x3ab CMakeFiles/TIM_EXTERNAL.elf.dir/Core/Src/tim.c.obj
 .debug_line    0x0000188a      0x32f CMakeFiles/TIM_EXTERNAL.elf.dir/Core/Src/usart.c.obj
 .debug_line    0x00001bb9       0x78 CMakeFiles/TIM_EXTERNAL.elf.dir/Core/Startup/startup_stm32f103c8tx.s.obj
 .debug_line    0x00001c31      0x566 CMakeFiles/TIM_EXTERNAL.elf.dir/Drivers/STM32F1xx_HAL_Driver/Src/stm32f1xx_hal.c.obj
 .debug_line    0x00002197      0x6be CMakeFiles/TIM_EXTERNAL.elf.dir/Drivers/STM32F1xx_HAL_Driver/Src/stm32f1xx_hal_cortex.c.obj
 .debug_line    0x00002855      0x5e7 CMakeFiles/TIM_EXTERNAL.elf.dir/Drivers/STM32F1xx_HAL_Driver/Src/stm32f1xx_hal_gpio.c.obj
 .debug_line    0x00002e3c     0x5619 CMakeFiles/TIM_EXTERNAL.elf.dir/Drivers/STM32F1xx_HAL_Driver/Src/stm32f1xx_hal_i2c.c.obj
 .debug_line    0x00008455      0xcc1 CMakeFiles/TIM_EXTERNAL.elf.dir/Drivers/STM32F1xx_HAL_Driver/Src/stm32f1xx_hal_rcc.c.obj
 .debug_line    0x00009116     0x4613 CMakeFiles/TIM_EXTERNAL.elf.dir/Drivers/STM32F1xx_HAL_Driver/Src/stm32f1xx_hal_tim.c.obj
 .debug_line    0x0000d729     0x1a26 CMakeFiles/TIM_EXTERNAL.elf.dir/Drivers/STM32F1xx_HAL_Driver/Src/stm32f1xx_hal_tim_ex.c.obj
 .debug_line    0x0000f14f     0x3553 CMakeFiles/TIM_EXTERNAL.elf.dir/Drivers/STM32F1xx_HAL_Driver/Src/stm32f1xx_hal_uart.c.obj

.debug_str      0x00000000     0x44c5
 .debug_str     0x00000000     0x44c5 CMakeFiles/TIM_EXTERNAL.elf.dir/Core/Src/gpio.c.obj
                                0x215 (size before relaxing)
 .debug_str     0x000044c5      0x776 CMakeFiles/TIM_EXTERNAL.elf.dir/Core/Src/i2c.c.obj
 .debug_str     0x000044c5      0xb23 CMakeFiles/TIM_EXTERNAL.elf.dir/Core/Src/main.c.obj
 .debug_str     0x000044c5      0x24f CMakeFiles/TIM_EXTERNAL.elf.dir/Core/Src/stm32f1xx_hal_msp.c.obj
 .debug_str     0x000044c5      0x743 CMakeFiles/TIM_EXTERNAL.elf.dir/Core/Src/stm32f1xx_it.c.obj
 .debug_str     0x000044c5      0x41c CMakeFiles/TIM_EXTERNAL.elf.dir/Core/Src/syscalls.c.obj
 .debug_str     0x000044c5      0x248 CMakeFiles/TIM_EXTERNAL.elf.dir/Core/Src/sysmem.c.obj
 .debug_str     0x000044c5      0x284 CMakeFiles/TIM_EXTERNAL.elf.dir/Core/Src/system_stm32f1xx.c.obj
 .debug_str     0x000044c5      0xc5f CMakeFiles/TIM_EXTERNAL.elf.dir/Core/Src/tim.c.obj
 .debug_str     0x000044c5      0x702 CMakeFiles/TIM_EXTERNAL.elf.dir/Core/Src/usart.c.obj
 .debug_str     0x000044c5       0x95 CMakeFiles/TIM_EXTERNAL.elf.dir/Core/Startup/startup_stm32f103c8tx.s.obj
 .debug_str     0x000044c5      0x85e CMakeFiles/TIM_EXTERNAL.elf.dir/Drivers/STM32F1xx_HAL_Driver/Src/stm32f1xx_hal.c.obj
 .debug_str     0x000044c5      0x903 CMakeFiles/TIM_EXTERNAL.elf.dir/Drivers/STM32F1xx_HAL_Driver/Src/stm32f1xx_hal_cortex.c.obj
 .debug_str     0x000044c5      0x430 CMakeFiles/TIM_EXTERNAL.elf.dir/Drivers/STM32F1xx_HAL_Driver/Src/stm32f1xx_hal_gpio.c.obj
 .debug_str     0x000044c5      0xff5 CMakeFiles/TIM_EXTERNAL.elf.dir/Drivers/STM32F1xx_HAL_Driver/Src/stm32f1xx_hal_i2c.c.obj
 .debug_str     0x000044c5      0x65b CMakeFiles/TIM_EXTERNAL.elf.dir/Drivers/STM32F1xx_HAL_Driver/Src/stm32f1xx_hal_rcc.c.obj
 .debug_str     0x000044c5     0x16a5 CMakeFiles/TIM_EXTERNAL.elf.dir/Drivers/STM32F1xx_HAL_Driver/Src/stm32f1xx_hal_tim.c.obj
 .debug_str     0x000044c5      0xec1 CMakeFiles/TIM_EXTERNAL.elf.dir/Drivers/STM32F1xx_HAL_Driver/Src/stm32f1xx_hal_tim_ex.c.obj
 .debug_str     0x000044c5      0xd24 CMakeFiles/TIM_EXTERNAL.elf.dir/Drivers/STM32F1xx_HAL_Driver/Src/stm32f1xx_hal_uart.c.obj

.comment        0x00000000       0x45
 .comment       0x00000000       0x45 CMakeFiles/TIM_EXTERNAL.elf.dir/Core/Src/gpio.c.obj
                                 0x46 (size before relaxing)
 .comment       0x00000045       0x46 CMakeFiles/TIM_EXTERNAL.elf.dir/Core/Src/i2c.c.obj
 .comment       0x00000045       0x46 CMakeFiles/TIM_EXTERNAL.elf.dir/Core/Src/main.c.obj
 .comment       0x00000045       0x46 CMakeFiles/TIM_EXTERNAL.elf.dir/Core/Src/stm32f1xx_hal_msp.c.obj
 .comment       0x00000045       0x46 CMakeFiles/TIM_EXTERNAL.elf.dir/Core/Src/stm32f1xx_it.c.obj
 .comment       0x00000045       0x46 CMakeFiles/TIM_EXTERNAL.elf.dir/Core/Src/syscalls.c.obj
 .comment       0x00000045       0x46 CMakeFiles/TIM_EXTERNAL.elf.dir/Core/Src/sysmem.c.obj
 .comment       0x00000045       0x46 CMakeFiles/TIM_EXTERNAL.elf.dir/Core/Src/system_stm32f1xx.c.obj
 .comment       0x00000045       0x46 CMakeFiles/TIM_EXTERNAL.elf.dir/Core/Src/tim.c.obj
 .comment       0x00000045       0x46 CMakeFiles/TIM_EXTERNAL.elf.dir/Core/Src/usart.c.obj
 .comment       0x00000045       0x46 CMakeFiles/TIM_EXTERNAL.elf.dir/Drivers/STM32F1xx_HAL_Driver/Src/stm32f1xx_hal.c.obj
 .comment       0x00000045       0x46 CMakeFiles/TIM_EXTERNAL.elf.dir/Drivers/STM32F1xx_HAL_Driver/Src/stm32f1xx_hal_cortex.c.obj
 .comment       0x00000045       0x46 CMakeFiles/TIM_EXTERNAL.elf.dir/Drivers/STM32F1xx_HAL_Driver/Src/stm32f1xx_hal_gpio.c.obj
 .comment       0x00000045       0x46 CMakeFiles/TIM_EXTERNAL.elf.dir/Drivers/STM32F1xx_HAL_Driver/Src/stm32f1xx_hal_i2c.c.obj
 .comment       0x00000045       0x46 CMakeFiles/TIM_EXTERNAL.elf.dir/Drivers/STM32F1xx_HAL_Driver/Src/stm32f1xx_hal_rcc.c.obj
 .comment       0x00000045       0x46 CMakeFiles/TIM_EXTERNAL.elf.dir/Drivers/STM32F1xx_HAL_Driver/Src/stm32f1xx_hal_tim.c.obj
 .comment       0x00000045       0x46 CMakeFiles/TIM_EXTERNAL.elf.dir/Drivers/STM32F1xx_HAL_Driver/Src/stm32f1xx_hal_tim_ex.c.obj
 .comment       0x00000045       0x46 CMakeFiles/TIM_EXTERNAL.elf.dir/Drivers/STM32F1xx_HAL_Driver/Src/stm32f1xx_hal_uart.c.obj

.debug_frame    0x00000000     0x3fb4
 .debug_frame   0x00000000       0x28 CMakeFiles/TIM_EXTERNAL.elf.dir/Core/Src/gpio.c.obj
 .debug_frame   0x00000028       0x60 CMakeFiles/TIM_EXTERNAL.elf.dir/Core/Src/i2c.c.obj
 .debug_frame   0x00000088       0x70 CMakeFiles/TIM_EXTERNAL.elf.dir/Core/Src/main.c.obj
 .debug_frame   0x000000f8       0x28 CMakeFiles/TIM_EXTERNAL.elf.dir/Core/Src/stm32f1xx_hal_msp.c.obj
 .debug_frame   0x00000120       0xc0 CMakeFiles/TIM_EXTERNAL.elf.dir/Core/Src/stm32f1xx_it.c.obj
 .debug_frame   0x000001e0      0x190 CMakeFiles/TIM_EXTERNAL.elf.dir/Core/Src/syscalls.c.obj
 .debug_frame   0x00000370       0x28 CMakeFiles/TIM_EXTERNAL.elf.dir/Core/Src/sysmem.c.obj
 .debug_frame   0x00000398       0x30 CMakeFiles/TIM_EXTERNAL.elf.dir/Core/Src/system_stm32f1xx.c.obj
 .debug_frame   0x000003c8       0x68 CMakeFiles/TIM_EXTERNAL.elf.dir/Core/Src/tim.c.obj
 .debug_frame   0x00000430       0x60 CMakeFiles/TIM_EXTERNAL.elf.dir/Core/Src/usart.c.obj
 .debug_frame   0x00000490      0x1cc CMakeFiles/TIM_EXTERNAL.elf.dir/Drivers/STM32F1xx_HAL_Driver/Src/stm32f1xx_hal.c.obj
 .debug_frame   0x0000065c      0x19c CMakeFiles/TIM_EXTERNAL.elf.dir/Drivers/STM32F1xx_HAL_Driver/Src/stm32f1xx_hal_cortex.c.obj
 .debug_frame   0x000007f8       0xe4 CMakeFiles/TIM_EXTERNAL.elf.dir/Drivers/STM32F1xx_HAL_Driver/Src/stm32f1xx_hal_gpio.c.obj
 .debug_frame   0x000008dc      0x984 CMakeFiles/TIM_EXTERNAL.elf.dir/Drivers/STM32F1xx_HAL_Driver/Src/stm32f1xx_hal_i2c.c.obj
 .debug_frame   0x00001260      0x184 CMakeFiles/TIM_EXTERNAL.elf.dir/Drivers/STM32F1xx_HAL_Driver/Src/stm32f1xx_hal_rcc.c.obj
 .debug_frame   0x000013e4      0xb14 CMakeFiles/TIM_EXTERNAL.elf.dir/Drivers/STM32F1xx_HAL_Driver/Src/stm32f1xx_hal_tim.c.obj
 .debug_frame   0x00001ef8      0x418 CMakeFiles/TIM_EXTERNAL.elf.dir/Drivers/STM32F1xx_HAL_Driver/Src/stm32f1xx_hal_tim_ex.c.obj
 .debug_frame   0x00002310      0x5d4 CMakeFiles/TIM_EXTERNAL.elf.dir/Drivers/STM32F1xx_HAL_Driver/Src/stm32f1xx_hal_uart.c.obj
 .debug_frame   0x000028e4       0xac D:/arm-none-eabi/13.3 rel1/bin/../lib/gcc/arm-none-eabi/13.3.1/thumb/v7-m/nofp\libgcc.a(_arm_addsubdf3.o)
 .debug_frame   0x00002990       0x24 D:/arm-none-eabi/13.3 rel1/bin/../lib/gcc/arm-none-eabi/13.3.1/thumb/v7-m/nofp\libgcc.a(_arm_fixdfsi.o)
 .debug_frame   0x000029b4      0x13c D:/arm-none-eabi/13.3 rel1/bin/../lib/gcc/arm-none-eabi/13.3.1/thumb/v7-m/nofp\libg.a(libc_a-findfp.o)
 .debug_frame   0x00002af0       0x34 D:/arm-none-eabi/13.3 rel1/bin/../lib/gcc/arm-none-eabi/13.3.1/thumb/v7-m/nofp\libg.a(libc_a-fwalk.o)
 .debug_frame   0x00002b24       0x80 D:/arm-none-eabi/13.3 rel1/bin/../lib/gcc/arm-none-eabi/13.3.1/thumb/v7-m/nofp\libg.a(libc_a-sprintf.o)
 .debug_frame   0x00002ba4       0x8c D:/arm-none-eabi/13.3 rel1/bin/../lib/gcc/arm-none-eabi/13.3.1/thumb/v7-m/nofp\libg.a(libc_a-stdio.o)
 .debug_frame   0x00002c30       0x2c D:/arm-none-eabi/13.3 rel1/bin/../lib/gcc/arm-none-eabi/13.3.1/thumb/v7-m/nofp\libg.a(libc_a-memset.o)
 .debug_frame   0x00002c5c       0x2c D:/arm-none-eabi/13.3 rel1/bin/../lib/gcc/arm-none-eabi/13.3.1/thumb/v7-m/nofp\libg.a(libc_a-closer.o)
 .debug_frame   0x00002c88       0x3c D:/arm-none-eabi/13.3 rel1/bin/../lib/gcc/arm-none-eabi/13.3.1/thumb/v7-m/nofp\libg.a(libc_a-reent.o)
 .debug_frame   0x00002cc4       0x2c D:/arm-none-eabi/13.3 rel1/bin/../lib/gcc/arm-none-eabi/13.3.1/thumb/v7-m/nofp\libg.a(libc_a-lseekr.o)
 .debug_frame   0x00002cf0       0x2c D:/arm-none-eabi/13.3 rel1/bin/../lib/gcc/arm-none-eabi/13.3.1/thumb/v7-m/nofp\libg.a(libc_a-readr.o)
 .debug_frame   0x00002d1c       0x2c D:/arm-none-eabi/13.3 rel1/bin/../lib/gcc/arm-none-eabi/13.3.1/thumb/v7-m/nofp\libg.a(libc_a-writer.o)
 .debug_frame   0x00002d48       0x20 D:/arm-none-eabi/13.3 rel1/bin/../lib/gcc/arm-none-eabi/13.3.1/thumb/v7-m/nofp\libg.a(libc_a-errno.o)
 .debug_frame   0x00002d68       0x2c D:/arm-none-eabi/13.3 rel1/bin/../lib/gcc/arm-none-eabi/13.3.1/thumb/v7-m/nofp\libg.a(libc_a-init.o)
 .debug_frame   0x00002d94       0xb0 D:/arm-none-eabi/13.3 rel1/bin/../lib/gcc/arm-none-eabi/13.3.1/thumb/v7-m/nofp\libg.a(libc_a-lock.o)
 .debug_frame   0x00002e44       0x20 D:/arm-none-eabi/13.3 rel1/bin/../lib/gcc/arm-none-eabi/13.3.1/thumb/v7-m/nofp\libg.a(libc_a-strlen-stub.o)
 .debug_frame   0x00002e64       0x5c D:/arm-none-eabi/13.3 rel1/bin/../lib/gcc/arm-none-eabi/13.3.1/thumb/v7-m/nofp\libg.a(libc_a-__call_atexit.o)
 .debug_frame   0x00002ec0       0x20 D:/arm-none-eabi/13.3 rel1/bin/../lib/gcc/arm-none-eabi/13.3.1/thumb/v7-m/nofp\libg.a(libc_a-atexit.o)
 .debug_frame   0x00002ee0       0x78 D:/arm-none-eabi/13.3 rel1/bin/../lib/gcc/arm-none-eabi/13.3.1/thumb/v7-m/nofp\libg.a(libc_a-freer.o)
 .debug_frame   0x00002f58       0x48 D:/arm-none-eabi/13.3 rel1/bin/../lib/gcc/arm-none-eabi/13.3.1/thumb/v7-m/nofp\libg.a(libc_a-mallocr.o)
 .debug_frame   0x00002fa0       0x30 D:/arm-none-eabi/13.3 rel1/bin/../lib/gcc/arm-none-eabi/13.3.1/thumb/v7-m/nofp\libg.a(libc_a-mlock.o)
 .debug_frame   0x00002fd0       0x44 D:/arm-none-eabi/13.3 rel1/bin/../lib/gcc/arm-none-eabi/13.3.1/thumb/v7-m/nofp\libg.a(libc_a-svfprintf.o)
 .debug_frame   0x00003014       0x30 D:/arm-none-eabi/13.3 rel1/bin/../lib/gcc/arm-none-eabi/13.3.1/thumb/v7-m/nofp\libg.a(libc_a-ssprint_r.o)
 .debug_frame   0x00003044       0x3c D:/arm-none-eabi/13.3 rel1/bin/../lib/gcc/arm-none-eabi/13.3.1/thumb/v7-m/nofp\libg.a(libc_a-fclose.o)
 .debug_frame   0x00003080       0x70 D:/arm-none-eabi/13.3 rel1/bin/../lib/gcc/arm-none-eabi/13.3.1/thumb/v7-m/nofp\libg.a(libc_a-fflush.o)
 .debug_frame   0x000030f0       0x28 D:/arm-none-eabi/13.3 rel1/bin/../lib/gcc/arm-none-eabi/13.3.1/thumb/v7-m/nofp\libg.a(libc_a-strncpy.o)
 .debug_frame   0x00003118       0xdc D:/arm-none-eabi/13.3 rel1/bin/../lib/gcc/arm-none-eabi/13.3.1/thumb/v7-m/nofp\libg.a(libc_a-locale.o)
 .debug_frame   0x000031f4       0x40 D:/arm-none-eabi/13.3 rel1/bin/../lib/gcc/arm-none-eabi/13.3.1/thumb/v7-m/nofp\libg.a(libc_a-localeconv.o)
 .debug_frame   0x00003234       0x2c D:/arm-none-eabi/13.3 rel1/bin/../lib/gcc/arm-none-eabi/13.3.1/thumb/v7-m/nofp\libg.a(libc_a-sbrkr.o)
 .debug_frame   0x00003260       0x34 D:/arm-none-eabi/13.3 rel1/bin/../lib/gcc/arm-none-eabi/13.3.1/thumb/v7-m/nofp\libg.a(libc_a-fini.o)
 .debug_frame   0x00003294       0x28 D:/arm-none-eabi/13.3 rel1/bin/../lib/gcc/arm-none-eabi/13.3.1/thumb/v7-m/nofp\libg.a(libc_a-sysconf.o)
 .debug_frame   0x000032bc       0x2c D:/arm-none-eabi/13.3 rel1/bin/../lib/gcc/arm-none-eabi/13.3.1/thumb/v7-m/nofp\libg.a(libc_a-memchr-stub.o)
 .debug_frame   0x000032e8       0x30 D:/arm-none-eabi/13.3 rel1/bin/../lib/gcc/arm-none-eabi/13.3.1/thumb/v7-m/nofp\libg.a(libm_a-s_frexp.o)
 .debug_frame   0x00003318       0x34 D:/arm-none-eabi/13.3 rel1/bin/../lib/gcc/arm-none-eabi/13.3.1/thumb/v7-m/nofp\libg.a(libc_a-__atexit.o)
 .debug_frame   0x0000334c       0x84 D:/arm-none-eabi/13.3 rel1/bin/../lib/gcc/arm-none-eabi/13.3.1/thumb/v7-m/nofp\libg.a(libc_a-dtoa.o)
 .debug_frame   0x000033d0      0x130 D:/arm-none-eabi/13.3 rel1/bin/../lib/gcc/arm-none-eabi/13.3.1/thumb/v7-m/nofp\libg.a(libc_a-mbtowc_r.o)
 .debug_frame   0x00003500      0x270 D:/arm-none-eabi/13.3 rel1/bin/../lib/gcc/arm-none-eabi/13.3.1/thumb/v7-m/nofp\libg.a(libc_a-mprec.o)
 .debug_frame   0x00003770       0x9c D:/arm-none-eabi/13.3 rel1/bin/../lib/gcc/arm-none-eabi/13.3.1/thumb/v7-m/nofp\libg.a(libc_a-wctomb_r.o)
 .debug_frame   0x0000380c       0x60 D:/arm-none-eabi/13.3 rel1/bin/../lib/gcc/arm-none-eabi/13.3.1/thumb/v7-m/nofp\libg.a(libc_a-wcrtomb.o)
 .debug_frame   0x0000386c       0x50 D:/arm-none-eabi/13.3 rel1/bin/../lib/gcc/arm-none-eabi/13.3.1/thumb/v7-m/nofp\libg.a(libc_a-wcsrtombs.o)
 .debug_frame   0x000038bc       0x20 D:/arm-none-eabi/13.3 rel1/bin/../lib/gcc/arm-none-eabi/13.3.1/thumb/v7-m/nofp\libg.a(libc_a-ctype_.o)
 .debug_frame   0x000038dc       0x34 D:/arm-none-eabi/13.3 rel1/bin/../lib/gcc/arm-none-eabi/13.3.1/thumb/v7-m/nofp\libg.a(libc_a-ssputs_r.o)
 .debug_frame   0x00003910       0x40 D:/arm-none-eabi/13.3 rel1/bin/../lib/gcc/arm-none-eabi/13.3.1/thumb/v7-m/nofp\libg.a(libc_a-memmove.o)
 .debug_frame   0x00003950       0x40 D:/arm-none-eabi/13.3 rel1/bin/../lib/gcc/arm-none-eabi/13.3.1/thumb/v7-m/nofp\libg.a(libc_a-assert.o)