Archive member included to satisfy reference by file (symbol)

D:/arm-none-eabi/13.3 rel1/bin/../lib/gcc/arm-none-eabi/13.3.1/thumb/v7-m/nofp\libgcc.a(_arm_mulsf3.o)
                              CMakeFiles/aht20.elf.dir/Core/Src/ah20.c.obj (__aeabi_fmul)
D:/arm-none-eabi/13.3 rel1/bin/../lib/gcc/arm-none-eabi/13.3.1/thumb/v7-m/nofp\libgcc.a(_arm_addsubdf3.o)
                              CMakeFiles/aht20.elf.dir/Core/Src/main.c.obj (__aeabi_f2d)
D:/arm-none-eabi/13.3 rel1/bin/../lib/gcc/arm-none-eabi/13.3.1/thumb/v7-m/nofp\libgcc.a(_arm_addsubsf3.o)
                              CMakeFiles/aht20.elf.dir/Core/Src/ah20.c.obj (__aeabi_fsub)
D:/arm-none-eabi/13.3 rel1/bin/../lib/gcc/arm-none-eabi/13.3.1/thumb/v7-m/nofp\libg.a(libc_a-exit.o)
                              D:/arm-none-eabi/13.3 rel1/bin/../lib/gcc/arm-none-eabi/13.3.1/thumb/v7-m/nofp/crt0.o (exit)
D:/arm-none-eabi/13.3 rel1/bin/../lib/gcc/arm-none-eabi/13.3.1/thumb/v7-m/nofp\libg.a(libc_a-findfp.o)
                              D:/arm-none-eabi/13.3 rel1/bin/../lib/gcc/arm-none-eabi/13.3.1/thumb/v7-m/nofp\libg.a(libc_a-exit.o) (__stdio_exit_handler)
D:/arm-none-eabi/13.3 rel1/bin/../lib/gcc/arm-none-eabi/13.3.1/thumb/v7-m/nofp\libg.a(libc_a-fwalk.o)
                              D:/arm-none-eabi/13.3 rel1/bin/../lib/gcc/arm-none-eabi/13.3.1/thumb/v7-m/nofp\libg.a(libc_a-findfp.o) (_fwalk_sglue)
D:/arm-none-eabi/13.3 rel1/bin/../lib/gcc/arm-none-eabi/13.3.1/thumb/v7-m/nofp\libg.a(libc_a-sprintf.o)
                              CMakeFiles/aht20.elf.dir/Core/Src/main.c.obj (sprintf)
D:/arm-none-eabi/13.3 rel1/bin/../lib/gcc/arm-none-eabi/13.3.1/thumb/v7-m/nofp\libg.a(libc_a-stdio.o)
                              D:/arm-none-eabi/13.3 rel1/bin/../lib/gcc/arm-none-eabi/13.3.1/thumb/v7-m/nofp\libg.a(libc_a-findfp.o) (__sread)
D:/arm-none-eabi/13.3 rel1/bin/../lib/gcc/arm-none-eabi/13.3.1/thumb/v7-m/nofp\libg.a(libc_a-memset.o)
                              D:/arm-none-eabi/13.3 rel1/bin/../lib/gcc/arm-none-eabi/13.3.1/thumb/v7-m/nofp/crt0.o (memset)
D:/arm-none-eabi/13.3 rel1/bin/../lib/gcc/arm-none-eabi/13.3.1/thumb/v7-m/nofp\libg.a(libc_a-closer.o)
                              D:/arm-none-eabi/13.3 rel1/bin/../lib/gcc/arm-none-eabi/13.3.1/thumb/v7-m/nofp\libg.a(libc_a-stdio.o) (_close_r)
D:/arm-none-eabi/13.3 rel1/bin/../lib/gcc/arm-none-eabi/13.3.1/thumb/v7-m/nofp\libg.a(libc_a-reent.o)
                              D:/arm-none-eabi/13.3 rel1/bin/../lib/gcc/arm-none-eabi/13.3.1/thumb/v7-m/nofp\libg.a(libc_a-closer.o) (errno)
D:/arm-none-eabi/13.3 rel1/bin/../lib/gcc/arm-none-eabi/13.3.1/thumb/v7-m/nofp\libg.a(libc_a-impure.o)
                              D:/arm-none-eabi/13.3 rel1/bin/../lib/gcc/arm-none-eabi/13.3.1/thumb/v7-m/nofp\libg.a(libc_a-sprintf.o) (_impure_ptr)
D:/arm-none-eabi/13.3 rel1/bin/../lib/gcc/arm-none-eabi/13.3.1/thumb/v7-m/nofp\libg.a(libc_a-lseekr.o)
                              D:/arm-none-eabi/13.3 rel1/bin/../lib/gcc/arm-none-eabi/13.3.1/thumb/v7-m/nofp\libg.a(libc_a-stdio.o) (_lseek_r)
D:/arm-none-eabi/13.3 rel1/bin/../lib/gcc/arm-none-eabi/13.3.1/thumb/v7-m/nofp\libg.a(libc_a-readr.o)
                              D:/arm-none-eabi/13.3 rel1/bin/../lib/gcc/arm-none-eabi/13.3.1/thumb/v7-m/nofp\libg.a(libc_a-stdio.o) (_read_r)
D:/arm-none-eabi/13.3 rel1/bin/../lib/gcc/arm-none-eabi/13.3.1/thumb/v7-m/nofp\libg.a(libc_a-writer.o)
                              D:/arm-none-eabi/13.3 rel1/bin/../lib/gcc/arm-none-eabi/13.3.1/thumb/v7-m/nofp\libg.a(libc_a-stdio.o) (_write_r)
D:/arm-none-eabi/13.3 rel1/bin/../lib/gcc/arm-none-eabi/13.3.1/thumb/v7-m/nofp\libg.a(libc_a-errno.o)
                              CMakeFiles/aht20.elf.dir/Core/Src/syscalls.c.obj (__errno)
D:/arm-none-eabi/13.3 rel1/bin/../lib/gcc/arm-none-eabi/13.3.1/thumb/v7-m/nofp\libg.a(libc_a-init.o)
                              D:/arm-none-eabi/13.3 rel1/bin/../lib/gcc/arm-none-eabi/13.3.1/thumb/v7-m/nofp/crt0.o (__libc_init_array)
D:/arm-none-eabi/13.3 rel1/bin/../lib/gcc/arm-none-eabi/13.3.1/thumb/v7-m/nofp\libg.a(libc_a-lock.o)
                              D:/arm-none-eabi/13.3 rel1/bin/../lib/gcc/arm-none-eabi/13.3.1/thumb/v7-m/nofp\libg.a(libc_a-findfp.o) (__retarget_lock_init_recursive)
D:/arm-none-eabi/13.3 rel1/bin/../lib/gcc/arm-none-eabi/13.3.1/thumb/v7-m/nofp\libg.a(libc_a-strlen-stub.o)
                              CMakeFiles/aht20.elf.dir/Core/Src/main.c.obj (strlen)
D:/arm-none-eabi/13.3 rel1/bin/../lib/gcc/arm-none-eabi/13.3.1/thumb/v7-m/nofp\libg.a(libc_a-__call_atexit.o)
                              D:/arm-none-eabi/13.3 rel1/bin/../lib/gcc/arm-none-eabi/13.3.1/thumb/v7-m/nofp\libg.a(libc_a-exit.o) (__call_exitprocs)
D:/arm-none-eabi/13.3 rel1/bin/../lib/gcc/arm-none-eabi/13.3.1/thumb/v7-m/nofp\libg.a(libc_a-atexit.o)
                              D:/arm-none-eabi/13.3 rel1/bin/../lib/gcc/arm-none-eabi/13.3.1/thumb/v7-m/nofp\libg.a(libc_a-__call_atexit.o) (atexit)
[...]
Memory Configuration

Name             Origin             Length             Attributes
RAM              0x20000000         0x00005000         xrw
FLASH            0x08000000         0x00010000         xr
*default*        0x00000000         0xffffffff

Linker script and memory map

LOAD D:/arm-none-eabi/13.3 rel1/bin/../lib/gcc/arm-none-eabi/13.3.1/thumb/v7-m/nofp/crti.o
LOAD D:/arm-none-eabi/13.3 rel1/bin/../lib/gcc/arm-none-eabi/13.3.1/thumb/v7-m/nofp/crtbegin.o
LOAD D:/arm-none-eabi/13.3 rel1/bin/../lib/gcc/arm-none-eabi/13.3.1/thumb/v7-m/nofp/crt0.o
LOAD CMakeFiles/aht20.elf.dir/Core/Src/ah20.c.obj
LOAD CMakeFiles/aht20.elf.dir/Core/Src/dma.c.obj
LOAD CMakeFiles/aht20.elf.dir/Core/Src/gpio.c.obj
LOAD CMakeFiles/aht20.elf.dir/Core/Src/i2c.c.obj
LOAD CMakeFiles/aht20.elf.dir/Core/Src/main.c.obj
LOAD CMakeFiles/aht20.elf.dir/Core/Src/stm32f1xx_hal_msp.c.obj
LOAD CMakeFiles/aht20.elf.dir/Core/Src/stm32f1xx_it.c.obj
LOAD CMakeFiles/aht20.elf.dir/Core/Src/syscalls.c.obj
LOAD CMakeFiles/aht20.elf.dir/Core/Src/sysmem.c.obj
LOAD CMakeFiles/aht20.elf.dir/Core/Src/system_stm32f1xx.c.obj
LOAD CMakeFiles/aht20.elf.dir/Core/Src/usart.c.obj
LOAD CMakeFiles/aht20.elf.dir/Core/Startup/startup_stm32f103c8tx.s.obj
LOAD CMakeFiles/aht20.elf.dir/Drivers/STM32F1xx_HAL_Driver/Src/stm32f1xx_hal.c.obj
LOAD CMakeFiles/aht20.elf.dir/Drivers/STM32F1xx_HAL_Driver/Src/stm32f1xx_hal_cortex.c.obj
LOAD CMakeFiles/aht20.elf.dir/Drivers/STM32F1xx_HAL_Driver/Src/stm32f1xx_hal_dma.c.obj
LOAD CMakeFiles/aht20.elf.dir/Drivers/STM32F1xx_HAL_Driver/Src/stm32f1xx_hal_exti.c.obj
LOAD CMakeFiles/aht20.elf.dir/Drivers/STM32F1xx_HAL_Driver/Src/stm32f1xx_hal_flash.c.obj
LOAD CMakeFiles/aht20.elf.dir/Drivers/STM32F1xx_HAL_Driver/Src/stm32f1xx_hal_flash_ex.c.obj
LOAD CMakeFiles/aht20.elf.dir/Drivers/STM32F1xx_HAL_Driver/Src/stm32f1xx_hal_gpio.c.obj
LOAD CMakeFiles/aht20.elf.dir/Drivers/STM32F1xx_HAL_Driver/Src/stm32f1xx_hal_gpio_ex.c.obj
LOAD CMakeFiles/aht20.elf.dir/Drivers/STM32F1xx_HAL_Driver/Src/stm32f1xx_hal_i2c.c.obj
LOAD CMakeFiles/aht20.elf.dir/Drivers/STM32F1xx_HAL_Driver/Src/stm32f1xx_hal_pwr.c.obj
LOAD CMakeFiles/aht20.elf.dir/Drivers/STM32F1xx_HAL_Driver/Src/stm32f1xx_hal_rcc.c.obj
LOAD CMakeFiles/aht20.elf.dir/Drivers/STM32F1xx_HAL_Driver/Src/stm32f1xx_hal_rcc_ex.c.obj
LOAD CMakeFiles/aht20.elf.dir/Drivers/STM32F1xx_HAL_Driver/Src/stm32f1xx_hal_tim.c.obj
LOAD CMakeFiles/aht20.elf.dir/Drivers/STM32F1xx_HAL_Driver/Src/stm32f1xx_hal_tim_ex.c.obj
LOAD CMakeFiles/aht20.elf.dir/Drivers/STM32F1xx_HAL_Driver/Src/stm32f1xx_hal_uart.c.obj
START GROUP
LOAD D:/arm-none-eabi/13.3 rel1/bin/../lib/gcc/arm-none-eabi/13.3.1/thumb/v7-m/nofp\libgcc.a
LOAD D:/arm-none-eabi/13.3 rel1/bin/../lib/gcc/arm-none-eabi/13.3.1/thumb/v7-m/nofp\libg.a
LOAD D:/arm-none-eabi/13.3 rel1/bin/../lib/gcc/arm-none-eabi/13.3.1/thumb/v7-m/nofp\libc.a
END GROUP
LOAD D:/arm-none-eabi/13.3 rel1/bin/../lib/gcc/arm-none-eabi/13.3.1/thumb/v7-m/nofp/crtend.o
LOAD D:/arm-none-eabi/13.3 rel1/bin/../lib/gcc/arm-none-eabi/13.3.1/thumb/v7-m/nofp/crtn.o
                0x20005000                        _estack = (ORIGIN (RAM) + LENGTH (RAM))
                0x00000200                        _Min_Heap_Size = 0x200
                0x00000400                        _Min_Stack_Size = 0x400

.isr_vector     0x08000000      0x10c
                0x08000000                        . = ALIGN (0x4)
 *(.isr_vector)
 .isr_vector    0x08000000      0x10c CMakeFiles/aht20.elf.dir/Core/Startup/startup_stm32f103c8tx.s.obj
                0x08000000                g_pfnVectors
                0x0800010c                        . = ALIGN (0x4)

.text           0x08000110     0xa468
                0x08000110                        . = ALIGN (0x4)
 *(.text)
 .text          0x08000110      0x168 D:/arm-none-eabi/13.3 rel1/bin/../lib/gcc/arm-none-eabi/13.3.1/thumb/v7-m/nofp\libgcc.a(_arm_mulsf3.o)
                0x08000110                __aeabi_fmul
                0x08000110                __mulsf3
 .text          0x08000278      0x378 D:/arm-none-eabi/13.3 rel1/bin/../lib/gcc/arm-none-eabi/13.3.1/thumb/v7-m/nofp\libgcc.a(_arm_addsubdf3.o)
                0x08000278                __aeabi_drsub
                0x08000280                __aeabi_dsub
                0x08000280                __subdf3
                0x08000284                __aeabi_dadd
                0x08000284                __adddf3
                0x080004fc                __floatunsidf
                0x080004fc                __aeabi_ui2d
                0x0800051c                __floatsidf
                0x0800051c                __aeabi_i2d
                0x08000540                __aeabi_f2d
                0x08000540                __extendsfdf2
                0x08000584                __floatundidf
                0x08000584                __aeabi_ul2d
                0x08000594                __floatdidf
                0x08000594                __aeabi_l2d
 .text          0x080005f0      0x21c D:/arm-none-eabi/13.3 rel1/bin/../lib/gcc/arm-none-eabi/13.3.1/thumb/v7-m/nofp\libgcc.a(_arm_addsubsf3.o)
                0x080005f0                __aeabi_frsub
                0x080005f8                __subsf3
                0x080005f8                __aeabi_fsub
                0x080005fc                __aeabi_fadd
                0x080005fc                __addsf3
                0x0800075c                __aeabi_ui2f
                0x0800075c                __floatunsisf
                0x08000764                __aeabi_i2f
                0x08000764                __floatsisf
                0x08000780                __aeabi_ul2f
                0x08000780                __floatundisf
                0x08000790                __aeabi_l2f
                0x08000790                __floatdisf
 .text          0x0800080c       0xec D:/arm-none-eabi/13.3 rel1/bin/../lib/gcc/arm-none-eabi/13.3.1/thumb/v7-m/nofp\libg.a(libc_a-memcpy.o)
                0x0800080c                memcpy
 .text          0x080008f8      0x424 D:/arm-none-eabi/13.3 rel1/bin/../lib/gcc/arm-none-eabi/13.3.1/thumb/v7-m/nofp\libgcc.a(_arm_muldivdf3.o)
                0x080008f8                __aeabi_dmul
                0x080008f8                __muldf3
                0x08000b4c                __divdf3
                0x08000b4c                __aeabi_ddiv
 .text          0x08000d1c      0x110 D:/arm-none-eabi/13.3 rel1/bin/../lib/gcc/arm-none-eabi/13.3.1/thumb/v7-m/nofp\libgcc.a(_arm_cmpdf2.o)
                0x08000d1c                __gtdf2
                0x08000d1c                __gedf2
                0x08000d24                __ltdf2
                0x08000d24                __ledf2
                0x08000d2c                __nedf2
                0x08000d2c                __eqdf2
                0x08000d2c                __cmpdf2
                0x08000da8                __aeabi_cdrcmple
                0x08000db8                __aeabi_cdcmpeq
                0x08000db8                __aeabi_cdcmple
                0x08000dc8                __aeabi_dcmpeq
                0x08000ddc                __aeabi_dcmplt
                0x08000df0                __aeabi_dcmple
                0x08000e04                __aeabi_dcmpge
                0x08000e18                __aeabi_dcmpgt
 .text          0x08000e2c       0x2c D:/arm-none-eabi/13.3 rel1/bin/../lib/gcc/arm-none-eabi/13.3.1/thumb/v7-m/nofp\libgcc.a(_arm_unorddf2.o)
                0x08000e2c                __unorddf2
                0x08000e2c                __aeabi_dcmpun
 .text          0x08000e58       0x50 D:/arm-none-eabi/13.3 rel1/bin/../lib/gcc/arm-none-eabi/13.3.1/thumb/v7-m/nofp\libgcc.a(_arm_fixdfsi.o)
                0x08000e58                __aeabi_d2iz
                0x08000e58                __fixdfsi
 *(.text*)
 .text.deregister_tm_clones
                0x08000ea8       0x1c D:/arm-none-eabi/13.3 rel1/bin/../lib/gcc/arm-none-eabi/13.3.1/thumb/v7-m/nofp/crtbegin.o
 .text.register_tm_clones
                0x08000ec4       0x24 D:/arm-none-eabi/13.3 rel1/bin/../lib/gcc/arm-none-eabi/13.3.1/thumb/v7-m/nofp/crtbegin.o
 .text.__do_global_dtors_aux
                0x08000ee8       0x28 D:/arm-none-eabi/13.3 rel1/bin/../lib/gcc/arm-none-eabi/13.3.1/thumb/v7-m/nofp/crtbegin.o
 .text.frame_dummy
                0x08000f10       0x24 D:/arm-none-eabi/13.3 rel1/bin/../lib/gcc/arm-none-eabi/13.3.1/thumb/v7-m/nofp/crtbegin.o
 .text.AHT20_Init
                0x08000f34       0x58 CMakeFiles/aht20.elf.dir/Core/Src/ah20.c.obj
                0x08000f34                AHT20_Init
 .text.AHT20_Measure
                0x08000f8c       0x18 CMakeFiles/aht20.elf.dir/Core/Src/ah20.c.obj
                0x08000f8c                AHT20_Measure
 .text.AHT20_Get
                0x08000fa4       0x18 CMakeFiles/aht20.elf.dir/Core/Src/ah20.c.obj
                0x08000fa4                AHT20_Get
 .text.AHT20_Analysis
                0x08000fbc       0x78 CMakeFiles/aht20.elf.dir/Core/Src/ah20.c.obj
                0x08000fbc                AHT20_Analysis
 .text.MX_DMA_Init
                0x08001034       0x44 CMakeFiles/aht20.elf.dir/Core/Src/dma.c.obj
                0x08001034                MX_DMA_Init
 .text.MX_GPIO_Init
                0x08001078       0x44 CMakeFiles/aht20.elf.dir/Core/Src/gpio.c.obj
                0x08001078                MX_GPIO_Init
 .text.HAL_I2C_MasterTxCpltCallback
                0x080010bc       0x18 CMakeFiles/aht20.elf.dir/Core/Src/i2c.c.obj
                0x080010bc                HAL_I2C_MasterTxCpltCallback
 .text.HAL_I2C_MasterRxCpltCallback
                0x080010d4       0x18 CMakeFiles/aht20.elf.dir/Core/Src/i2c.c.obj
                0x080010d4                HAL_I2C_MasterRxCpltCallback
 .text.MX_I2C1_Init
                0x080010ec       0x3c CMakeFiles/aht20.elf.dir/Core/Src/i2c.c.obj
                0x080010ec                MX_I2C1_Init
 .text.HAL_I2C_MspInit
                0x08001128       0xec CMakeFiles/aht20.elf.dir/Core/Src/i2c.c.obj
                0x08001128                HAL_I2C_MspInit
 .text.Error_Handler
                0x08001214        0x4 CMakeFiles/aht20.elf.dir/Core/Src/main.c.obj
                0x08001214                Error_Handler
 .text.SystemClock_Config
                0x08001218       0x64 CMakeFiles/aht20.elf.dir/Core/Src/main.c.obj
                0x08001218                SystemClock_Config
 .text.main     0x0800127c       0xa8 CMakeFiles/aht20.elf.dir/Core/Src/main.c.obj
                0x0800127c                main
 .text.HAL_MspInit
                0x08001324       0x44 CMakeFiles/aht20.elf.dir/Core/Src/stm32f1xx_hal_msp.c.obj
                0x08001324                HAL_MspInit
 .text.NMI_Handler
                0x08001368        0x2 CMakeFiles/aht20.elf.dir/Core/Src/stm32f1xx_it.c.obj
                0x08001368                NMI_Handler
 .text.HardFault_Handler
                0x0800136a        0x2 CMakeFiles/aht20.elf.dir/Core/Src/stm32f1xx_it.c.obj
                0x0800136a                HardFault_Handler
 .text.MemManage_Handler
                0x0800136c        0x2 CMakeFiles/aht20.elf.dir/Core/Src/stm32f1xx_it.c.obj
                0x0800136c                MemManage_Handler
 .text.BusFault_Handler
                0x0800136e        0x2 CMakeFiles/aht20.elf.dir/Core/Src/stm32f1xx_it.c.obj
                0x0800136e                BusFault_Handler
 .text.UsageFault_Handler
                0x08001370        0x2 CMakeFiles/aht20.elf.dir/Core/Src/stm32f1xx_it.c.obj
                0x08001370                UsageFault_Handler
 .text.SVC_Handler
                0x08001372        0x2 CMakeFiles/aht20.elf.dir/Core/Src/stm32f1xx_it.c.obj
                0x08001372                SVC_Handler
 .text.DebugMon_Handler
                0x08001374        0x2 CMakeFiles/aht20.elf.dir/Core/Src/stm32f1xx_it.c.obj
                0x08001374                DebugMon_Handler
 .text.PendSV_Handler
                0x08001376        0x2 CMakeFiles/aht20.elf.dir/Core/Src/stm32f1xx_it.c.obj
                0x08001376                PendSV_Handler
 .text.SysTick_Handler
                0x08001378        0x8 CMakeFiles/aht20.elf.dir/Core/Src/stm32f1xx_it.c.obj
                0x08001378                SysTick_Handler
 .text.DMA1_Channel6_IRQHandler
                0x08001380       0x10 CMakeFiles/aht20.elf.dir/Core/Src/stm32f1xx_it.c.obj
                0x08001380                DMA1_Channel6_IRQHandler
 .text.DMA1_Channel7_IRQHandler
                0x08001390       0x10 CMakeFiles/aht20.elf.dir/Core/Src/stm32f1xx_it.c.obj
                0x08001390                DMA1_Channel7_IRQHandler
 .text.I2C1_EV_IRQHandler
                0x080013a0       0x10 CMakeFiles/aht20.elf.dir/Core/Src/stm32f1xx_it.c.obj
                0x080013a0                I2C1_EV_IRQHandler
 .text.I2C1_ER_IRQHandler
                0x080013b0       0x10 CMakeFiles/aht20.elf.dir/Core/Src/stm32f1xx_it.c.obj
                0x080013b0                I2C1_ER_IRQHandler
 .text._getpid  0x080013c0        0x4 CMakeFiles/aht20.elf.dir/Core/Src/syscalls.c.obj
                0x080013c0                _getpid
 .text._kill    0x080013c4       0x10 CMakeFiles/aht20.elf.dir/Core/Src/syscalls.c.obj
                0x080013c4                _kill
 .text._exit    0x080013d4        0xc CMakeFiles/aht20.elf.dir/Core/Src/syscalls.c.obj
                0x080013d4                _exit
 .text._read    0x080013e0       0x20 CMakeFiles/aht20.elf.dir/Core/Src/syscalls.c.obj
                0x080013e0                _read
 .text._write   0x08001400       0x1c CMakeFiles/aht20.elf.dir/Core/Src/syscalls.c.obj
                0x08001400                _write
 .text._close   0x0800141c        0x6 CMakeFiles/aht20.elf.dir/Core/Src/syscalls.c.obj
                0x0800141c                _close
 .text._fstat   0x08001422        0xa CMakeFiles/aht20.elf.dir/Core/Src/syscalls.c.obj
                0x08001422                _fstat
 .text._isatty  0x0800142c        0x4 CMakeFiles/aht20.elf.dir/Core/Src/syscalls.c.obj
                0x0800142c                _isatty
 .text._lseek   0x08001430        0x4 CMakeFiles/aht20.elf.dir/Core/Src/syscalls.c.obj
                0x08001430                _lseek
 .text._sbrk    0x08001434       0x48 CMakeFiles/aht20.elf.dir/Core/Src/sysmem.c.obj
                0x08001434                _sbrk
 .text.SystemInit
                0x0800147c        0x2 CMakeFiles/aht20.elf.dir/Core/Src/system_stm32f1xx.c.obj
                0x0800147c                SystemInit
 *fill*         0x0800147e        0x2 
 .text.MX_USART2_UART_Init
                0x08001480       0x34 CMakeFiles/aht20.elf.dir/Core/Src/usart.c.obj
                0x08001480                MX_USART2_UART_Init
 .text.HAL_UART_MspInit
                0x080014b4       0x74 CMakeFiles/aht20.elf.dir/Core/Src/usart.c.obj
                0x080014b4                HAL_UART_MspInit
 .text.Reset_Handler
                0x08001528       0x48 CMakeFiles/aht20.elf.dir/Core/Startup/startup_stm32f103c8tx.s.obj
                0x08001528                Reset_Handler
 .text.Default_Handler
                0x08001570        0x2 CMakeFiles/aht20.elf.dir/Core/Startup/startup_stm32f103c8tx.s.obj
                0x08001570                RTC_Alarm_IRQHandler
                0x08001570                EXTI2_IRQHandler
                0x08001570                TIM1_CC_IRQHandler
                0x08001570                PVD_IRQHandler
                0x08001570                EXTI3_IRQHandler
                0x08001570                EXTI0_IRQHandler
                0x08001570                I2C2_EV_IRQHandler
                0x08001570                ADC1_2_IRQHandler
                0x08001570                SPI1_IRQHandler
                0x08001570                TAMPER_IRQHandler
                0x08001570                DMA1_Channel4_IRQHandler
                0x08001570                USART3_IRQHandler
                0x08001570                RTC_IRQHandler
                0x08001570                CAN1_RX1_IRQHandler
                0x08001570                TIM4_IRQHandler
                0x08001570                TIM3_IRQHandler
                0x08001570                RCC_IRQHandler
                0x08001570                TIM1_TRG_COM_IRQHandler
                0x08001570                DMA1_Channel1_IRQHandler
                0x08001570                Default_Handler
                0x08001570                EXTI15_10_IRQHandler
                0x08001570                EXTI9_5_IRQHandler
                0x08001570                SPI2_IRQHandler
                0x08001570                DMA1_Channel5_IRQHandler
                0x08001570                EXTI4_IRQHandler
                0x08001570                USB_LP_CAN1_RX0_IRQHandler
                0x08001570                USB_HP_CAN1_TX_IRQHandler
                0x08001570                DMA1_Channel3_IRQHandler
                0x08001570                TIM1_UP_IRQHandler
                0x08001570                WWDG_IRQHandler
                0x08001570                TIM2_IRQHandler
                0x08001570                TIM1_BRK_IRQHandler
                0x08001570                EXTI1_IRQHandler
                0x08001570                USART2_IRQHandler
                0x08001570                I2C2_ER_IRQHandler
                0x08001570                DMA1_Channel2_IRQHandler
                0x08001570                CAN1_SCE_IRQHandler
                0x08001570                FLASH_IRQHandler
                0x08001570                USART1_IRQHandler
                0x08001570                USBWakeUp_IRQHandler
 *fill*         0x08001572        0x2 
 .text.HAL_InitTick
                0x08001574       0x4c CMakeFiles/aht20.elf.dir/Drivers/STM32F1xx_HAL_Driver/Src/stm32f1xx_hal.c.obj
                0x08001574                HAL_InitTick
 .text.HAL_Init
                0x080015c0       0x24 CMakeFiles/aht20.elf.dir/Drivers/STM32F1xx_HAL_Driver/Src/stm32f1xx_hal.c.obj
                0x080015c0                HAL_Init
 .text.HAL_IncTick
                0x080015e4       0x18 CMakeFiles/aht20.elf.dir/Drivers/STM32F1xx_HAL_Driver/Src/stm32f1xx_hal.c.obj
                0x080015e4                HAL_IncTick
 .text.HAL_GetTick
                0x080015fc        0xc CMakeFiles/aht20.elf.dir/Drivers/STM32F1xx_HAL_Driver/Src/stm32f1xx_hal.c.obj
                0x080015fc                HAL_GetTick
 .text.HAL_Delay
                0x08001608       0x28 CMakeFiles/aht20.elf.dir/Drivers/STM32F1xx_HAL_Driver/Src/stm32f1xx_hal.c.obj
                0x08001608                HAL_Delay
 .text.__NVIC_SetPriority
                0x08001630       0x28 CMakeFiles/aht20.elf.dir/Drivers/STM32F1xx_HAL_Driver/Src/stm32f1xx_hal_cortex.c.obj
 .text.NVIC_EncodePriority
                0x08001658       0x3e CMakeFiles/aht20.elf.dir/Drivers/STM32F1xx_HAL_Driver/Src/stm32f1xx_hal_cortex.c.obj
 *fill*         0x08001696        0x2 
 .text.HAL_NVIC_SetPriorityGrouping
                0x08001698       0x24 CMakeFiles/aht20.elf.dir/Drivers/STM32F1xx_HAL_Driver/Src/stm32f1xx_hal_cortex.c.obj
                0x08001698                HAL_NVIC_SetPriorityGrouping
 .text.HAL_NVIC_SetPriority
                0x080016bc       0x20 CMakeFiles/aht20.elf.dir/Drivers/STM32F1xx_HAL_Driver/Src/stm32f1xx_hal_cortex.c.obj
                0x080016bc                HAL_NVIC_SetPriority
 .text.HAL_NVIC_EnableIRQ
                0x080016dc       0x1c CMakeFiles/aht20.elf.dir/Drivers/STM32F1xx_HAL_Driver/Src/stm32f1xx_hal_cortex.c.obj
                0x080016dc                HAL_NVIC_EnableIRQ
 .text.HAL_SYSTICK_Config
                0x080016f8       0x28 CMakeFiles/aht20.elf.dir/Drivers/STM32F1xx_HAL_Driver/Src/stm32f1xx_hal_cortex.c.obj
                0x080016f8                HAL_SYSTICK_Config
 .text.DMA_SetConfig
                0x08001720       0x2c CMakeFiles/aht20.elf.dir/Drivers/STM32F1xx_HAL_Driver/Src/stm32f1xx_hal_dma.c.obj
 .text.HAL_DMA_Init
                0x0800174c       0x68 CMakeFiles/aht20.elf.dir/Drivers/STM32F1xx_HAL_Driver/Src/stm32f1xx_hal_dma.c.obj
                0x0800174c                HAL_DMA_Init
 .text.HAL_DMA_Start_IT
                0x080017b4       0x76 CMakeFiles/aht20.elf.dir/Drivers/STM32F1xx_HAL_Driver/Src/stm32f1xx_hal_dma.c.obj
                0x080017b4                HAL_DMA_Start_IT
 *fill*         0x0800182a        0x2 
 .text.HAL_DMA_Abort_IT
                0x0800182c       0x98 CMakeFiles/aht20.elf.dir/Drivers/STM32F1xx_HAL_Driver/Src/stm32f1xx_hal_dma.c.obj
                0x0800182c                HAL_DMA_Abort_IT
 .text.HAL_DMA_IRQHandler
                0x080018c4      0x144 CMakeFiles/aht20.elf.dir/Drivers/STM32F1xx_HAL_Driver/Src/stm32f1xx_hal_dma.c.obj
                0x080018c4                HAL_DMA_IRQHandler
 .text.HAL_DMA_GetState
                0x08001a08        0x6 CMakeFiles/aht20.elf.dir/Drivers/STM32F1xx_HAL_Driver/Src/stm32f1xx_hal_dma.c.obj
                0x08001a08                HAL_DMA_GetState
 *fill*         0x08001a0e        0x2 
 .text.HAL_GPIO_Init
                0x08001a10      0x21c CMakeFiles/aht20.elf.dir/Drivers/STM32F1xx_HAL_Driver/Src/stm32f1xx_hal_gpio.c.obj
                0x08001a10                HAL_GPIO_Init
 .text.I2C_Flush_DR
                0x08001c2c       0x10 CMakeFiles/aht20.elf.dir/Drivers/STM32F1xx_HAL_Driver/Src/stm32f1xx_hal_i2c.c.obj
 .text.I2C_Master_SB
                0x08001c3c       0xa8 CMakeFiles/aht20.elf.dir/Drivers/STM32F1xx_HAL_Driver/Src/stm32f1xx_hal_i2c.c.obj
 .text.I2C_Master_ADD10
                0x08001ce4       0x2a CMakeFiles/aht20.elf.dir/Drivers/STM32F1xx_HAL_Driver/Src/stm32f1xx_hal_i2c.c.obj
 *fill*         0x08001d0e        0x2 
 .text.I2C_Master_ADDR
                0x08001d10      0x244 CMakeFiles/aht20.elf.dir/Drivers/STM32F1xx_HAL_Driver/Src/stm32f1xx_hal_i2c.c.obj
 .text.I2C_SlaveTransmit_BTF
                0x08001f54       0x20 CMakeFiles/aht20.elf.dir/Drivers/STM32F1xx_HAL_Driver/Src/stm32f1xx_hal_i2c.c.obj
 .text.I2C_SlaveReceive_BTF
                0x08001f74       0x20 CMakeFiles/aht20.elf.dir/Drivers/STM32F1xx_HAL_Driver/Src/stm32f1xx_hal_i2c.c.obj
 .text.I2C_WaitOnSTOPRequestThroughIT
                0x08001f94       0x48 CMakeFiles/aht20.elf.dir/Drivers/STM32F1xx_HAL_Driver/Src/stm32f1xx_hal_i2c.c.obj
 .text.I2C_IsAcknowledgeFailed
                0x08001fdc       0x32 CMakeFiles/aht20.elf.dir/Drivers/STM32F1xx_HAL_Driver/Src/stm32f1xx_hal_i2c.c.obj
 .text.I2C_ConvertOtherXferOptions
                0x0800200e       0x1e CMakeFiles/aht20.elf.dir/Drivers/STM32F1xx_HAL_Driver/Src/stm32f1xx_hal_i2c.c.obj
 .text.I2C_WaitOnFlagUntilTimeout
                0x0800202c       0xaa CMakeFiles/aht20.elf.dir/Drivers/STM32F1xx_HAL_Driver/Src/stm32f1xx_hal_i2c.c.obj
 .text.I2C_WaitOnMasterAddressFlagUntilTimeout
                0x080020d6       0xd6 CMakeFiles/aht20.elf.dir/Drivers/STM32F1xx_HAL_Driver/Src/stm32f1xx_hal_i2c.c.obj
 .text.I2C_MasterRequestWrite
                0x080021ac       0xb4 CMakeFiles/aht20.elf.dir/Drivers/STM32F1xx_HAL_Driver/Src/stm32f1xx_hal_i2c.c.obj
 .text.I2C_MasterRequestRead
                0x08002260      0x120 CMakeFiles/aht20.elf.dir/Drivers/STM32F1xx_HAL_Driver/Src/stm32f1xx_hal_i2c.c.obj
 .text.I2C_WaitOnTXEFlagUntilTimeout
                0x08002380       0x5e CMakeFiles/aht20.elf.dir/Drivers/STM32F1xx_HAL_Driver/Src/stm32f1xx_hal_i2c.c.obj
 .text.I2C_WaitOnBTFFlagUntilTimeout
                0x080023de       0x5e CMakeFiles/aht20.elf.dir/Drivers/STM32F1xx_HAL_Driver/Src/stm32f1xx_hal_i2c.c.obj
 .text.I2C_WaitOnRXNEFlagUntilTimeout
                0x0800243c       0x78 CMakeFiles/aht20.elf.dir/Drivers/STM32F1xx_HAL_Driver/Src/stm32f1xx_hal_i2c.c.obj
 .text.HAL_I2C_Init
                0x080024b4      0x1bc CMakeFiles/aht20.elf.dir/Drivers/STM32F1xx_HAL_Driver/Src/stm32f1xx_hal_i2c.c.obj
                0x080024b4                HAL_I2C_Init
 .text.HAL_I2C_Master_Transmit
                0x08002670      0x178 CMakeFiles/aht20.elf.dir/Drivers/STM32F1xx_HAL_Driver/Src/stm32f1xx_hal_i2c.c.obj
                0x08002670                HAL_I2C_Master_Transmit
 .text.HAL_I2C_Master_Receive
                0x080027e8      0x358 CMakeFiles/aht20.elf.dir/Drivers/STM32F1xx_HAL_Driver/Src/stm32f1xx_hal_i2c.c.obj
                0x080027e8                HAL_I2C_Master_Receive
 .text.HAL_I2C_Master_Transmit_DMA
                0x08002b40      0x180 CMakeFiles/aht20.elf.dir/Drivers/STM32F1xx_HAL_Driver/Src/stm32f1xx_hal_i2c.c.obj
                0x08002b40                HAL_I2C_Master_Transmit_DMA
 .text.HAL_I2C_Master_Receive_DMA
                0x08002cc0      0x180 CMakeFiles/aht20.elf.dir/Drivers/STM32F1xx_HAL_Driver/Src/stm32f1xx_hal_i2c.c.obj
                0x08002cc0                HAL_I2C_Master_Receive_DMA
 .text.HAL_I2C_SlaveTxCpltCallback
                0x08002e40        0x2 CMakeFiles/aht20.elf.dir/Drivers/STM32F1xx_HAL_Driver/Src/stm32f1xx_hal_i2c.c.obj
                0x08002e40                HAL_I2C_SlaveTxCpltCallback
 .text.I2C_SlaveTransmit_TXE
                0x08002e42       0x4c CMakeFiles/aht20.elf.dir/Drivers/STM32F1xx_HAL_Driver/Src/stm32f1xx_hal_i2c.c.obj
 .text.HAL_I2C_SlaveRxCpltCallback
                0x08002e8e        0x2 CMakeFiles/aht20.elf.dir/Drivers/STM32F1xx_HAL_Driver/Src/stm32f1xx_hal_i2c.c.obj
                0x08002e8e                HAL_I2C_SlaveRxCpltCallback
 .text.I2C_SlaveReceive_RXNE
                0x08002e90       0x4c CMakeFiles/aht20.elf.dir/Drivers/STM32F1xx_HAL_Driver/Src/stm32f1xx_hal_i2c.c.obj
 .text.HAL_I2C_AddrCallback
                0x08002edc        0x2 CMakeFiles/aht20.elf.dir/Drivers/STM32F1xx_HAL_Driver/Src/stm32f1xx_hal_i2c.c.obj
                0x08002edc                HAL_I2C_AddrCallback
 .text.I2C_Slave_ADDR
                0x08002ede       0x5a CMakeFiles/aht20.elf.dir/Drivers/STM32F1xx_HAL_Driver/Src/stm32f1xx_hal_i2c.c.obj
 .text.HAL_I2C_ListenCpltCallback
                0x08002f38        0x2 CMakeFiles/aht20.elf.dir/Drivers/STM32F1xx_HAL_Driver/Src/stm32f1xx_hal_i2c.c.obj
                0x08002f38                HAL_I2C_ListenCpltCallback
 *fill*         0x08002f3a        0x2 
 .text.I2C_Slave_AF
                0x08002f3c       0xa0 CMakeFiles/aht20.elf.dir/Drivers/STM32F1xx_HAL_Driver/Src/stm32f1xx_hal_i2c.c.obj
 .text.HAL_I2C_MemTxCpltCallback
                0x08002fdc        0x2 CMakeFiles/aht20.elf.dir/Drivers/STM32F1xx_HAL_Driver/Src/stm32f1xx_hal_i2c.c.obj
                0x08002fdc                HAL_I2C_MemTxCpltCallback
 .text.I2C_MasterTransmit_BTF
                0x08002fde       0x9e CMakeFiles/aht20.elf.dir/Drivers/STM32F1xx_HAL_Driver/Src/stm32f1xx_hal_i2c.c.obj
 .text.I2C_MemoryTransmit_TXE_BTF
                0x0800307c       0xc4 CMakeFiles/aht20.elf.dir/Drivers/STM32F1xx_HAL_Driver/Src/stm32f1xx_hal_i2c.c.obj
 .text.I2C_MasterTransmit_TXE
                0x08003140       0xd4 CMakeFiles/aht20.elf.dir/Drivers/STM32F1xx_HAL_Driver/Src/stm32f1xx_hal_i2c.c.obj
 .text.HAL_I2C_MemRxCpltCallback
                0x08003214        0x2 CMakeFiles/aht20.elf.dir/Drivers/STM32F1xx_HAL_Driver/Src/stm32f1xx_hal_i2c.c.obj
                0x08003214                HAL_I2C_MemRxCpltCallback
 .text.I2C_MasterReceive_BTF
                0x08003216      0x132 CMakeFiles/aht20.elf.dir/Drivers/STM32F1xx_HAL_Driver/Src/stm32f1xx_hal_i2c.c.obj
 .text.HAL_I2C_ErrorCallback
                0x08003348        0x2 CMakeFiles/aht20.elf.dir/Drivers/STM32F1xx_HAL_Driver/Src/stm32f1xx_hal_i2c.c.obj
                0x08003348                HAL_I2C_ErrorCallback
 .text.I2C_DMAError
                0x0800334a       0x3a CMakeFiles/aht20.elf.dir/Drivers/STM32F1xx_HAL_Driver/Src/stm32f1xx_hal_i2c.c.obj
 .text.I2C_DMAXferCplt
                0x08003384      0x122 CMakeFiles/aht20.elf.dir/Drivers/STM32F1xx_HAL_Driver/Src/stm32f1xx_hal_i2c.c.obj
 .text.I2C_MasterReceive_RXNE
                0x080034a6       0xf6 CMakeFiles/aht20.elf.dir/Drivers/STM32F1xx_HAL_Driver/Src/stm32f1xx_hal_i2c.c.obj
 .text.HAL_I2C_AbortCpltCallback
                0x0800359c        0x2 CMakeFiles/aht20.elf.dir/Drivers/STM32F1xx_HAL_Driver/Src/stm32f1xx_hal_i2c.c.obj
                0x0800359c                HAL_I2C_AbortCpltCallback
 *fill*         0x0800359e        0x2 
 .text.I2C_DMAAbort
                0x080035a0       0xe4 CMakeFiles/aht20.elf.dir/Drivers/STM32F1xx_HAL_Driver/Src/stm32f1xx_hal_i2c.c.obj
 .text.I2C_ITError
                0x08003684      0x178 CMakeFiles/aht20.elf.dir/Drivers/STM32F1xx_HAL_Driver/Src/stm32f1xx_hal_i2c.c.obj
 .text.I2C_Slave_STOPF
                0x080037fc      0x18c CMakeFiles/aht20.elf.dir/Drivers/STM32F1xx_HAL_Driver/Src/stm32f1xx_hal_i2c.c.obj
 .text.HAL_I2C_EV_IRQHandler
                0x08003988      0x1a0 CMakeFiles/aht20.elf.dir/Drivers/STM32F1xx_HAL_Driver/Src/stm32f1xx_hal_i2c.c.obj
                0x08003988                HAL_I2C_EV_IRQHandler
 .text.HAL_I2C_ER_IRQHandler
                0x08003b28       0xce CMakeFiles/aht20.elf.dir/Drivers/STM32F1xx_HAL_Driver/Src/stm32f1xx_hal_i2c.c.obj
                0x08003b28                HAL_I2C_ER_IRQHandler
 *fill*         0x08003bf6        0x2 
 .text.RCC_Delay
                0x08003bf8       0x2c CMakeFiles/aht20.elf.dir/Drivers/STM32F1xx_HAL_Driver/Src/stm32f1xx_hal_rcc.c.obj
 .text.HAL_RCC_OscConfig
                0x08003c24      0x410 CMakeFiles/aht20.elf.dir/Drivers/STM32F1xx_HAL_Driver/Src/stm32f1xx_hal_rcc.c.obj
                0x08003c24                HAL_RCC_OscConfig
 .text.HAL_RCC_GetSysClockFreq
                0x08004034       0x54 CMakeFiles/aht20.elf.dir/Drivers/STM32F1xx_HAL_Driver/Src/stm32f1xx_hal_rcc.c.obj
                0x08004034                HAL_RCC_GetSysClockFreq
 .text.HAL_RCC_ClockConfig
                0x08004088      0x16c CMakeFiles/aht20.elf.dir/Drivers/STM32F1xx_HAL_Driver/Src/stm32f1xx_hal_rcc.c.obj
                0x08004088                HAL_RCC_ClockConfig
 .text.HAL_RCC_GetHCLKFreq
                0x080041f4        0xc CMakeFiles/aht20.elf.dir/Drivers/STM32F1xx_HAL_Driver/Src/stm32f1xx_hal_rcc.c.obj
                0x080041f4                HAL_RCC_GetHCLKFreq
 .text.HAL_RCC_GetPCLK1Freq
                0x08004200       0x20 CMakeFiles/aht20.elf.dir/Drivers/STM32F1xx_HAL_Driver/Src/stm32f1xx_hal_rcc.c.obj
                0x08004200                HAL_RCC_GetPCLK1Freq
 .text.HAL_RCC_GetPCLK2Freq
                0x08004220       0x20 CMakeFiles/aht20.elf.dir/Drivers/STM32F1xx_HAL_Driver/Src/stm32f1xx_hal_rcc.c.obj
                0x08004220                HAL_RCC_GetPCLK2Freq
 .text.UART_SetConfig
                0x08004240       0x94 CMakeFiles/aht20.elf.dir/Drivers/STM32F1xx_HAL_Driver/Src/stm32f1xx_hal_uart.c.obj
 .text.UART_WaitOnFlagUntilTimeout
                0x080042d4       0x84 CMakeFiles/aht20.elf.dir/Drivers/STM32F1xx_HAL_Driver/Src/stm32f1xx_hal_uart.c.obj
 .text.HAL_UART_Init
                0x08004358       0x60 CMakeFiles/aht20.elf.dir/Drivers/STM32F1xx_HAL_Driver/Src/stm32f1xx_hal_uart.c.obj
                0x08004358                HAL_UART_Init
 .text.HAL_UART_Transmit
                0x080043b8       0xbe CMakeFiles/aht20.elf.dir/Drivers/STM32F1xx_HAL_Driver/Src/stm32f1xx_hal_uart.c.obj
                0x080043b8                HAL_UART_Transmit
 *fill*         0x08004476        0x2 
 .text.stdio_exit_handler
                0x08004478       0x18 D:/arm-none-eabi/13.3 rel1/bin/../lib/gcc/arm-none-eabi/13.3.1/thumb/v7-m/nofp\libg.a(libc_a-findfp.o)
 .text.cleanup_stdio
                0x08004490       0x40 D:/arm-none-eabi/13.3 rel1/bin/../lib/gcc/arm-none-eabi/13.3.1/thumb/v7-m/nofp\libg.a(libc_a-findfp.o)
 .text.global_stdio_init.part.0
                0x080044d0       0xf0 D:/arm-none-eabi/13.3 rel1/bin/../lib/gcc/arm-none-eabi/13.3.1/thumb/v7-m/nofp\libg.a(libc_a-findfp.o)
 .text.__sinit  0x080045c0       0x3c D:/arm-none-eabi/13.3 rel1/bin/../lib/gcc/arm-none-eabi/13.3.1/thumb/v7-m/nofp\libg.a(libc_a-findfp.o)
                0x080045c0                __sinit
 .text.__sfp_lock_acquire
                0x080045fc        0xc D:/arm-none-eabi/13.3 rel1/bin/../lib/gcc/arm-none-eabi/13.3.1/thumb/v7-m/nofp\libg.a(libc_a-findfp.o)
                0x080045fc                __sfp_lock_acquire
 .text.__sfp_lock_release
                0x08004608        0xc D:/arm-none-eabi/13.3 rel1/bin/../lib/gcc/arm-none-eabi/13.3.1/thumb/v7-m/nofp\libg.a(libc_a-findfp.o)
                0x08004608                __sfp_lock_release
 .text._fwalk_sglue
                0x08004614       0x44 D:/arm-none-eabi/13.3 rel1/bin/../lib/gcc/arm-none-eabi/13.3.1/thumb/v7-m/nofp\libg.a(libc_a-fwalk.o)
                0x08004614                _fwalk_sglue
 .text.sprintf  0x08004658       0x44 D:/arm-none-eabi/13.3 rel1/bin/../lib/gcc/arm-none-eabi/13.3.1/thumb/v7-m/nofp\libg.a(libc_a-sprintf.o)
                0x08004658                sprintf
 .text.__sread  0x0800469c       0x24 D:/arm-none-eabi/13.3 rel1/bin/../lib/gcc/arm-none-eabi/13.3.1/thumb/v7-m/nofp\libg.a(libc_a-stdio.o)
                0x0800469c                __sread
 .text.__swrite
                0x080046c0       0x40 D:/arm-none-eabi/13.3 rel1/bin/../lib/gcc/arm-none-eabi/13.3.1/thumb/v7-m/nofp\libg.a(libc_a-stdio.o)
                0x080046c0                __swrite
 .text.__sseek  0x08004700       0x24 D:/arm-none-eabi/13.3 rel1/bin/../lib/gcc/arm-none-eabi/13.3.1/thumb/v7-m/nofp\libg.a(libc_a-stdio.o)
                0x08004700                __sseek
 .text.__sclose
                0x08004724        0x8 D:/arm-none-eabi/13.3 rel1/bin/../lib/gcc/arm-none-eabi/13.3.1/thumb/v7-m/nofp\libg.a(libc_a-stdio.o)
                0x08004724                __sclose
 .text.memset   0x0800472c       0xa0 D:/arm-none-eabi/13.3 rel1/bin/../lib/gcc/arm-none-eabi/13.3.1/thumb/v7-m/nofp\libg.a(libc_a-memset.o)
                0x0800472c                memset
 .text._close_r
                0x080047cc       0x24 D:/arm-none-eabi/13.3 rel1/bin/../lib/gcc/arm-none-eabi/13.3.1/thumb/v7-m/nofp\libg.a(libc_a-closer.o)
                0x080047cc                _close_r
 .text._lseek_r
                0x080047f0       0x2c D:/arm-none-eabi/13.3 rel1/bin/../lib/gcc/arm-none-eabi/13.3.1/thumb/v7-m/nofp\libg.a(libc_a-lseekr.o)
                0x080047f0                _lseek_r
 .text._read_r  0x0800481c       0x2c D:/arm-none-eabi/13.3 rel1/bin/../lib/gcc/arm-none-eabi/13.3.1/thumb/v7-m/nofp\libg.a(libc_a-readr.o)
                0x0800481c                _read_r
 .text._write_r
                0x08004848       0x2c D:/arm-none-eabi/13.3 rel1/bin/../lib/gcc/arm-none-eabi/13.3.1/thumb/v7-m/nofp\libg.a(libc_a-writer.o)
                0x08004848                _write_r
 .text.__errno  0x08004874        0xc D:/arm-none-eabi/13.3 rel1/bin/../lib/gcc/arm-none-eabi/13.3.1/thumb/v7-m/nofp\libg.a(libc_a-errno.o)
                0x08004874                __errno
 .text.__libc_init_array
                0x08004880       0x50 D:/arm-none-eabi/13.3 rel1/bin/../lib/gcc/arm-none-eabi/13.3.1/thumb/v7-m/nofp\libg.a(libc_a-init.o)
                0x08004880                __libc_init_array
 .text.__retarget_lock_init_recursive
                0x080048d0        0x4 D:/arm-none-eabi/13.3 rel1/bin/../lib/gcc/arm-none-eabi/13.3.1/thumb/v7-m/nofp\libg.a(libc_a-lock.o)
                0x080048d0                __retarget_lock_init_recursive
 .text.__retarget_lock_close_recursive
                0x080048d4        0x4 D:/arm-none-eabi/13.3 rel1/bin/../lib/gcc/arm-none-eabi/13.3.1/thumb/v7-m/nofp\libg.a(libc_a-lock.o)
                0x080048d4                __retarget_lock_close_recursive
 .text.__retarget_lock_acquire_recursive
                0x080048d8        0x4 D:/arm-none-eabi/13.3 rel1/bin/../lib/gcc/arm-none-eabi/13.3.1/thumb/v7-m/nofp\libg.a(libc_a-lock.o)
                0x080048d8                __retarget_lock_acquire_recursive
 .text.__retarget_lock_release_recursive
                0x080048dc        0x4 D:/arm-none-eabi/13.3 rel1/bin/../lib/gcc/arm-none-eabi/13.3.1/thumb/v7-m/nofp\libg.a(libc_a-lock.o)
                0x080048dc                __retarget_lock_release_recursive
 .text.strlen   0x080048e0       0x5c D:/arm-none-eabi/13.3 rel1/bin/../lib/gcc/arm-none-eabi/13.3.1/thumb/v7-m/nofp\libg.a(libc_a-strlen-stub.o)
                0x080048e0                strlen
 .text.startup.register_fini
                0x0800493c       0x14 D:/arm-none-eabi/13.3 rel1/bin/../lib/gcc/arm-none-eabi/13.3.1/thumb/v7-m/nofp\libg.a(libc_a-__call_atexit.o)
 .text.atexit   0x08004950        0xc D:/arm-none-eabi/13.3 rel1/bin/../lib/gcc/arm-none-eabi/13.3.1/thumb/v7-m/nofp\libg.a(libc_a-atexit.o)
                0x08004950                atexit
 .text._malloc_trim_r
                0x0800495c       0xb8 D:/arm-none-eabi/13.3 rel1/bin/../lib/gcc/arm-none-eabi/13.3.1/thumb/v7-m/nofp\libg.a(libc_a-freer.o)
                0x0800495c                _malloc_trim_r
 .text._free_r  0x08004a14      0x1f8 D:/arm-none-eabi/13.3 rel1/bin/../lib/gcc/arm-none-eabi/13.3.1/thumb/v7-m/nofp\libg.a(libc_a-freer.o)
                0x08004a14                _free_r
 .text._malloc_r
                0x08004c0c      0x568 D:/arm-none-eabi/13.3 rel1/bin/../lib/gcc/arm-none-eabi/13.3.1/thumb/v7-m/nofp\libg.a(libc_a-mallocr.o)
                0x08004c0c                _malloc_r
 .text.__malloc_lock
                0x08005174        0xc D:/arm-none-eabi/13.3 rel1/bin/../lib/gcc/arm-none-eabi/13.3.1/thumb/v7-m/nofp\libg.a(libc_a-mlock.o)
                0x08005174                __malloc_lock
 .text.__malloc_unlock
                0x08005180        0xc D:/arm-none-eabi/13.3 rel1/bin/../lib/gcc/arm-none-eabi/13.3.1/thumb/v7-m/nofp\libg.a(libc_a-mlock.o)
                0x08005180                __malloc_unlock
 .text._svfprintf_r
                0x0800518c     0x1b2c D:/arm-none-eabi/13.3 rel1/bin/../lib/gcc/arm-none-eabi/13.3.1/thumb/v7-m/nofp\libg.a(libc_a-svfprintf.o)
                0x0800518c                _svfprintf_r
 .text.__ssprint_r
                0x08006cb8       0x58 D:/arm-none-eabi/13.3 rel1/bin/../lib/gcc/arm-none-eabi/13.3.1/thumb/v7-m/nofp\libg.a(libc_a-ssprint_r.o)
                0x08006cb8                __ssprint_r
 .text._fclose_r
                0x08006d10       0xc0 D:/arm-none-eabi/13.3 rel1/bin/../lib/gcc/arm-none-eabi/13.3.1/thumb/v7-m/nofp\libg.a(libc_a-fclose.o)
                0x08006d10                _fclose_r
 .text.__sflush_r
                0x08006dd0      0x128 D:/arm-none-eabi/13.3 rel1/bin/../lib/gcc/arm-none-eabi/13.3.1/thumb/v7-m/nofp\libg.a(libc_a-fflush.o)
                0x08006dd0                __sflush_r
 .text._fflush_r
                0x08006ef8       0x54 D:/arm-none-eabi/13.3 rel1/bin/../lib/gcc/arm-none-eabi/13.3.1/thumb/v7-m/nofp\libg.a(libc_a-fflush.o)
                0x08006ef8                _fflush_r
 .text.strncpy  0x08006f4c       0x6c D:/arm-none-eabi/13.3 rel1/bin/../lib/gcc/arm-none-eabi/13.3.1/thumb/v7-m/nofp\libg.a(libc_a-strncpy.o)
                0x08006f4c                strncpy
 .text.__locale_mb_cur_max
                0x08006fb8        0xc D:/arm-none-eabi/13.3 rel1/bin/../lib/gcc/arm-none-eabi/13.3.1/thumb/v7-m/nofp\libg.a(libc_a-locale.o)
                0x08006fb8                __locale_mb_cur_max
 .text._localeconv_r
                0x08006fc4        0x8 D:/arm-none-eabi/13.3 rel1/bin/../lib/gcc/arm-none-eabi/13.3.1/thumb/v7-m/nofp\libg.a(libc_a-localeconv.o)
                0x08006fc4                _localeconv_r
 .text._sbrk_r  0x08006fcc       0x24 D:/arm-none-eabi/13.3 rel1/bin/../lib/gcc/arm-none-eabi/13.3.1/thumb/v7-m/nofp\libg.a(libc_a-sbrkr.o)
                0x08006fcc                _sbrk_r
 .text.__libc_fini_array
                0x08006ff0       0x28 D:/arm-none-eabi/13.3 rel1/bin/../lib/gcc/arm-none-eabi/13.3.1/thumb/v7-m/nofp\libg.a(libc_a-fini.o)
                0x08006ff0                __libc_fini_array
 .text.sysconf  0x08007018       0x1c D:/arm-none-eabi/13.3 rel1/bin/../lib/gcc/arm-none-eabi/13.3.1/thumb/v7-m/nofp\libg.a(libc_a-sysconf.o)
                0x08007018                sysconf
 .text.memchr   0x08007034       0x98 D:/arm-none-eabi/13.3 rel1/bin/../lib/gcc/arm-none-eabi/13.3.1/thumb/v7-m/nofp\libg.a(libc_a-memchr-stub.o)
                0x08007034                memchr
 .text.frexp    0x080070cc       0x6c D:/arm-none-eabi/13.3 rel1/bin/../lib/gcc/arm-none-eabi/13.3.1/thumb/v7-m/nofp\libg.a(libm_a-s_frexp.o)
                0x080070cc                frexp
 .text.__register_exitproc
                0x08007138       0x80 D:/arm-none-eabi/13.3 rel1/bin/../lib/gcc/arm-none-eabi/13.3.1/thumb/v7-m/nofp\libg.a(libc_a-__atexit.o)
                0x08007138                __register_exitproc
 .text.quorem   0x080071b8      0x13c D:/arm-none-eabi/13.3 rel1/bin/../lib/gcc/arm-none-eabi/13.3.1/thumb/v7-m/nofp\libg.a(libc_a-dtoa.o)
 *fill*         0x080072f4        0x4 
 .text._dtoa_r  0x080072f8      0xe94 D:/arm-none-eabi/13.3 rel1/bin/../lib/gcc/arm-none-eabi/13.3.1/thumb/v7-m/nofp\libg.a(libc_a-dtoa.o)
                0x080072f8                _dtoa_r
 .text.__ascii_mbtowc
                0x0800818c       0x2c D:/arm-none-eabi/13.3 rel1/bin/../lib/gcc/arm-none-eabi/13.3.1/thumb/v7-m/nofp\libg.a(libc_a-mbtowc_r.o)
                0x0800818c                __ascii_mbtowc
 .text._Balloc  0x080081b8       0x4c D:/arm-none-eabi/13.3 rel1/bin/../lib/gcc/arm-none-eabi/13.3.1/thumb/v7-m/nofp\libg.a(libc_a-mprec.o)
                0x080081b8                _Balloc
 .text._Bfree   0x08008204       0x14 D:/arm-none-eabi/13.3 rel1/bin/../lib/gcc/arm-none-eabi/13.3.1/thumb/v7-m/nofp\libg.a(libc_a-mprec.o)
                0x08008204                _Bfree
 .text.__multadd
                0x08008218       0xa4 D:/arm-none-eabi/13.3 rel1/bin/../lib/gcc/arm-none-eabi/13.3.1/thumb/v7-m/nofp\libg.a(libc_a-mprec.o)
                0x08008218                __multadd
 .text.__hi0bits
                0x080082bc       0x44 D:/arm-none-eabi/13.3 rel1/bin/../lib/gcc/arm-none-eabi/13.3.1/thumb/v7-m/nofp\libg.a(libc_a-mprec.o)
                0x080082bc                __hi0bits
 .text.__lo0bits
                0x08008300       0x5c D:/arm-none-eabi/13.3 rel1/bin/../lib/gcc/arm-none-eabi/13.3.1/thumb/v7-m/nofp\libg.a(libc_a-mprec.o)
                0x08008300                __lo0bits
 .text.__i2b    0x0800835c       0x5c D:/arm-none-eabi/13.3 rel1/bin/../lib/gcc/arm-none-eabi/13.3.1/thumb/v7-m/nofp\libg.a(libc_a-mprec.o)
                0x0800835c                __i2b
 .text.__multiply
                0x080083b8      0x164 D:/arm-none-eabi/13.3 rel1/bin/../lib/gcc/arm-none-eabi/13.3.1/thumb/v7-m/nofp\libg.a(libc_a-mprec.o)
                0x080083b8                __multiply
 .text.__pow5mult
                0x0800851c       0xb4 D:/arm-none-eabi/13.3 rel1/bin/../lib/gcc/arm-none-eabi/13.3.1/thumb/v7-m/nofp\libg.a(libc_a-mprec.o)
                0x0800851c                __pow5mult
 .text.__lshift
                0x080085d0       0xec D:/arm-none-eabi/13.3 rel1/bin/../lib/gcc/arm-none-eabi/13.3.1/thumb/v7-m/nofp\libg.a(libc_a-mprec.o)
                0x080085d0                __lshift
 .text.__mcmp   0x080086bc       0x40 D:/arm-none-eabi/13.3 rel1/bin/../lib/gcc/arm-none-eabi/13.3.1/thumb/v7-m/nofp\libg.a(libc_a-mprec.o)
                0x080086bc                __mcmp
 .text.__mdiff  0x080086fc      0x178 D:/arm-none-eabi/13.3 rel1/bin/../lib/gcc/arm-none-eabi/13.3.1/thumb/v7-m/nofp\libg.a(libc_a-mprec.o)
                0x080086fc                __mdiff
 .text.__d2b    0x08008874       0xbc D:/arm-none-eabi/13.3 rel1/bin/../lib/gcc/arm-none-eabi/13.3.1/thumb/v7-m/nofp\libg.a(libc_a-mprec.o)
                0x08008874                __d2b
 .text.__ascii_wctomb
                0x08008930       0x1c D:/arm-none-eabi/13.3 rel1/bin/../lib/gcc/arm-none-eabi/13.3.1/thumb/v7-m/nofp\libg.a(libc_a-wctomb_r.o)
                0x08008930                __ascii_wctomb
 .text._wcrtomb_r
                0x0800894c       0x4c D:/arm-none-eabi/13.3 rel1/bin/../lib/gcc/arm-none-eabi/13.3.1/thumb/v7-m/nofp\libg.a(libc_a-wcrtomb.o)
                0x0800894c                _wcrtomb_r
 .text._wcsrtombs_r
                0x08008998       0x18 D:/arm-none-eabi/13.3 rel1/bin/../lib/gcc/arm-none-eabi/13.3.1/thumb/v7-m/nofp\libg.a(libc_a-wcsrtombs.o)
                0x08008998                _wcsrtombs_r
 .text.__ssputs_r
                0x080089b0       0xc0 D:/arm-none-eabi/13.3 rel1/bin/../lib/gcc/arm-none-eabi/13.3.1/thumb/v7-m/nofp\libg.a(libc_a-ssputs_r.o)
                0x080089b0                __ssputs_r
 .text.memmove  0x08008a70       0xfc D:/arm-none-eabi/13.3 rel1/bin/../lib/gcc/arm-none-eabi/13.3.1/thumb/v7-m/nofp\libg.a(libc_a-memmove.o)
                0x08008a70                memmove
 .text.__assert_func
                0x08008b6c       0x40 D:/arm-none-eabi/13.3 rel1/bin/../lib/gcc/arm-none-eabi/13.3.1/thumb/v7-m/nofp\libg.a(libc_a-assert.o)
                0x08008b6c                __assert_func
 .text._calloc_r
                0x08008bac       0x6c D:/arm-none-eabi/13.3 rel1/bin/../lib/gcc/arm-none-eabi/13.3.1/thumb/v7-m/nofp\libg.a(libc_a-callocr.o)
                0x08008bac                _calloc_r
 .text._realloc_r
                0x08008c18      0x34c D:/arm-none-eabi/13.3 rel1/bin/../lib/gcc/arm-none-eabi/13.3.1/thumb/v7-m/nofp\libg.a(libc_a-reallocr.o)
                0x08008c18                _realloc_r
 .text._wcsnrtombs_l
                0x08008f64       0xec D:/arm-none-eabi/13.3 rel1/bin/../lib/gcc/arm-none-eabi/13.3.1/thumb/v7-m/nofp\libg.a(libc_a-wcsnrtombs.o)
                0x08008f64                _wcsnrtombs_l
 .text._wcsnrtombs_r
                0x08009050       0x24 D:/arm-none-eabi/13.3 rel1/bin/../lib/gcc/arm-none-eabi/13.3.1/thumb/v7-m/nofp\libg.a(libc_a-wcsnrtombs.o)
                0x08009050                _wcsnrtombs_r
 .text.fiprintf
                0x08009074       0x28 D:/arm-none-eabi/13.3 rel1/bin/../lib/gcc/arm-none-eabi/13.3.1/thumb/v7-m/nofp\libg.a(libc_a-fiprintf.o)
                0x08009074                fiprintf
 .text._vfiprintf_r
                0x0800909c      0xeb8 D:/arm-none-eabi/13.3 rel1/bin/../lib/gcc/arm-none-eabi/13.3.1/thumb/v7-m/nofp\libg.a(libc_a-vfiprintf.o)
                0x0800909c                _vfiprintf_r
 .text.__sbprintf
                0x08009f54       0x80 D:/arm-none-eabi/13.3 rel1/bin/../lib/gcc/arm-none-eabi/13.3.1/thumb/v7-m/nofp\libg.a(libc_a-vfiprintf.o)
 .text.__sprint_r
                0x08009fd4       0x20 D:/arm-none-eabi/13.3 rel1/bin/../lib/gcc/arm-none-eabi/13.3.1/thumb/v7-m/nofp\libg.a(libc_a-sprint_r.o)
                0x08009fd4                __sprint_r
 .text.__sfvwrite_r
                0x08009ff4      0x2ec D:/arm-none-eabi/13.3 rel1/bin/../lib/gcc/arm-none-eabi/13.3.1/thumb/v7-m/nofp\libg.a(libc_a-fvwrite.o)
                0x08009ff4                __sfvwrite_r
 .text.__swsetup_r
                0x0800a2e0       0xc4 D:/arm-none-eabi/13.3 rel1/bin/../lib/gcc/arm-none-eabi/13.3.1/thumb/v7-m/nofp\libg.a(libc_a-wsetup.o)
                0x0800a2e0                __swsetup_r
 .text.abort    0x0800a3a4       0x10 D:/arm-none-eabi/13.3 rel1/bin/../lib/gcc/arm-none-eabi/13.3.1/thumb/v7-m/nofp\libg.a(libc_a-abort.o)
                0x0800a3a4                abort
 .text.__smakebuf_r
                0x0800a3b4       0xdc D:/arm-none-eabi/13.3 rel1/bin/../lib/gcc/arm-none-eabi/13.3.1/thumb/v7-m/nofp\libg.a(libc_a-makebuf.o)
                0x0800a3b4                __smakebuf_r
 .text.raise    0x0800a490       0x58 D:/arm-none-eabi/13.3 rel1/bin/../lib/gcc/arm-none-eabi/13.3.1/thumb/v7-m/nofp\libg.a(libc_a-signal.o)
                0x0800a490                raise
 .text._fstat_r
                0x0800a4e8       0x28 D:/arm-none-eabi/13.3 rel1/bin/../lib/gcc/arm-none-eabi/13.3.1/thumb/v7-m/nofp\libg.a(libc_a-fstatr.o)
                0x0800a4e8                _fstat_r
 .text._isatty_r
                0x0800a510       0x24 D:/arm-none-eabi/13.3 rel1/bin/../lib/gcc/arm-none-eabi/13.3.1/thumb/v7-m/nofp\libg.a(libc_a-isattyr.o)
                0x0800a510                _isatty_r
 .text._kill_r  0x0800a534       0x28 D:/arm-none-eabi/13.3 rel1/bin/../lib/gcc/arm-none-eabi/13.3.1/thumb/v7-m/nofp\libg.a(libc_a-signalr.o)
                0x0800a534                _kill_r
 .text._getpid_r
                0x0800a55c        0x4 D:/arm-none-eabi/13.3 rel1/bin/../lib/gcc/arm-none-eabi/13.3.1/thumb/v7-m/nofp\libg.a(libc_a-signalr.o)
                0x0800a55c                _getpid_r
 *(.glue_7)
 .glue_7        0x0800a560        0x0 linker stubs
 *(.glue_7t)
 .glue_7t       0x0800a560        0x0 linker stubs
 *(.eh_frame)
 .eh_frame      0x0800a560        0x0 D:/arm-none-eabi/13.3 rel1/bin/../lib/gcc/arm-none-eabi/13.3.1/thumb/v7-m/nofp/crtbegin.o
 *(.init)
 .init          0x0800a560        0x4 D:/arm-none-eabi/13.3 rel1/bin/../lib/gcc/arm-none-eabi/13.3.1/thumb/v7-m/nofp/crti.o
                0x0800a560                _init
 .init          0x0800a564        0x8 D:/arm-none-eabi/13.3 rel1/bin/../lib/gcc/arm-none-eabi/13.3.1/thumb/v7-m/nofp/crtn.o
 *(.fini)
 .fini          0x0800a56c        0x4 D:/arm-none-eabi/13.3 rel1/bin/../lib/gcc/arm-none-eabi/13.3.1/thumb/v7-m/nofp/crti.o
                0x0800a56c                _fini
 .fini          0x0800a570        0x8 D:/arm-none-eabi/13.3 rel1/bin/../lib/gcc/arm-none-eabi/13.3.1/thumb/v7-m/nofp/crtn.o
                0x0800a578                        . = ALIGN (0x4)
                0x0800a578                        _etext = .

.vfp11_veneer   0x0800a578        0x0
 .vfp11_veneer  0x0800a578        0x0 linker stubs

.v4_bx          0x0800a578        0x0
 .v4_bx         0x0800a578        0x0 linker stubs

.iplt           0x0800a578        0x0
 .iplt          0x0800a578        0x0 D:/arm-none-eabi/13.3 rel1/bin/../lib/gcc/arm-none-eabi/13.3.1/thumb/v7-m/nofp/crtbegin.o

.rodata         0x0800a578      0x43c
                0x0800a578                        . = ALIGN (0x4)
 *(.rodata)
 *(.rodata*)
 .rodata.AHT20_Init.str1.4
                0x0800a578      0x1cb CMakeFiles/aht20.elf.dir/Core/Src/ah20.c.obj
                                  0x3 (size before relaxing)
 .rodata.main.str1.4
                0x0800a743       0x1f CMakeFiles/aht20.elf.dir/Core/Src/main.c.obj
 *fill*         0x0800a743        0x1 
 .rodata.APBPrescTable
                0x0800a744        0x8 CMakeFiles/aht20.elf.dir/Core/Src/system_stm32f1xx.c.obj
                0x0800a744                APBPrescTable
 .rodata.AHBPrescTable
                0x0800a74c       0x10 CMakeFiles/aht20.elf.dir/Core/Src/system_stm32f1xx.c.obj
                0x0800a74c                AHBPrescTable
 .rodata.aPredivFactorTable.0
                0x0800a75c        0x2 CMakeFiles/aht20.elf.dir/Drivers/STM32F1xx_HAL_Driver/Src/stm32f1xx_hal_rcc.c.obj
 *fill*         0x0800a75e        0x2 
 .rodata.aPLLMULFactorTable.1
                0x0800a760       0x10 CMakeFiles/aht20.elf.dir/Drivers/STM32F1xx_HAL_Driver/Src/stm32f1xx_hal_rcc.c.obj
 .rodata._svfprintf_r.str1.4
                0x0800a770       0x42 D:/arm-none-eabi/13.3 rel1/bin/../lib/gcc/arm-none-eabi/13.3.1/thumb/v7-m/nofp\libg.a(libc_a-svfprintf.o)
 .rodata.zeroes.0
                0x0800a770       0x10 D:/arm-none-eabi/13.3 rel1/bin/../lib/gcc/arm-none-eabi/13.3.1/thumb/v7-m/nofp\libg.a(libc_a-svfprintf.o)
 .rodata.blanks.1
                0x0800a780       0x10 D:/arm-none-eabi/13.3 rel1/bin/../lib/gcc/arm-none-eabi/13.3.1/thumb/v7-m/nofp\libg.a(libc_a-svfprintf.o)
 .rodata.str1.4
                0x0800a790       0x4c D:/arm-none-eabi/13.3 rel1/bin/../lib/gcc/arm-none-eabi/13.3.1/thumb/v7-m/nofp\libg.a(libc_a-locale.o)
 .rodata._dtoa_r.str1.4
                0x0800a790       0x81 D:/arm-none-eabi/13.3 rel1/bin/../lib/gcc/arm-none-eabi/13.3.1/thumb/v7-m/nofp\libg.a(libc_a-dtoa.o)
 .rodata.__multadd.str1.4
                0x0800a790       0x6e D:/arm-none-eabi/13.3 rel1/bin/../lib/gcc/arm-none-eabi/13.3.1/thumb/v7-m/nofp\libg.a(libc_a-mprec.o)
 .rodata.p05.0  0x0800a790        0xc D:/arm-none-eabi/13.3 rel1/bin/../lib/gcc/arm-none-eabi/13.3.1/thumb/v7-m/nofp\libg.a(libc_a-mprec.o)
 *fill*         0x0800a79c        0x4 
 .rodata.__mprec_bigtens
                0x0800a7a0       0x28 D:/arm-none-eabi/13.3 rel1/bin/../lib/gcc/arm-none-eabi/13.3.1/thumb/v7-m/nofp\libg.a(libc_a-mprec.o)
                0x0800a7a0                __mprec_bigtens
 .rodata.__mprec_tens
                0x0800a7c8       0xc8 D:/arm-none-eabi/13.3 rel1/bin/../lib/gcc/arm-none-eabi/13.3.1/thumb/v7-m/nofp\libg.a(libc_a-mprec.o)
                0x0800a7c8                __mprec_tens
 .rodata._ctype_
                0x0800a890      0x101 D:/arm-none-eabi/13.3 rel1/bin/../lib/gcc/arm-none-eabi/13.3.1/thumb/v7-m/nofp\libg.a(libc_a-ctype_.o)
                0x0800a890                _ctype_
 .rodata.__assert_func.str1.4
                0x0800a991       0x43 D:/arm-none-eabi/13.3 rel1/bin/../lib/gcc/arm-none-eabi/13.3.1/thumb/v7-m/nofp\libg.a(libc_a-assert.o)
 .rodata._vfiprintf_r.str1.4
                0x0800a991       0x2f D:/arm-none-eabi/13.3 rel1/bin/../lib/gcc/arm-none-eabi/13.3.1/thumb/v7-m/nofp\libg.a(libc_a-vfiprintf.o)
 *fill*         0x0800a991        0x3 
 .rodata.zeroes.0
                0x0800a994       0x10 D:/arm-none-eabi/13.3 rel1/bin/../lib/gcc/arm-none-eabi/13.3.1/thumb/v7-m/nofp\libg.a(libc_a-vfiprintf.o)
 .rodata.blanks.1
                0x0800a9a4       0x10 D:/arm-none-eabi/13.3 rel1/bin/../lib/gcc/arm-none-eabi/13.3.1/thumb/v7-m/nofp\libg.a(libc_a-vfiprintf.o)
                0x0800a9b4                        . = ALIGN (0x4)

.ARM.extab      0x0800a9b4        0x0
                0x0800a9b4                        . = ALIGN (0x4)
 *(.ARM.extab* .gnu.linkonce.armextab.*)
                0x0800a9b4                        . = ALIGN (0x4)

.ARM            0x0800a9b4        0x8
                0x0800a9b4                        . = ALIGN (0x4)
                0x0800a9b4                        __exidx_start = .
 *(.ARM.exidx*)
 .ARM.exidx     0x0800a9b4        0x8 D:/arm-none-eabi/13.3 rel1/bin/../lib/gcc/arm-none-eabi/13.3.1/thumb/v7-m/nofp\libg.a(libc_a-memcpy.o)
                0x0800a9bc                        __exidx_end = .
                0x0800a9bc                        . = ALIGN (0x4)

.preinit_array  0x0800a9bc        0x0
                0x0800a9bc                        . = ALIGN (0x4)
                0x0800a9bc                        PROVIDE (__preinit_array_start = .)
 *(.preinit_array*)
                0x0800a9bc                        PROVIDE (__preinit_array_end = .)
                0x0800a9bc                        . = ALIGN (0x4)

.init_array     0x0800a9bc        0x8
                0x0800a9bc                        . = ALIGN (0x4)
                0x0800a9bc                        PROVIDE (__init_array_start = .)
 *(SORT_BY_NAME(.init_array.*))
 .init_array.00000
                0x0800a9bc        0x4 D:/arm-none-eabi/13.3 rel1/bin/../lib/gcc/arm-none-eabi/13.3.1/thumb/v7-m/nofp\libg.a(libc_a-__call_atexit.o)
 *(.init_array*)
 .init_array    0x0800a9c0        0x4 D:/arm-none-eabi/13.3 rel1/bin/../lib/gcc/arm-none-eabi/13.3.1/thumb/v7-m/nofp/crtbegin.o
                0x0800a9c4                        PROVIDE (__init_array_end = .)
                0x0800a9c4                        . = ALIGN (0x4)

.fini_array     0x0800a9c4        0x4
                0x0800a9c4                        . = ALIGN (0x4)
                0x0800a9c4                        PROVIDE (__fini_array_start = .)
 *(SORT_BY_NAME(.fini_array.*))
 *(.fini_array*)
 .fini_array    0x0800a9c4        0x4 D:/arm-none-eabi/13.3 rel1/bin/../lib/gcc/arm-none-eabi/13.3.1/thumb/v7-m/nofp/crtbegin.o
                0x0800a9c8                        PROVIDE (__fini_array_end = .)
                0x0800a9c8                        . = ALIGN (0x4)
                0x0800a9c8                        _sidata = LOADADDR (.data)

.rel.dyn        0x0800a9c8        0x0
 .rel.iplt      0x0800a9c8        0x0 D:/arm-none-eabi/13.3 rel1/bin/../lib/gcc/arm-none-eabi/13.3.1/thumb/v7-m/nofp/crtbegin.o

.data           0x20000000      0x6e4 load address 0x0800a9c8
                0x20000000                        . = ALIGN (0x4)
                0x20000000                        _sdata = .
 *(.data)
 *(.data*)
 .data.sendBuffer.0
                0x20000000        0x3 CMakeFiles/aht20.elf.dir/Core/Src/ah20.c.obj
 *fill*         0x20000003        0x1 
 .data.SystemCoreClock
                0x20000004        0x4 CMakeFiles/aht20.elf.dir/Core/Src/system_stm32f1xx.c.obj
                0x20000004                SystemCoreClock
 .data.uwTickFreq
                0x20000008        0x1 CMakeFiles/aht20.elf.dir/Drivers/STM32F1xx_HAL_Driver/Src/stm32f1xx_hal.c.obj
                0x20000008                uwTickFreq
 *fill*         0x20000009        0x3 
 .data.uwTickPrio
                0x2000000c        0x4 CMakeFiles/aht20.elf.dir/Drivers/STM32F1xx_HAL_Driver/Src/stm32f1xx_hal.c.obj
                0x2000000c                uwTickPrio
 .data.__sglue  0x20000010        0xc D:/arm-none-eabi/13.3 rel1/bin/../lib/gcc/arm-none-eabi/13.3.1/thumb/v7-m/nofp\libg.a(libc_a-findfp.o)
                0x20000010                __sglue
 .data._impure_ptr
                0x2000001c        0x4 D:/arm-none-eabi/13.3 rel1/bin/../lib/gcc/arm-none-eabi/13.3.1/thumb/v7-m/nofp\libg.a(libc_a-impure.o)
                0x2000001c                _impure_ptr
 .data._impure_data
                0x20000020      0x140 D:/arm-none-eabi/13.3 rel1/bin/../lib/gcc/arm-none-eabi/13.3.1/thumb/v7-m/nofp\libg.a(libc_a-impure.o)
                0x20000020                _impure_data
 .data.__atexit_recursive_mutex
                0x20000160        0x4 D:/arm-none-eabi/13.3 rel1/bin/../lib/gcc/arm-none-eabi/13.3.1/thumb/v7-m/nofp\libg.a(libc_a-__call_atexit.o)
                0x20000160                __atexit_recursive_mutex
 .data.__malloc_sbrk_base
                0x20000164        0x4 D:/arm-none-eabi/13.3 rel1/bin/../lib/gcc/arm-none-eabi/13.3.1/thumb/v7-m/nofp\libg.a(libc_a-mallocr.o)
                0x20000164                __malloc_sbrk_base
 .data.__malloc_trim_threshold
                0x20000168        0x4 D:/arm-none-eabi/13.3 rel1/bin/../lib/gcc/arm-none-eabi/13.3.1/thumb/v7-m/nofp\libg.a(libc_a-mallocr.o)
                0x20000168                __malloc_trim_threshold
 *fill*         0x2000016c        0x4 
 .data.__malloc_av_
                0x20000170      0x408 D:/arm-none-eabi/13.3 rel1/bin/../lib/gcc/arm-none-eabi/13.3.1/thumb/v7-m/nofp\libg.a(libc_a-mallocr.o)
                0x20000170                __malloc_av_
 .data.__global_locale
                0x20000578      0x16c D:/arm-none-eabi/13.3 rel1/bin/../lib/gcc/arm-none-eabi/13.3.1/thumb/v7-m/nofp\libg.a(libc_a-locale.o)
                0x20000578                __global_locale
 *(.RamFunc)
 *(.RamFunc*)
                0x200006e4                        . = ALIGN (0x4)
                0x200006e4                        _edata = .

.tm_clone_table
                0x200006e4        0x0 load address 0x0800b0ac
 .tm_clone_table
                0x200006e4        0x0 D:/arm-none-eabi/13.3 rel1/bin/../lib/gcc/arm-none-eabi/13.3.1/thumb/v7-m/nofp/crtbegin.o
 .tm_clone_table
                0x200006e4        0x0 D:/arm-none-eabi/13.3 rel1/bin/../lib/gcc/arm-none-eabi/13.3.1/thumb/v7-m/nofp/crtend.o

.igot.plt       0x200006e4        0x0 load address 0x0800b0ac
 .igot.plt      0x200006e4        0x0 D:/arm-none-eabi/13.3 rel1/bin/../lib/gcc/arm-none-eabi/13.3.1/thumb/v7-m/nofp/crtbegin.o
                0x200006e4                        . = ALIGN (0x4)

.bss            0x200006e4      0x468 load address 0x0800b0ac
                0x200006e4                        _sbss = .
                0x200006e4                        __bss_start__ = _sbss
 *(.bss)
 *(.bss*)
 .bss.completed.1
                0x200006e4        0x1 D:/arm-none-eabi/13.3 rel1/bin/../lib/gcc/arm-none-eabi/13.3.1/thumb/v7-m/nofp/crtbegin.o
 *fill*         0x200006e5        0x3 
 .bss.object.0  0x200006e8       0x18 D:/arm-none-eabi/13.3 rel1/bin/../lib/gcc/arm-none-eabi/13.3.1/thumb/v7-m/nofp/crtbegin.o
 .bss.readerBuffer
                0x20000700        0x6 CMakeFiles/aht20.elf.dir/Core/Src/ah20.c.obj
                0x20000700                readerBuffer
 *fill*         0x20000706        0x2 
 .bss.hdma_i2c1_tx
                0x20000708       0x44 CMakeFiles/aht20.elf.dir/Core/Src/i2c.c.obj
                0x20000708                hdma_i2c1_tx
 .bss.hdma_i2c1_rx
                0x2000074c       0x44 CMakeFiles/aht20.elf.dir/Core/Src/i2c.c.obj
                0x2000074c                hdma_i2c1_rx
 .bss.hi2c1     0x20000790       0x54 CMakeFiles/aht20.elf.dir/Core/Src/i2c.c.obj
                0x20000790                hi2c1
 .bss.aht20Stata
                0x200007e4        0x1 CMakeFiles/aht20.elf.dir/Core/Src/main.c.obj
                0x200007e4                aht20Stata
 *fill*         0x200007e5        0x3 
 .bss.__sbrk_heap_end
                0x200007e8        0x4 CMakeFiles/aht20.elf.dir/Core/Src/sysmem.c.obj
 .bss.huart2    0x200007ec       0x48 CMakeFiles/aht20.elf.dir/Core/Src/usart.c.obj
                0x200007ec                huart2
 .bss.uwTick    0x20000834        0x4 CMakeFiles/aht20.elf.dir/Drivers/STM32F1xx_HAL_Driver/Src/stm32f1xx_hal.c.obj
                0x20000834                uwTick
 .bss.__sf      0x20000838      0x138 D:/arm-none-eabi/13.3 rel1/bin/../lib/gcc/arm-none-eabi/13.3.1/thumb/v7-m/nofp\libg.a(libc_a-findfp.o)
                0x20000838                __sf
 .bss.__stdio_exit_handler
                0x20000970        0x4 D:/arm-none-eabi/13.3 rel1/bin/../lib/gcc/arm-none-eabi/13.3.1/thumb/v7-m/nofp\libg.a(libc_a-findfp.o)
                0x20000970                __stdio_exit_handler
 .bss.errno     0x20000974        0x4 D:/arm-none-eabi/13.3 rel1/bin/../lib/gcc/arm-none-eabi/13.3.1/thumb/v7-m/nofp\libg.a(libc_a-reent.o)
                0x20000974                errno
 .bss.__lock___malloc_recursive_mutex
                0x20000978        0x1 D:/arm-none-eabi/13.3 rel1/bin/../lib/gcc/arm-none-eabi/13.3.1/thumb/v7-m/nofp\libg.a(libc_a-lock.o)
                0x20000978                __lock___malloc_recursive_mutex
 *fill*         0x20000979        0x3 
 .bss.__lock___atexit_recursive_mutex
                0x2000097c        0x1 D:/arm-none-eabi/13.3 rel1/bin/../lib/gcc/arm-none-eabi/13.3.1/thumb/v7-m/nofp\libg.a(libc_a-lock.o)
                0x2000097c                __lock___atexit_recursive_mutex
 *fill*         0x2000097d        0x3 
 .bss.__lock___sfp_recursive_mutex
                0x20000980        0x1 D:/arm-none-eabi/13.3 rel1/bin/../lib/gcc/arm-none-eabi/13.3.1/thumb/v7-m/nofp\libg.a(libc_a-lock.o)
                0x20000980                __lock___sfp_recursive_mutex
 *fill*         0x20000981        0x3 
 .bss.__atexit  0x20000984        0x4 D:/arm-none-eabi/13.3 rel1/bin/../lib/gcc/arm-none-eabi/13.3.1/thumb/v7-m/nofp\libg.a(libc_a-__call_atexit.o)
                0x20000984                __atexit
 .bss.__malloc_current_mallinfo
                0x20000988       0x28 D:/arm-none-eabi/13.3 rel1/bin/../lib/gcc/arm-none-eabi/13.3.1/thumb/v7-m/nofp\libg.a(libc_a-mallocr.o)
                0x20000988                __malloc_current_mallinfo
 .bss.__malloc_max_total_mem
                0x200009b0        0x4 D:/arm-none-eabi/13.3 rel1/bin/../lib/gcc/arm-none-eabi/13.3.1/thumb/v7-m/nofp\libg.a(libc_a-mallocr.o)
                0x200009b0                __malloc_max_total_mem
 .bss.__malloc_max_sbrked_mem
                0x200009b4        0x4 D:/arm-none-eabi/13.3 rel1/bin/../lib/gcc/arm-none-eabi/13.3.1/thumb/v7-m/nofp\libg.a(libc_a-mallocr.o)
                0x200009b4                __malloc_max_sbrked_mem
 .bss.__malloc_top_pad
                0x200009b8        0x4 D:/arm-none-eabi/13.3 rel1/bin/../lib/gcc/arm-none-eabi/13.3.1/thumb/v7-m/nofp\libg.a(libc_a-mallocr.o)
                0x200009b8                __malloc_top_pad
 .bss.__atexit0
                0x200009bc      0x190 D:/arm-none-eabi/13.3 rel1/bin/../lib/gcc/arm-none-eabi/13.3.1/thumb/v7-m/nofp\libg.a(libc_a-__atexit.o)
                0x200009bc                __atexit0
 *(COMMON)
                0x20000b4c                        . = ALIGN (0x4)
                0x20000b4c                        _ebss = .
                0x20000b4c                        __bss_end__ = _ebss

._user_heap_stack
                0x20000b4c      0x604 load address 0x0800b0ac
                0x20000b50                        . = ALIGN (0x8)
 *fill*         0x20000b4c        0x4 
                [!provide]                        PROVIDE (end = .)
                0x20000b50                        PROVIDE (_end = .)
                0x20000d50                        . = (. + _Min_Heap_Size)
 *fill*         0x20000b50      0x200 
                0x20001150                        . = (. + _Min_Stack_Size)
 *fill*         0x20000d50      0x400 
                0x20001150                        . = ALIGN (0x8)

/DISCARD/
 libc.a(*)
 libm.a(*)
 libgcc.a(*)

.ARM.attributes
                0x00000000       0x29
 *(.ARM.attributes)
 .ARM.attributes
                0x00000000       0x1d D:/arm-none-eabi/13.3 rel1/bin/../lib/gcc/arm-none-eabi/13.3.1/thumb/v7-m/nofp/crti.o
 .ARM.attributes
                0x0000001d       0x2d D:/arm-none-eabi/13.3 rel1/bin/../lib/gcc/arm-none-eabi/13.3.1/thumb/v7-m/nofp/crtbegin.o
 .ARM.attributes
                0x0000004a       0x2d CMakeFiles/aht20.elf.dir/Core/Src/ah20.c.obj
 .ARM.attributes
                0x00000077       0x2d CMakeFiles/aht20.elf.dir/Core/Src/dma.c.obj
 .ARM.attributes
                0x000000a4       0x2d CMakeFiles/aht20.elf.dir/Core/Src/gpio.c.obj
 .ARM.attributes
                0x000000d1       0x2d CMakeFiles/aht20.elf.dir/Core/Src/i2c.c.obj
 .ARM.attributes
                0x000000fe       0x2d CMakeFiles/aht20.elf.dir/Core/Src/main.c.obj
 .ARM.attributes
                0x0000012b       0x2d CMakeFiles/aht20.elf.dir/Core/Src/stm32f1xx_hal_msp.c.obj
 .ARM.attributes
                0x00000158       0x2d CMakeFiles/aht20.elf.dir/Core/Src/stm32f1xx_it.c.obj
 .ARM.attributes
                0x00000185       0x2d CMakeFiles/aht20.elf.dir/Core/Src/syscalls.c.obj
 .ARM.attributes
                0x000001b2       0x2d CMakeFiles/aht20.elf.dir/Core/Src/sysmem.c.obj
 .ARM.attributes
                0x000001df       0x2d CMakeFiles/aht20.elf.dir/Core/Src/system_stm32f1xx.c.obj
 .ARM.attributes
                0x0000020c       0x2d CMakeFiles/aht20.elf.dir/Core/Src/usart.c.obj
 .ARM.attributes
                0x00000239       0x21 CMakeFiles/aht20.elf.dir/Core/Startup/startup_stm32f103c8tx.s.obj
 .ARM.attributes
                0x0000025a       0x2d CMakeFiles/aht20.elf.dir/Drivers/STM32F1xx_HAL_Driver/Src/stm32f1xx_hal.c.obj
 .ARM.attributes
                0x00000287       0x2d CMakeFiles/aht20.elf.dir/Drivers/STM32F1xx_HAL_Driver/Src/stm32f1xx_hal_cortex.c.obj
 .ARM.attributes
                0x000002b4       0x2d CMakeFiles/aht20.elf.dir/Drivers/STM32F1xx_HAL_Driver/Src/stm32f1xx_hal_dma.c.obj
 .ARM.attributes
                0x000002e1       0x2d CMakeFiles/aht20.elf.dir/Drivers/STM32F1xx_HAL_Driver/Src/stm32f1xx_hal_gpio.c.obj
 .ARM.attributes
                0x0000030e       0x2d CMakeFiles/aht20.elf.dir/Drivers/STM32F1xx_HAL_Driver/Src/stm32f1xx_hal_i2c.c.obj
 .ARM.attributes
                0x0000033b       0x2d CMakeFiles/aht20.elf.dir/Drivers/STM32F1xx_HAL_Driver/Src/stm32f1xx_hal_rcc.c.obj
 .ARM.attributes
                0x00000368       0x2d CMakeFiles/aht20.elf.dir/Drivers/STM32F1xx_HAL_Driver/Src/stm32f1xx_hal_uart.c.obj
 .ARM.attributes
                0x00000395       0x1d D:/arm-none-eabi/13.3 rel1/bin/../lib/gcc/arm-none-eabi/13.3.1/thumb/v7-m/nofp\libgcc.a(_arm_mulsf3.o)
 .ARM.attributes
                0x000003b2       0x1d D:/arm-none-eabi/13.3 rel1/bin/../lib/gcc/arm-none-eabi/13.3.1/thumb/v7-m/nofp\libgcc.a(_arm_addsubdf3.o)
 .ARM.attributes
                0x000003cf       0x1d D:/arm-none-eabi/13.3 rel1/bin/../lib/gcc/arm-none-eabi/13.3.1/thumb/v7-m/nofp\libgcc.a(_arm_addsubsf3.o)
 .ARM.attributes
                0x000003ec       0x2d D:/arm-none-eabi/13.3 rel1/bin/../lib/gcc/arm-none-eabi/13.3.1/thumb/v7-m/nofp\libg.a(libc_a-findfp.o)
 .ARM.attributes
                0x00000419       0x2d D:/arm-none-eabi/13.3 rel1/bin/../lib/gcc/arm-none-eabi/13.3.1/thumb/v7-m/nofp\libg.a(libc_a-fwalk.o)
 .ARM.attributes
                0x00000446       0x2d D:/arm-none-eabi/13.3 rel1/bin/../lib/gcc/arm-none-eabi/13.3.1/thumb/v7-m/nofp\libg.a(libc_a-sprintf.o)
 .ARM.attributes
                0x00000473       0x2d D:/arm-none-eabi/13.3 rel1/bin/../lib/gcc/arm-none-eabi/13.3.1/thumb/v7-m/nofp\libg.a(libc_a-stdio.o)
 .ARM.attributes
                0x000004a0       0x2d D:/arm-none-eabi/13.3 rel1/bin/../lib/gcc/arm-none-eabi/13.3.1/thumb/v7-m/nofp\libg.a(libc_a-memset.o)
 .ARM.attributes
                0x000004cd       0x2d D:/arm-none-eabi/13.3 rel1/bin/../lib/gcc/arm-none-eabi/13.3.1/thumb/v7-m/nofp\libg.a(libc_a-closer.o)
 .ARM.attributes
                0x000004fa       0x2d D:/arm-none-eabi/13.3 rel1/bin/../lib/gcc/arm-none-eabi/13.3.1/thumb/v7-m/nofp\libg.a(libc_a-reent.o)
 .ARM.attributes
                0x00000527       0x2d D:/arm-none-eabi/13.3 rel1/bin/../lib/gcc/arm-none-eabi/13.3.1/thumb/v7-m/nofp\libg.a(libc_a-impure.o)
 .ARM.attributes
                0x00000554       0x2d D:/arm-none-eabi/13.3 rel1/bin/../lib/gcc/arm-none-eabi/13.3.1/thumb/v7-m/nofp\libg.a(libc_a-lseekr.o)
 .ARM.attributes
                0x00000581       0x2d D:/arm-none-eabi/13.3 rel1/bin/../lib/gcc/arm-none-eabi/13.3.1/thumb/v7-m/nofp\libg.a(libc_a-readr.o)
 .ARM.attributes
                0x000005ae       0x2d D:/arm-none-eabi/13.3 rel1/bin/../lib/gcc/arm-none-eabi/13.3.1/thumb/v7-m/nofp\libg.a(libc_a-writer.o)
 .ARM.attributes
                0x000005db       0x2d D:/arm-none-eabi/13.3 rel1/bin/../lib/gcc/arm-none-eabi/13.3.1/thumb/v7-m/nofp\libg.a(libc_a-errno.o)
 .ARM.attributes
                0x00000608       0x2d D:/arm-none-eabi/13.3 rel1/bin/../lib/gcc/arm-none-eabi/13.3.1/thumb/v7-m/nofp\libg.a(libc_a-init.o)
 .ARM.attributes
                0x00000635       0x2d D:/arm-none-eabi/13.3 rel1/bin/../lib/gcc/arm-none-eabi/13.3.1/thumb/v7-m/nofp\libg.a(libc_a-lock.o)
 .ARM.attributes
                0x00000662       0x2d D:/arm-none-eabi/13.3 rel1/bin/../lib/gcc/arm-none-eabi/13.3.1/thumb/v7-m/nofp\libg.a(libc_a-strlen-stub.o)
 .ARM.attributes
                0x0000068f       0x2d D:/arm-none-eabi/13.3 rel1/bin/../lib/gcc/arm-none-eabi/13.3.1/thumb/v7-m/nofp\libg.a(libc_a-__call_atexit.o)
 .ARM.attributes
                0x000006bc       0x2d D:/arm-none-eabi/13.3 rel1/bin/../lib/gcc/arm-none-eabi/13.3.1/thumb/v7-m/nofp\libg.a(libc_a-atexit.o)
 .ARM.attributes
                0x000006e9       0x2d D:/arm-none-eabi/13.3 rel1/bin/../lib/gcc/arm-none-eabi/13.3.1/thumb/v7-m/nofp\libg.a(libc_a-freer.o)
 .ARM.attributes
                0x00000716       0x2d D:/arm-none-eabi/13.3 rel1/bin/../lib/gcc/arm-none-eabi/13.3.1/thumb/v7-m/nofp\libg.a(libc_a-mallocr.o)
 .ARM.attributes
                0x00000743       0x2d D:/arm-none-eabi/13.3 rel1/bin/../lib/gcc/arm-none-eabi/13.3.1/thumb/v7-m/nofp\libg.a(libc_a-mlock.o)
 .ARM.attributes
                0x00000770       0x2d D:/arm-none-eabi/13.3 rel1/bin/../lib/gcc/arm-none-eabi/13.3.1/thumb/v7-m/nofp\libg.a(libc_a-svfprintf.o)
 .ARM.attributes
                0x0000079d       0x2d D:/arm-none-eabi/13.3 rel1/bin/../lib/gcc/arm-none-eabi/13.3.1/thumb/v7-m/nofp\libg.a(libc_a-ssprint_r.o)
 .ARM.attributes
                0x000007ca       0x2d D:/arm-none-eabi/13.3 rel1/bin/../lib/gcc/arm-none-eabi/13.3.1/thumb/v7-m/nofp\libg.a(libc_a-fclose.o)
 .ARM.attributes
                0x000007f7       0x2d D:/arm-none-eabi/13.3 rel1/bin/../lib/gcc/arm-none-eabi/13.3.1/thumb/v7-m/nofp\libg.a(libc_a-fflush.o)
 .ARM.attributes
                0x00000824       0x2d D:/arm-none-eabi/13.3 rel1/bin/../lib/gcc/arm-none-eabi/13.3.1/thumb/v7-m/nofp\libg.a(libc_a-strncpy.o)
 .ARM.attributes
                0x00000851       0x2d D:/arm-none-eabi/13.3 rel1/bin/../lib/gcc/arm-none-eabi/13.3.1/thumb/v7-m/nofp\libg.a(libc_a-locale.o)
 .ARM.attributes
                0x0000087e       0x2d D:/arm-none-eabi/13.3 rel1/bin/../lib/gcc/arm-none-eabi/13.3.1/thumb/v7-m/nofp\libg.a(libc_a-localeconv.o)
 .ARM.attributes
                0x000008ab       0x2d D:/arm-none-eabi/13.3 rel1/bin/../lib/gcc/arm-none-eabi/13.3.1/thumb/v7-m/nofp\libg.a(libc_a-sbrkr.o)
 .ARM.attributes
                0x000008d8       0x2d D:/arm-none-eabi/13.3 rel1/bin/../lib/gcc/arm-none-eabi/13.3.1/thumb/v7-m/nofp\libg.a(libc_a-fini.o)
 .ARM.attributes
                0x00000905       0x2d D:/arm-none-eabi/13.3 rel1/bin/../lib/gcc/arm-none-eabi/13.3.1/thumb/v7-m/nofp\libg.a(libc_a-sysconf.o)
 .ARM.attributes
                0x00000932       0x2d D:/arm-none-eabi/13.3 rel1/bin/../lib/gcc/arm-none-eabi/13.3.1/thumb/v7-m/nofp\libg.a(libc_a-memchr-stub.o)
 .ARM.attributes
                0x0000095f       0x2d D:/arm-none-eabi/13.3 rel1/bin/../lib/gcc/arm-none-eabi/13.3.1/thumb/v7-m/nofp\libg.a(libm_a-s_frexp.o)
 .ARM.attributes
                0x0000098c       0x2d D:/arm-none-eabi/13.3 rel1/bin/../lib/gcc/arm-none-eabi/13.3.1/thumb/v7-m/nofp\libg.a(libc_a-__atexit.o)
 .ARM.attributes
                0x000009b9       0x2d D:/arm-none-eabi/13.3 rel1/bin/../lib/gcc/arm-none-eabi/13.3.1/thumb/v7-m/nofp\libg.a(libc_a-dtoa.o)
 .ARM.attributes
                0x000009e6       0x2d D:/arm-none-eabi/13.3 rel1/bin/../lib/gcc/arm-none-eabi/13.3.1/thumb/v7-m/nofp\libg.a(libc_a-mbtowc_r.o)
 .ARM.attributes
                0x00000a13       0x2d D:/arm-none-eabi/13.3 rel1/bin/../lib/gcc/arm-none-eabi/13.3.1/thumb/v7-m/nofp\libg.a(libc_a-mprec.o)
 .ARM.attributes
                0x00000a40       0x2d D:/arm-none-eabi/13.3 rel1/bin/../lib/gcc/arm-none-eabi/13.3.1/thumb/v7-m/nofp\libg.a(libc_a-wctomb_r.o)
 .ARM.attributes
                0x00000a6d       0x2d D:/arm-none-eabi/13.3 rel1/bin/../lib/gcc/arm-none-eabi/13.3.1/thumb/v7-m/nofp\libg.a(libc_a-wcrtomb.o)
 .ARM.attributes
                0x00000a9a       0x2d D:/arm-none-eabi/13.3 rel1/bin/../lib/gcc/arm-none-eabi/13.3.1/thumb/v7-m/nofp\libg.a(libc_a-wcsrtombs.o)
 .ARM.attributes
                0x00000ac7       0x2d D:/arm-none-eabi/13.3 rel1/bin/../lib/gcc/arm-none-eabi/13.3.1/thumb/v7-m/nofp\libg.a(libc_a-ctype_.o)
 .ARM.attributes
                0x00000af4       0x2d D:/arm-none-eabi/13.3 rel1/bin/../lib/gcc/arm-none-eabi/13.3.1/thumb/v7-m/nofp\libg.a(libc_a-ssputs_r.o)
 .ARM.attributes
                0x00000b21       0x2d D:/arm-none-eabi/13.3 rel1/bin/../lib/gcc/arm-none-eabi/13.3.1/thumb/v7-m/nofp\libg.a(libc_a-memmove.o)
 .ARM.attributes
                0x00000b4e       0x1b D:/arm-none-eabi/13.3 rel1/bin/../lib/gcc/arm-none-eabi/13.3.1/thumb/v7-m/nofp\libg.a(libc_a-memcpy.o)
 .ARM.attributes
                0x00000b69       0x2d D:/arm-none-eabi/13.3 rel1/bin/../lib/gcc/arm-none-eabi/13.3.1/thumb/v7-m/nofp\libg.a(libc_a-assert.o)
 .ARM.attributes
                0x00000b96       0x2d D:/arm-none-eabi/13.3 rel1/bin/../lib/gcc/arm-none-eabi/13.3.1/thumb/v7-m/nofp\libg.a(libc_a-callocr.o)
 .ARM.attributes
                0x00000bc3       0x2d D:/arm-none-eabi/13.3 rel1/bin/../lib/gcc/arm-none-eabi/13.3.1/thumb/v7-m/nofp\libg.a(libc_a-reallocr.o)
 .ARM.attributes
                0x00000bf0       0x2d D:/arm-none-eabi/13.3 rel1/bin/../lib/gcc/arm-none-eabi/13.3.1/thumb/v7-m/nofp\libg.a(libc_a-wcsnrtombs.o)
 .ARM.attributes
                0x00000c1d       0x2d D:/arm-none-eabi/13.3 rel1/bin/../lib/gcc/arm-none-eabi/13.3.1/thumb/v7-m/nofp\libg.a(libc_a-fiprintf.o)
 .ARM.attributes
                0x00000c4a       0x2d D:/arm-none-eabi/13.3 rel1/bin/../lib/gcc/arm-none-eabi/13.3.1/thumb/v7-m/nofp\libg.a(libc_a-vfiprintf.o)
 .ARM.attributes
                0x00000c77       0x2d D:/arm-none-eabi/13.3 rel1/bin/../lib/gcc/arm-none-eabi/13.3.1/thumb/v7-m/nofp\libg.a(libc_a-sprint_r.o)
 .ARM.attributes
                0x00000ca4       0x2d D:/arm-none-eabi/13.3 rel1/bin/../lib/gcc/arm-none-eabi/13.3.1/thumb/v7-m/nofp\libg.a(libc_a-fvwrite.o)
 .ARM.attributes
                0x00000cd1       0x2d D:/arm-none-eabi/13.3 rel1/bin/../lib/gcc/arm-none-eabi/13.3.1/thumb/v7-m/nofp\libg.a(libc_a-wsetup.o)
 .ARM.attributes
                0x00000cfe       0x2d D:/arm-none-eabi/13.3 rel1/bin/../lib/gcc/arm-none-eabi/13.3.1/thumb/v7-m/nofp\libg.a(libc_a-abort.o)
 .ARM.attributes
                0x00000d2b       0x2d D:/arm-none-eabi/13.3 rel1/bin/../lib/gcc/arm-none-eabi/13.3.1/thumb/v7-m/nofp\libg.a(libc_a-makebuf.o)
 .ARM.attributes
                0x00000d58       0x2d D:/arm-none-eabi/13.3 rel1/bin/../lib/gcc/arm-none-eabi/13.3.1/thumb/v7-m/nofp\libg.a(libc_a-signal.o)
 .ARM.attributes
                0x00000d85       0x2d D:/arm-none-eabi/13.3 rel1/bin/../lib/gcc/arm-none-eabi/13.3.1/thumb/v7-m/nofp\libg.a(libc_a-fstatr.o)
 .ARM.attributes
                0x00000db2       0x2d D:/arm-none-eabi/13.3 rel1/bin/../lib/gcc/arm-none-eabi/13.3.1/thumb/v7-m/nofp\libg.a(libc_a-isattyr.o)
 .ARM.attributes
                0x00000ddf       0x2d D:/arm-none-eabi/13.3 rel1/bin/../lib/gcc/arm-none-eabi/13.3.1/thumb/v7-m/nofp\libg.a(libc_a-signalr.o)
 .ARM.attributes
                0x00000e0c       0x1d D:/arm-none-eabi/13.3 rel1/bin/../lib/gcc/arm-none-eabi/13.3.1/thumb/v7-m/nofp\libgcc.a(_arm_muldivdf3.o)
 .ARM.attributes
                0x00000e29       0x1d D:/arm-none-eabi/13.3 rel1/bin/../lib/gcc/arm-none-eabi/13.3.1/thumb/v7-m/nofp\libgcc.a(_arm_cmpdf2.o)
 .ARM.attributes
                0x00000e46       0x1d D:/arm-none-eabi/13.3 rel1/bin/../lib/gcc/arm-none-eabi/13.3.1/thumb/v7-m/nofp\libgcc.a(_arm_unorddf2.o)
 .ARM.attributes
                0x00000e63       0x1d D:/arm-none-eabi/13.3 rel1/bin/../lib/gcc/arm-none-eabi/13.3.1/thumb/v7-m/nofp\libgcc.a(_arm_fixdfsi.o)
 .ARM.attributes
                0x00000e80       0x2d D:/arm-none-eabi/13.3 rel1/bin/../lib/gcc/arm-none-eabi/13.3.1/thumb/v7-m/nofp/crtend.o
 .ARM.attributes
                0x00000ead       0x1d D:/arm-none-eabi/13.3 rel1/bin/../lib/gcc/arm-none-eabi/13.3.1/thumb/v7-m/nofp/crtn.o
OUTPUT(aht20.elf elf32-littlearm)
LOAD linker stubs
LOAD D:/arm-none-eabi/13.3 rel1/bin/../lib/gcc/arm-none-eabi/13.3.1/thumb/v7-m/nofp\libc.a
LOAD D:/arm-none-eabi/13.3 rel1/bin/../lib/gcc/arm-none-eabi/13.3.1/thumb/v7-m/nofp\libm.a
LOAD D:/arm-none-eabi/13.3 rel1/bin/../lib/gcc/arm-none-eabi/13.3.1/thumb/v7-m/nofp\libgcc.a

.debug_info     0x00000000     0xe594
 .debug_info    0x00000000      0x9ba CMakeFiles/aht20.elf.dir/Core/Src/ah20.c.obj
 .debug_info    0x000009ba      0x32b CMakeFiles/aht20.elf.dir/Core/Src/dma.c.obj
 .debug_info    0x00000ce5      0x180 CMakeFiles/aht20.elf.dir/Core/Src/gpio.c.obj
 .debug_info    0x00000e65      0xb62 CMakeFiles/aht20.elf.dir/Core/Src/i2c.c.obj
 .debug_info    0x000019c7      0x9de CMakeFiles/aht20.elf.dir/Core/Src/main.c.obj
 .debug_info    0x000023a5      0x1f4 CMakeFiles/aht20.elf.dir/Core/Src/stm32f1xx_hal_msp.c.obj
 .debug_info    0x00002599      0x6df CMakeFiles/aht20.elf.dir/Core/Src/stm32f1xx_it.c.obj
 .debug_info    0x00002c78      0x789 CMakeFiles/aht20.elf.dir/Core/Src/syscalls.c.obj
 .debug_info    0x00003401      0x171 CMakeFiles/aht20.elf.dir/Core/Src/sysmem.c.obj
 .debug_info    0x00003572      0x22d CMakeFiles/aht20.elf.dir/Core/Src/system_stm32f1xx.c.obj
 .debug_info    0x0000379f      0x80b CMakeFiles/aht20.elf.dir/Core/Src/usart.c.obj
 .debug_info    0x00003faa       0x30 CMakeFiles/aht20.elf.dir/Core/Startup/startup_stm32f103c8tx.s.obj
 .debug_info    0x00003fda      0x7a2 CMakeFiles/aht20.elf.dir/Drivers/STM32F1xx_HAL_Driver/Src/stm32f1xx_hal.c.obj
 .debug_info    0x0000477c      0xcd9 CMakeFiles/aht20.elf.dir/Drivers/STM32F1xx_HAL_Driver/Src/stm32f1xx_hal_cortex.c.obj
 .debug_info    0x00005455      0x7f2 CMakeFiles/aht20.elf.dir/Drivers/STM32F1xx_HAL_Driver/Src/stm32f1xx_hal_dma.c.obj
 .debug_info    0x00005c47      0x604 CMakeFiles/aht20.elf.dir/Drivers/STM32F1xx_HAL_Driver/Src/stm32f1xx_hal_gpio.c.obj
 .debug_info    0x0000624b     0x3905 CMakeFiles/aht20.elf.dir/Drivers/STM32F1xx_HAL_Driver/Src/stm32f1xx_hal_i2c.c.obj
 .debug_info    0x00009b50      0x9c7 CMakeFiles/aht20.elf.dir/Drivers/STM32F1xx_HAL_Driver/Src/stm32f1xx_hal_rcc.c.obj
 .debug_info    0x0000a517     0x407d CMakeFiles/aht20.elf.dir/Drivers/STM32F1xx_HAL_Driver/Src/stm32f1xx_hal_uart.c.obj

.debug_abbrev   0x00000000     0x23aa
 .debug_abbrev  0x00000000      0x225 CMakeFiles/aht20.elf.dir/Core/Src/ah20.c.obj
 .debug_abbrev  0x00000225      0x119 CMakeFiles/aht20.elf.dir/Core/Src/dma.c.obj
 .debug_abbrev  0x0000033e       0xc4 CMakeFiles/aht20.elf.dir/Core/Src/gpio.c.obj
 .debug_abbrev  0x00000402      0x244 CMakeFiles/aht20.elf.dir/Core/Src/i2c.c.obj
 .debug_abbrev  0x00000646      0x299 CMakeFiles/aht20.elf.dir/Core/Src/main.c.obj
 .debug_abbrev  0x000008df       0xed CMakeFiles/aht20.elf.dir/Core/Src/stm32f1xx_hal_msp.c.obj
 .debug_abbrev  0x000009cc      0x179 CMakeFiles/aht20.elf.dir/Core/Src/stm32f1xx_it.c.obj
 .debug_abbrev  0x00000b45      0x1c1 CMakeFiles/aht20.elf.dir/Core/Src/syscalls.c.obj
 .debug_abbrev  0x00000d06       0xea CMakeFiles/aht20.elf.dir/Core/Src/sysmem.c.obj
 .debug_abbrev  0x00000df0      0x143 CMakeFiles/aht20.elf.dir/Core/Src/system_stm32f1xx.c.obj
 .debug_abbrev  0x00000f33      0x204 CMakeFiles/aht20.elf.dir/Core/Src/usart.c.obj
 .debug_abbrev  0x00001137       0x24 CMakeFiles/aht20.elf.dir/Core/Startup/startup_stm32f103c8tx.s.obj
 .debug_abbrev  0x0000115b      0x22d CMakeFiles/aht20.elf.dir/Drivers/STM32F1xx_HAL_Driver/Src/stm32f1xx_hal.c.obj
 .debug_abbrev  0x00001388      0x36d CMakeFiles/aht20.elf.dir/Drivers/STM32F1xx_HAL_Driver/Src/stm32f1xx_hal_cortex.c.obj
 .debug_abbrev  0x000016f5      0x244 CMakeFiles/aht20.elf.dir/Drivers/STM32F1xx_HAL_Driver/Src/stm32f1xx_hal_dma.c.obj
 .debug_abbrev  0x00001939      0x1f7 CMakeFiles/aht20.elf.dir/Drivers/STM32F1xx_HAL_Driver/Src/stm32f1xx_hal_gpio.c.obj
 .debug_abbrev  0x00001b30      0x2be CMakeFiles/aht20.elf.dir/Drivers/STM32F1xx_HAL_Driver/Src/stm32f1xx_hal_i2c.c.obj
 .debug_abbrev  0x00001dee      0x2a0 CMakeFiles/aht20.elf.dir/Drivers/STM32F1xx_HAL_Driver/Src/stm32f1xx_hal_rcc.c.obj
 .debug_abbrev  0x0000208e      0x31c CMakeFiles/aht20.elf.dir/Drivers/STM32F1xx_HAL_Driver/Src/stm32f1xx_hal_uart.c.obj

.debug_loclists
                0x00000000     0x77df
 .debug_loclists
                0x00000000       0xfc CMakeFiles/aht20.elf.dir/Core/Src/ah20.c.obj
 .debug_loclists
                0x000000fc       0x63 CMakeFiles/aht20.elf.dir/Core/Src/i2c.c.obj
 .debug_loclists
                0x0000015f       0x17 CMakeFiles/aht20.elf.dir/Core/Src/stm32f1xx_hal_msp.c.obj
 .debug_loclists
                0x00000176      0x2cd CMakeFiles/aht20.elf.dir/Core/Src/syscalls.c.obj
 .debug_loclists
                0x00000443       0x52 CMakeFiles/aht20.elf.dir/Core/Src/sysmem.c.obj
 .debug_loclists
                0x00000495       0xb7 CMakeFiles/aht20.elf.dir/Core/Src/system_stm32f1xx.c.obj
 .debug_loclists
                0x0000054c       0x74 CMakeFiles/aht20.elf.dir/Core/Src/usart.c.obj
 .debug_loclists
                0x000005c0       0xe1 CMakeFiles/aht20.elf.dir/Drivers/STM32F1xx_HAL_Driver/Src/stm32f1xx_hal.c.obj
 .debug_loclists
                0x000006a1      0x530 CMakeFiles/aht20.elf.dir/Drivers/STM32F1xx_HAL_Driver/Src/stm32f1xx_hal_cortex.c.obj
 .debug_loclists
                0x00000bd1      0x562 CMakeFiles/aht20.elf.dir/Drivers/STM32F1xx_HAL_Driver/Src/stm32f1xx_hal_dma.c.obj
 .debug_loclists
                0x00001133      0x318 CMakeFiles/aht20.elf.dir/Drivers/STM32F1xx_HAL_Driver/Src/stm32f1xx_hal_gpio.c.obj
 .debug_loclists
                0x0000144b     0x31cd CMakeFiles/aht20.elf.dir/Drivers/STM32F1xx_HAL_Driver/Src/stm32f1xx_hal_i2c.c.obj
 .debug_loclists
                0x00004618      0x42e CMakeFiles/aht20.elf.dir/Drivers/STM32F1xx_HAL_Driver/Src/stm32f1xx_hal_rcc.c.obj
 .debug_loclists
                0x00004a46     0x2d99 CMakeFiles/aht20.elf.dir/Drivers/STM32F1xx_HAL_Driver/Src/stm32f1xx_hal_uart.c.obj

.debug_aranges  0x00000000      0xa90
 .debug_aranges
                0x00000000       0x40 CMakeFiles/aht20.elf.dir/Core/Src/ah20.c.obj
 .debug_aranges
                0x00000040       0x20 CMakeFiles/aht20.elf.dir/Core/Src/dma.c.obj
 .debug_aranges
                0x00000060       0x20 CMakeFiles/aht20.elf.dir/Core/Src/gpio.c.obj
 .debug_aranges
                0x00000080       0x40 CMakeFiles/aht20.elf.dir/Core/Src/i2c.c.obj
 .debug_aranges
                0x000000c0       0x30 CMakeFiles/aht20.elf.dir/Core/Src/main.c.obj
 .debug_aranges
                0x000000f0       0x20 CMakeFiles/aht20.elf.dir/Core/Src/stm32f1xx_hal_msp.c.obj
 .debug_aranges
                0x00000110       0x80 CMakeFiles/aht20.elf.dir/Core/Src/stm32f1xx_it.c.obj
 .debug_aranges
                0x00000190       0xa8 CMakeFiles/aht20.elf.dir/Core/Src/syscalls.c.obj
 .debug_aranges
                0x00000238       0x20 CMakeFiles/aht20.elf.dir/Core/Src/sysmem.c.obj
 .debug_aranges
                0x00000258       0x28 CMakeFiles/aht20.elf.dir/Core/Src/system_stm32f1xx.c.obj
 .debug_aranges
                0x00000280       0x30 CMakeFiles/aht20.elf.dir/Core/Src/usart.c.obj
 .debug_aranges
                0x000002b0       0x28 CMakeFiles/aht20.elf.dir/Core/Startup/startup_stm32f103c8tx.s.obj
 .debug_aranges
                0x000002d8       0xe0 CMakeFiles/aht20.elf.dir/Drivers/STM32F1xx_HAL_Driver/Src/stm32f1xx_hal.c.obj
 .debug_aranges
                0x000003b8       0xc0 CMakeFiles/aht20.elf.dir/Drivers/STM32F1xx_HAL_Driver/Src/stm32f1xx_hal_cortex.c.obj
 .debug_aranges
                0x00000478       0x80 CMakeFiles/aht20.elf.dir/Drivers/STM32F1xx_HAL_Driver/Src/stm32f1xx_hal_dma.c.obj
 .debug_aranges
                0x000004f8       0x58 CMakeFiles/aht20.elf.dir/Drivers/STM32F1xx_HAL_Driver/Src/stm32f1xx_hal_gpio.c.obj
 .debug_aranges
                0x00000550      0x2a8 CMakeFiles/aht20.elf.dir/Drivers/STM32F1xx_HAL_Driver/Src/stm32f1xx_hal_i2c.c.obj
 .debug_aranges
                0x000007f8       0x90 CMakeFiles/aht20.elf.dir/Drivers/STM32F1xx_HAL_Driver/Src/stm32f1xx_hal_rcc.c.obj
 .debug_aranges
                0x00000888      0x208 CMakeFiles/aht20.elf.dir/Drivers/STM32F1xx_HAL_Driver/Src/stm32f1xx_hal_uart.c.obj

.debug_rnglists
                0x00000000      0x809
 .debug_rnglists
                0x00000000       0x2c CMakeFiles/aht20.elf.dir/Core/Src/ah20.c.obj
 .debug_rnglists
                0x0000002c       0x13 CMakeFiles/aht20.elf.dir/Core/Src/dma.c.obj
 .debug_rnglists
                0x0000003f       0x13 CMakeFiles/aht20.elf.dir/Core/Src/gpio.c.obj
 .debug_rnglists
                0x00000052       0x2c CMakeFiles/aht20.elf.dir/Core/Src/i2c.c.obj
 .debug_rnglists
                0x0000007e       0x20 CMakeFiles/aht20.elf.dir/Core/Src/main.c.obj
 .debug_rnglists
                0x0000009e       0x13 CMakeFiles/aht20.elf.dir/Core/Src/stm32f1xx_hal_msp.c.obj
 .debug_rnglists
                0x000000b1       0x5b CMakeFiles/aht20.elf.dir/Core/Src/stm32f1xx_it.c.obj
 .debug_rnglists
                0x0000010c       0x79 CMakeFiles/aht20.elf.dir/Core/Src/syscalls.c.obj
 .debug_rnglists
                0x00000185       0x13 CMakeFiles/aht20.elf.dir/Core/Src/sysmem.c.obj
 .debug_rnglists
                0x00000198       0x1a CMakeFiles/aht20.elf.dir/Core/Src/system_stm32f1xx.c.obj
 .debug_rnglists
                0x000001b2       0x1f CMakeFiles/aht20.elf.dir/Core/Src/usart.c.obj
 .debug_rnglists
                0x000001d1       0x19 CMakeFiles/aht20.elf.dir/Core/Startup/startup_stm32f103c8tx.s.obj
 .debug_rnglists
                0x000001ea       0xa3 CMakeFiles/aht20.elf.dir/Drivers/STM32F1xx_HAL_Driver/Src/stm32f1xx_hal.c.obj
 .debug_rnglists
                0x0000028d       0x8b CMakeFiles/aht20.elf.dir/Drivers/STM32F1xx_HAL_Driver/Src/stm32f1xx_hal_cortex.c.obj
 .debug_rnglists
                0x00000318       0x5e CMakeFiles/aht20.elf.dir/Drivers/STM32F1xx_HAL_Driver/Src/stm32f1xx_hal_dma.c.obj
 .debug_rnglists
                0x00000376       0x3f CMakeFiles/aht20.elf.dir/Drivers/STM32F1xx_HAL_Driver/Src/stm32f1xx_hal_gpio.c.obj
 .debug_rnglists
                0x000003b5      0x236 CMakeFiles/aht20.elf.dir/Drivers/STM32F1xx_HAL_Driver/Src/stm32f1xx_hal_i2c.c.obj
 .debug_rnglists
                0x000005eb       0x7d CMakeFiles/aht20.elf.dir/Drivers/STM32F1xx_HAL_Driver/Src/stm32f1xx_hal_rcc.c.obj
 .debug_rnglists
                0x00000668      0x1a1 CMakeFiles/aht20.elf.dir/Drivers/STM32F1xx_HAL_Driver/Src/stm32f1xx_hal_uart.c.obj

.debug_line     0x00000000     0xd2cd
 .debug_line    0x00000000      0x33a CMakeFiles/aht20.elf.dir/Core/Src/ah20.c.obj
 .debug_line    0x0000033a      0x1a3 CMakeFiles/aht20.elf.dir/Core/Src/dma.c.obj
 .debug_line    0x000004dd      0x157 CMakeFiles/aht20.elf.dir/Core/Src/gpio.c.obj
 .debug_line    0x00000634      0x420 CMakeFiles/aht20.elf.dir/Core/Src/i2c.c.obj
 .debug_line    0x00000a54      0x46a CMakeFiles/aht20.elf.dir/Core/Src/main.c.obj
 .debug_line    0x00000ebe      0x165 CMakeFiles/aht20.elf.dir/Core/Src/stm32f1xx_hal_msp.c.obj
 .debug_line    0x00001023      0x2fe CMakeFiles/aht20.elf.dir/Core/Src/stm32f1xx_it.c.obj
 .debug_line    0x00001321      0x3c6 CMakeFiles/aht20.elf.dir/Core/Src/syscalls.c.obj
 .debug_line    0x000016e7      0x198 CMakeFiles/aht20.elf.dir/Core/Src/sysmem.c.obj
 .debug_line    0x0000187f      0x22d CMakeFiles/aht20.elf.dir/Core/Src/system_stm32f1xx.c.obj
 .debug_line    0x00001aac      0x313 CMakeFiles/aht20.elf.dir/Core/Src/usart.c.obj
 .debug_line    0x00001dbf       0x78 CMakeFiles/aht20.elf.dir/Core/Startup/startup_stm32f103c8tx.s.obj
 .debug_line    0x00001e37      0x54a CMakeFiles/aht20.elf.dir/Drivers/STM32F1xx_HAL_Driver/Src/stm32f1xx_hal.c.obj
 .debug_line    0x00002381      0x6a9 CMakeFiles/aht20.elf.dir/Drivers/STM32F1xx_HAL_Driver/Src/stm32f1xx_hal_cortex.c.obj
 .debug_line    0x00002a2a      0xaf1 CMakeFiles/aht20.elf.dir/Drivers/STM32F1xx_HAL_Driver/Src/stm32f1xx_hal_dma.c.obj
 .debug_line    0x0000351b      0x5d2 CMakeFiles/aht20.elf.dir/Drivers/STM32F1xx_HAL_Driver/Src/stm32f1xx_hal_gpio.c.obj
 .debug_line    0x00003aed     0x55fd CMakeFiles/aht20.elf.dir/Drivers/STM32F1xx_HAL_Driver/Src/stm32f1xx_hal_i2c.c.obj
 .debug_line    0x000090ea      0xcac CMakeFiles/aht20.elf.dir/Drivers/STM32F1xx_HAL_Driver/Src/stm32f1xx_hal_rcc.c.obj
 .debug_line    0x00009d96     0x3537 CMakeFiles/aht20.elf.dir/Drivers/STM32F1xx_HAL_Driver/Src/stm32f1xx_hal_uart.c.obj

.debug_str      0x00000000     0x3004
 .debug_str     0x00000000     0x3004 CMakeFiles/aht20.elf.dir/Core/Src/ah20.c.obj
                                0x7af (size before relaxing)
 .debug_str     0x00003004      0x50c CMakeFiles/aht20.elf.dir/Core/Src/dma.c.obj
 .debug_str     0x00003004      0x207 CMakeFiles/aht20.elf.dir/Core/Src/gpio.c.obj
 .debug_str     0x00003004      0xb03 CMakeFiles/aht20.elf.dir/Core/Src/i2c.c.obj
 .debug_str     0x00003004      0x855 CMakeFiles/aht20.elf.dir/Core/Src/main.c.obj
 .debug_str     0x00003004      0x241 CMakeFiles/aht20.elf.dir/Core/Src/stm32f1xx_hal_msp.c.obj
 .debug_str     0x00003004      0x78b CMakeFiles/aht20.elf.dir/Core/Src/stm32f1xx_it.c.obj
 .debug_str     0x00003004      0x40e CMakeFiles/aht20.elf.dir/Core/Src/syscalls.c.obj
 .debug_str     0x00003004      0x23a CMakeFiles/aht20.elf.dir/Core/Src/sysmem.c.obj
 .debug_str     0x00003004      0x276 CMakeFiles/aht20.elf.dir/Core/Src/system_stm32f1xx.c.obj
 .debug_str     0x00003004      0x6f4 CMakeFiles/aht20.elf.dir/Core/Src/usart.c.obj
 .debug_str     0x00003004       0x87 CMakeFiles/aht20.elf.dir/Core/Startup/startup_stm32f103c8tx.s.obj
 .debug_str     0x00003004      0x850 CMakeFiles/aht20.elf.dir/Drivers/STM32F1xx_HAL_Driver/Src/stm32f1xx_hal.c.obj
 .debug_str     0x00003004      0x8f5 CMakeFiles/aht20.elf.dir/Drivers/STM32F1xx_HAL_Driver/Src/stm32f1xx_hal_cortex.c.obj
 .debug_str     0x00003004      0x61f CMakeFiles/aht20.elf.dir/Drivers/STM32F1xx_HAL_Driver/Src/stm32f1xx_hal_dma.c.obj
 .debug_str     0x00003004      0x422 CMakeFiles/aht20.elf.dir/Drivers/STM32F1xx_HAL_Driver/Src/stm32f1xx_hal_gpio.c.obj
 .debug_str     0x00003004      0xfe7 CMakeFiles/aht20.elf.dir/Drivers/STM32F1xx_HAL_Driver/Src/stm32f1xx_hal_i2c.c.obj
 .debug_str     0x00003004      0x64d CMakeFiles/aht20.elf.dir/Drivers/STM32F1xx_HAL_Driver/Src/stm32f1xx_hal_rcc.c.obj
 .debug_str     0x00003004      0xd16 CMakeFiles/aht20.elf.dir/Drivers/STM32F1xx_HAL_Driver/Src/stm32f1xx_hal_uart.c.obj

.comment        0x00000000       0x45
 .comment       0x00000000       0x45 CMakeFiles/aht20.elf.dir/Core/Src/ah20.c.obj
                                 0x46 (size before relaxing)
 .comment       0x00000045       0x46 CMakeFiles/aht20.elf.dir/Core/Src/dma.c.obj
 .comment       0x00000045       0x46 CMakeFiles/aht20.elf.dir/Core/Src/gpio.c.obj
 .comment       0x00000045       0x46 CMakeFiles/aht20.elf.dir/Core/Src/i2c.c.obj
 .comment       0x00000045       0x46 CMakeFiles/aht20.elf.dir/Core/Src/main.c.obj
 .comment       0x00000045       0x46 CMakeFiles/aht20.elf.dir/Core/Src/stm32f1xx_hal_msp.c.obj
 .comment       0x00000045       0x46 CMakeFiles/aht20.elf.dir/Core/Src/stm32f1xx_it.c.obj
 .comment       0x00000045       0x46 CMakeFiles/aht20.elf.dir/Core/Src/syscalls.c.obj
 .comment       0x00000045       0x46 CMakeFiles/aht20.elf.dir/Core/Src/sysmem.c.obj
 .comment       0x00000045       0x46 CMakeFiles/aht20.elf.dir/Core/Src/system_stm32f1xx.c.obj
 .comment       0x00000045       0x46 CMakeFiles/aht20.elf.dir/Core/Src/usart.c.obj
 .comment       0x00000045       0x46 CMakeFiles/aht20.elf.dir/Drivers/STM32F1xx_HAL_Driver/Src/stm32f1xx_hal.c.obj
 .comment       0x00000045       0x46 CMakeFiles/aht20.elf.dir/Drivers/STM32F1xx_HAL_Driver/Src/stm32f1xx_hal_cortex.c.obj
 .comment       0x00000045       0x46 CMakeFiles/aht20.elf.dir/Drivers/STM32F1xx_HAL_Driver/Src/stm32f1xx_hal_dma.c.obj
 .comment       0x00000045       0x46 CMakeFiles/aht20.elf.dir/Drivers/STM32F1xx_HAL_Driver/Src/stm32f1xx_hal_gpio.c.obj
 .comment       0x00000045       0x46 CMakeFiles/aht20.elf.dir/Drivers/STM32F1xx_HAL_Driver/Src/stm32f1xx_hal_i2c.c.obj
 .comment       0x00000045       0x46 CMakeFiles/aht20.elf.dir/Drivers/STM32F1xx_HAL_Driver/Src/stm32f1xx_hal_rcc.c.obj
 .comment       0x00000045       0x46 CMakeFiles/aht20.elf.dir/Drivers/STM32F1xx_HAL_Driver/Src/stm32f1xx_hal_uart.c.obj

.debug_frame    0x00000000     0x3300
 .debug_frame   0x00000000       0xa8 CMakeFiles/aht20.elf.dir/Core/Src/ah20.c.obj
 .debug_frame   0x000000a8       0x2c CMakeFiles/aht20.elf.dir/Core/Src/dma.c.obj
 .debug_frame   0x000000d4       0x28 CMakeFiles/aht20.elf.dir/Core/Src/gpio.c.obj
 .debug_frame   0x000000fc       0x88 CMakeFiles/aht20.elf.dir/Core/Src/i2c.c.obj
 .debug_frame   0x00000184       0x58 CMakeFiles/aht20.elf.dir/Core/Src/main.c.obj
 .debug_frame   0x000001dc       0x28 CMakeFiles/aht20.elf.dir/Core/Src/stm32f1xx_hal_msp.c.obj
 .debug_frame   0x00000204      0x108 CMakeFiles/aht20.elf.dir/Core/Src/stm32f1xx_it.c.obj