Archive member included to satisfy reference by file (symbol)

D:/arm-none-eabi/13.3 rel1/bin/../lib/gcc/arm-none-eabi/13.3.1/thumb/v7-m/nofp\libgcc.a(_arm_muldf3.o)
                              CMakeFiles/chaoshengbo.elf.dir/Core/Src/main.c.obj (__aeabi_dmul)
D:/arm-none-eabi/13.3 rel1/bin/../lib/gcc/arm-none-eabi/13.3.1/thumb/v7-m/nofp\libgcc.a(_arm_addsubdf3.o)
                              CMakeFiles/chaoshengbo.elf.dir/Core/Src/oled.c.obj (__aeabi_dsub)
D:/arm-none-eabi/13.3 rel1/bin/../lib/gcc/arm-none-eabi/13.3.1/thumb/v7-m/nofp\libgcc.a(_arm_fixdfsi.o)
                              CMakeFiles/chaoshengbo.elf.dir/Core/Src/oled.c.obj (__aeabi_d2iz)
D:/arm-none-eabi/13.3 rel1/bin/../lib/gcc/arm-none-eabi/13.3.1/thumb/v7-m/nofp\libgcc.a(_arm_truncdfsf2.o)
                              CMakeFiles/chaoshengbo.elf.dir/Core/Src/main.c.obj (__aeabi_d2f)
D:/arm-none-eabi/13.3 rel1/bin/../lib/gcc/arm-none-eabi/13.3.1/thumb/v7-m/nofp\libg.a(libc_a-exit.o)
                              D:/arm-none-eabi/13.3 rel1/bin/../lib/gcc/arm-none-eabi/13.3.1/thumb/v7-m/nofp/crt0.o (exit)
D:/arm-none-eabi/13.3 rel1/bin/../lib/gcc/arm-none-eabi/13.3.1/thumb/v7-m/nofp\libg.a(libc_a-findfp.o)
                              D:/arm-none-eabi/13.3 rel1/bin/../lib/gcc/arm-none-eabi/13.3.1/thumb/v7-m/nofp\libg.a(libc_a-exit.o) (__stdio_exit_handler)
D:/arm-none-eabi/13.3 rel1/bin/../lib/gcc/arm-none-eabi/13.3.1/thumb/v7-m/nofp\libg.a(libc_a-fwalk.o)
                              D:/arm-none-eabi/13.3 rel1/bin/../lib/gcc/arm-none-eabi/13.3.1/thumb/v7-m/nofp\libg.a(libc_a-findfp.o) (_fwalk_sglue)
D:/arm-none-eabi/13.3 rel1/bin/../lib/gcc/arm-none-eabi/13.3.1/thumb/v7-m/nofp\libg.a(libc_a-sprintf.o)
                              CMakeFiles/chaoshengbo.elf.dir/Core/Src/main.c.obj (sprintf)
D:/arm-none-eabi/13.3 rel1/bin/../lib/gcc/arm-none-eabi/13.3.1/thumb/v7-m/nofp\libg.a(libc_a-stdio.o)
                              D:/arm-none-eabi/13.3 rel1/bin/../lib/gcc/arm-none-eabi/13.3.1/thumb/v7-m/nofp\libg.a(libc_a-findfp.o) (__sread)
D:/arm-none-eabi/13.3 rel1/bin/../lib/gcc/arm-none-eabi/13.3.1/thumb/v7-m/nofp\libg.a(libc_a-memcmp.o)
                              CMakeFiles/chaoshengbo.elf.dir/Core/Src/oled.c.obj (memcmp)
D:/arm-none-eabi/13.3 rel1/bin/../lib/gcc/arm-none-eabi/13.3.1/thumb/v7-m/nofp\libg.a(libc_a-memset.o)
                              D:/arm-none-eabi/13.3 rel1/bin/../lib/gcc/arm-none-eabi/13.3.1/thumb/v7-m/nofp/crt0.o (memset)
D:/arm-none-eabi/13.3 rel1/bin/../lib/gcc/arm-none-eabi/13.3.1/thumb/v7-m/nofp\libg.a(libc_a-closer.o)
                              D:/arm-none-eabi/13.3 rel1/bin/../lib/gcc/arm-none-eabi/13.3.1/thumb/v7-m/nofp\libg.a(libc_a-stdio.o) (_close_r)
D:/arm-none-eabi/13.3 rel1/bin/../lib/gcc/arm-none-eabi/13.3.1/thumb/v7-m/nofp\libg.a(libc_a-reent.o)
                              D:/arm-none-eabi/13.3 rel1/bin/../lib/gcc/arm-none-eabi/13.3.1/thumb/v7-m/nofp\libg.a(libc_a-closer.o) (errno)
D:/arm-none-eabi/13.3 rel1/bin/../lib/gcc/arm-none-eabi/13.3.1/thumb/v7-m/nofp\libg.a(libc_a-impure.o)
                              D:/arm-none-eabi/13.3 rel1/bin/../lib/gcc/arm-none-eabi/13.3.1/thumb/v7-m/nofp\libg.a(libc_a-sprintf.o) (_impure_ptr)
D:/arm-none-eabi/13.3 rel1/bin/../lib/gcc/arm-none-eabi/13.3.1/thumb/v7-m/nofp\libg.a(libc_a-lseekr.o)
                              D:/arm-none-eabi/13.3 rel1/bin/../lib/gcc/arm-none-eabi/13.3.1/thumb/v7-m/nofp\libg.a(libc_a-stdio.o) (_lseek_r)
D:/arm-none-eabi/13.3 rel1/bin/../lib/gcc/arm-none-eabi/13.3.1/thumb/v7-m/nofp\libg.a(libc_a-readr.o)
                              D:/arm-none-eabi/13.3 rel1/bin/../lib/gcc/arm-none-eabi/13.3.1/thumb/v7-m/nofp\libg.a(libc_a-stdio.o) (_read_r)
D:/arm-none-eabi/13.3 rel1/bin/../lib/gcc/arm-none-eabi/13.3.1/thumb/v7-m/nofp\libg.a(libc_a-writer.o)
                              D:/arm-none-eabi/13.3 rel1/bin/../lib/gcc/arm-none-eabi/13.3.1/thumb/v7-m/nofp\libg.a(libc_a-stdio.o) (_write_r)
D:/arm-none-eabi/13.3 rel1/bin/../lib/gcc/arm-none-eabi/13.3.1/thumb/v7-m/nofp\libg.a(libc_a-errno.o)
                              CMakeFiles/chaoshengbo.elf.dir/Core/Src/syscalls.c.obj (__errno)
D:/arm-none-eabi/13.3 rel1/bin/../lib/gcc/arm-none-eabi/13.3.1/thumb/v7-m/nofp\libg.a(libc_a-init.o)
                              D:/arm-none-eabi/13.3 rel1/bin/../lib/gcc/arm-none-eabi/13.3.1/thumb/v7-m/nofp/crt0.o (__libc_init_array)
D:/arm-none-eabi/13.3 rel1/bin/../lib/gcc/arm-none-eabi/13.3.1/thumb/v7-m/nofp\libg.a(libc_a-lock.o)
                              D:/arm-none-eabi/13.3 rel1/bin/../lib/gcc/arm-none-eabi/13.3.1/thumb/v7-m/nofp\libg.a(libc_a-findfp.o) (__retarget_lock_init_recursive)
D:/arm-none-eabi/13.3 rel1/bin/../lib/gcc/arm-none-eabi/13.3.1/thumb/v7-m/nofp\libg.a(libc_a-memcpy.o)
                              CMakeFiles/chaoshengbo.elf.dir/Core/Src/oled.c.obj (memcpy)
D:/arm-none-eabi/13.3 rel1/bin/../lib/gcc/arm-none-eabi/13.3.1/thumb/v7-m/nofp\libg.a(libc_a-__call_atexit.o)
[...]
Memory Configuration

Name             Origin             Length             Attributes
RAM              0x20000000         0x00005000         xrw
FLASH            0x08000000         0x00010000         xr
*default*        0x00000000         0xffffffff

Linker script and memory map

LOAD D:/arm-none-eabi/13.3 rel1/bin/../lib/gcc/arm-none-eabi/13.3.1/thumb/v7-m/nofp/crti.o
LOAD D:/arm-none-eabi/13.3 rel1/bin/../lib/gcc/arm-none-eabi/13.3.1/thumb/v7-m/nofp/crtbegin.o
LOAD D:/arm-none-eabi/13.3 rel1/bin/../lib/gcc/arm-none-eabi/13.3.1/thumb/v7-m/nofp/crt0.o
LOAD CMakeFiles/chaoshengbo.elf.dir/Core/Src/font.c.obj
LOAD CMakeFiles/chaoshengbo.elf.dir/Core/Src/gpio.c.obj
LOAD CMakeFiles/chaoshengbo.elf.dir/Core/Src/i2c.c.obj
LOAD CMakeFiles/chaoshengbo.elf.dir/Core/Src/main.c.obj
LOAD CMakeFiles/chaoshengbo.elf.dir/Core/Src/oled.c.obj
LOAD CMakeFiles/chaoshengbo.elf.dir/Core/Src/stm32f1xx_hal_msp.c.obj
LOAD CMakeFiles/chaoshengbo.elf.dir/Core/Src/stm32f1xx_it.c.obj
LOAD CMakeFiles/chaoshengbo.elf.dir/Core/Src/syscalls.c.obj
LOAD CMakeFiles/chaoshengbo.elf.dir/Core/Src/sysmem.c.obj
LOAD CMakeFiles/chaoshengbo.elf.dir/Core/Src/system_stm32f1xx.c.obj
LOAD CMakeFiles/chaoshengbo.elf.dir/Core/Src/tim.c.obj
LOAD CMakeFiles/chaoshengbo.elf.dir/Core/Startup/startup_stm32f103c8tx.s.obj
LOAD CMakeFiles/chaoshengbo.elf.dir/Drivers/STM32F1xx_HAL_Driver/Src/stm32f1xx_hal.c.obj
LOAD CMakeFiles/chaoshengbo.elf.dir/Drivers/STM32F1xx_HAL_Driver/Src/stm32f1xx_hal_cortex.c.obj
LOAD CMakeFiles/chaoshengbo.elf.dir/Drivers/STM32F1xx_HAL_Driver/Src/stm32f1xx_hal_dma.c.obj
LOAD CMakeFiles/chaoshengbo.elf.dir/Drivers/STM32F1xx_HAL_Driver/Src/stm32f1xx_hal_exti.c.obj
LOAD CMakeFiles/chaoshengbo.elf.dir/Drivers/STM32F1xx_HAL_Driver/Src/stm32f1xx_hal_flash.c.obj
LOAD CMakeFiles/chaoshengbo.elf.dir/Drivers/STM32F1xx_HAL_Driver/Src/stm32f1xx_hal_flash_ex.c.obj
LOAD CMakeFiles/chaoshengbo.elf.dir/Drivers/STM32F1xx_HAL_Driver/Src/stm32f1xx_hal_gpio.c.obj
LOAD CMakeFiles/chaoshengbo.elf.dir/Drivers/STM32F1xx_HAL_Driver/Src/stm32f1xx_hal_gpio_ex.c.obj
LOAD CMakeFiles/chaoshengbo.elf.dir/Drivers/STM32F1xx_HAL_Driver/Src/stm32f1xx_hal_i2c.c.obj
LOAD CMakeFiles/chaoshengbo.elf.dir/Drivers/STM32F1xx_HAL_Driver/Src/stm32f1xx_hal_pwr.c.obj
LOAD CMakeFiles/chaoshengbo.elf.dir/Drivers/STM32F1xx_HAL_Driver/Src/stm32f1xx_hal_rcc.c.obj
LOAD CMakeFiles/chaoshengbo.elf.dir/Drivers/STM32F1xx_HAL_Driver/Src/stm32f1xx_hal_rcc_ex.c.obj
LOAD CMakeFiles/chaoshengbo.elf.dir/Drivers/STM32F1xx_HAL_Driver/Src/stm32f1xx_hal_tim.c.obj
LOAD CMakeFiles/chaoshengbo.elf.dir/Drivers/STM32F1xx_HAL_Driver/Src/stm32f1xx_hal_tim_ex.c.obj
START GROUP
LOAD D:/arm-none-eabi/13.3 rel1/bin/../lib/gcc/arm-none-eabi/13.3.1/thumb/v7-m/nofp\libgcc.a
LOAD D:/arm-none-eabi/13.3 rel1/bin/../lib/gcc/arm-none-eabi/13.3.1/thumb/v7-m/nofp\libg.a
LOAD D:/arm-none-eabi/13.3 rel1/bin/../lib/gcc/arm-none-eabi/13.3.1/thumb/v7-m/nofp\libc.a
END GROUP
LOAD D:/arm-none-eabi/13.3 rel1/bin/../lib/gcc/arm-none-eabi/13.3.1/thumb/v7-m/nofp/crtend.o
LOAD D:/arm-none-eabi/13.3 rel1/bin/../lib/gcc/arm-none-eabi/13.3.1/thumb/v7-m/nofp/crtn.o
                0x20005000                        _estack = (ORIGIN (RAM) + LENGTH (RAM))
                0x00000200                        _Min_Heap_Size = 0x200
                0x00000400                        _Min_Stack_Size = 0x400

.isr_vector     0x08000000      0x10c
                0x08000000                        . = ALIGN (0x4)
 *(.isr_vector)
 .isr_vector    0x08000000      0x10c CMakeFiles/chaoshengbo.elf.dir/Core/Startup/startup_stm32f103c8tx.s.obj
                0x08000000                g_pfnVectors
                0x0800010c                        . = ALIGN (0x4)

.text           0x08000110     0x8fd8
                0x08000110                        . = ALIGN (0x4)
 *(.text)
 .text          0x08000110      0x378 D:/arm-none-eabi/13.3 rel1/bin/../lib/gcc/arm-none-eabi/13.3.1/thumb/v7-m/nofp\libgcc.a(_arm_addsubdf3.o)
                0x08000110                __aeabi_drsub
                0x08000118                __aeabi_dsub
                0x08000118                __subdf3
                0x0800011c                __aeabi_dadd
                0x0800011c                __adddf3
                0x08000394                __floatunsidf
                0x08000394                __aeabi_ui2d
                0x080003b4                __floatsidf
                0x080003b4                __aeabi_i2d
                0x080003d8                __aeabi_f2d
                0x080003d8                __extendsfdf2
                0x0800041c                __floatundidf
                0x0800041c                __aeabi_ul2d
                0x0800042c                __floatdidf
                0x0800042c                __aeabi_l2d
 .text          0x08000488       0x50 D:/arm-none-eabi/13.3 rel1/bin/../lib/gcc/arm-none-eabi/13.3.1/thumb/v7-m/nofp\libgcc.a(_arm_fixdfsi.o)
                0x08000488                __aeabi_d2iz
                0x08000488                __fixdfsi
 .text          0x080004d8       0xa0 D:/arm-none-eabi/13.3 rel1/bin/../lib/gcc/arm-none-eabi/13.3.1/thumb/v7-m/nofp\libgcc.a(_arm_truncdfsf2.o)
                0x080004d8                __truncdfsf2
                0x080004d8                __aeabi_d2f
 .text          0x08000578       0xec D:/arm-none-eabi/13.3 rel1/bin/../lib/gcc/arm-none-eabi/13.3.1/thumb/v7-m/nofp\libg.a(libc_a-memcpy.o)
                0x08000578                memcpy
 .text          0x08000664      0x424 D:/arm-none-eabi/13.3 rel1/bin/../lib/gcc/arm-none-eabi/13.3.1/thumb/v7-m/nofp\libgcc.a(_arm_muldivdf3.o)
                0x08000664                __aeabi_dmul
                0x08000664                __muldf3
                0x080008b8                __divdf3
                0x080008b8                __aeabi_ddiv
 .text          0x08000a88      0x110 D:/arm-none-eabi/13.3 rel1/bin/../lib/gcc/arm-none-eabi/13.3.1/thumb/v7-m/nofp\libgcc.a(_arm_cmpdf2.o)
                0x08000a88                __gtdf2
                0x08000a88                __gedf2
                0x08000a90                __ltdf2
                0x08000a90                __ledf2
                0x08000a98                __nedf2
                0x08000a98                __eqdf2
                0x08000a98                __cmpdf2
                0x08000b14                __aeabi_cdrcmple
                0x08000b24                __aeabi_cdcmpeq
                0x08000b24                __aeabi_cdcmple
                0x08000b34                __aeabi_dcmpeq
                0x08000b48                __aeabi_dcmplt
                0x08000b5c                __aeabi_dcmple
                0x08000b70                __aeabi_dcmpge
                0x08000b84                __aeabi_dcmpgt
 .text          0x08000b98       0x2c D:/arm-none-eabi/13.3 rel1/bin/../lib/gcc/arm-none-eabi/13.3.1/thumb/v7-m/nofp\libgcc.a(_arm_unorddf2.o)
                0x08000b98                __unorddf2
                0x08000b98                __aeabi_dcmpun
 *(.text*)
 .text.deregister_tm_clones
                0x08000bc4       0x1c D:/arm-none-eabi/13.3 rel1/bin/../lib/gcc/arm-none-eabi/13.3.1/thumb/v7-m/nofp/crtbegin.o
 .text.register_tm_clones
                0x08000be0       0x24 D:/arm-none-eabi/13.3 rel1/bin/../lib/gcc/arm-none-eabi/13.3.1/thumb/v7-m/nofp/crtbegin.o
 .text.__do_global_dtors_aux
                0x08000c04       0x28 D:/arm-none-eabi/13.3 rel1/bin/../lib/gcc/arm-none-eabi/13.3.1/thumb/v7-m/nofp/crtbegin.o
 .text.frame_dummy
                0x08000c2c       0x24 D:/arm-none-eabi/13.3 rel1/bin/../lib/gcc/arm-none-eabi/13.3.1/thumb/v7-m/nofp/crtbegin.o
 .text.MX_GPIO_Init
                0x08000c50       0x78 CMakeFiles/chaoshengbo.elf.dir/Core/Src/gpio.c.obj
                0x08000c50                MX_GPIO_Init
 .text.MX_I2C1_Init
                0x08000cc8       0x3c CMakeFiles/chaoshengbo.elf.dir/Core/Src/i2c.c.obj
                0x08000cc8                MX_I2C1_Init
 .text.HAL_I2C_MspInit
                0x08000d04       0x64 CMakeFiles/chaoshengbo.elf.dir/Core/Src/i2c.c.obj
                0x08000d04                HAL_I2C_MspInit
 .text.HAL_TIM_IC_CaptureCallback
                0x08000d68       0x6c CMakeFiles/chaoshengbo.elf.dir/Core/Src/main.c.obj
                0x08000d68                HAL_TIM_IC_CaptureCallback
 .text.Error_Handler
                0x08000dd4        0x4 CMakeFiles/chaoshengbo.elf.dir/Core/Src/main.c.obj
                0x08000dd4                Error_Handler
 .text.SystemClock_Config
                0x08000dd8       0x64 CMakeFiles/chaoshengbo.elf.dir/Core/Src/main.c.obj
                0x08000dd8                SystemClock_Config
 .text.main     0x08000e3c       0xbc CMakeFiles/chaoshengbo.elf.dir/Core/Src/main.c.obj
                0x08000e3c                main
 .text.OLED_Send
                0x08000ef8       0x20 CMakeFiles/chaoshengbo.elf.dir/Core/Src/oled.c.obj
                0x08000ef8                OLED_Send
 .text.OLED_SendCmd
                0x08000f18       0x14 CMakeFiles/chaoshengbo.elf.dir/Core/Src/oled.c.obj
                0x08000f18                OLED_SendCmd
 .text.OLED_NewFrame
                0x08000f2c       0x14 CMakeFiles/chaoshengbo.elf.dir/Core/Src/oled.c.obj
                0x08000f2c                OLED_NewFrame
 .text.OLED_ShowFrame
                0x08000f40       0x50 CMakeFiles/chaoshengbo.elf.dir/Core/Src/oled.c.obj
                0x08000f40                OLED_ShowFrame
 .text.OLED_Init
                0x08000f90       0xa8 CMakeFiles/chaoshengbo.elf.dir/Core/Src/oled.c.obj
                0x08000f90                OLED_Init
 .text.OLED_SetByte_Fine
                0x08001038       0x74 CMakeFiles/chaoshengbo.elf.dir/Core/Src/oled.c.obj
                0x08001038                OLED_SetByte_Fine
 .text.OLED_SetBits_Fine
                0x080010ac       0x78 CMakeFiles/chaoshengbo.elf.dir/Core/Src/oled.c.obj
                0x080010ac                OLED_SetBits_Fine
 .text.OLED_SetBits
                0x08001124       0x4e CMakeFiles/chaoshengbo.elf.dir/Core/Src/oled.c.obj
                0x08001124                OLED_SetBits
 .text.OLED_SetBlock
                0x08001172       0x8e CMakeFiles/chaoshengbo.elf.dir/Core/Src/oled.c.obj
                0x08001172                OLED_SetBlock
 .text.OLED_PrintASCIIChar
                0x08001200       0x2c CMakeFiles/chaoshengbo.elf.dir/Core/Src/oled.c.obj
                0x08001200                OLED_PrintASCIIChar
 .text._OLED_GetUTF8Len
                0x0800122c       0x36 CMakeFiles/chaoshengbo.elf.dir/Core/Src/oled.c.obj
                0x0800122c                _OLED_GetUTF8Len
 .text.OLED_PrintString
                0x08001262       0xf0 CMakeFiles/chaoshengbo.elf.dir/Core/Src/oled.c.obj
                0x08001262                OLED_PrintString
 *fill*         0x08001352        0x2 
 .text.HAL_MspInit
                0x08001354       0x44 CMakeFiles/chaoshengbo.elf.dir/Core/Src/stm32f1xx_hal_msp.c.obj
                0x08001354                HAL_MspInit
 .text.NMI_Handler
                0x08001398        0x2 CMakeFiles/chaoshengbo.elf.dir/Core/Src/stm32f1xx_it.c.obj
                0x08001398                NMI_Handler
 .text.HardFault_Handler
                0x0800139a        0x2 CMakeFiles/chaoshengbo.elf.dir/Core/Src/stm32f1xx_it.c.obj
                0x0800139a                HardFault_Handler
 .text.MemManage_Handler
                0x0800139c        0x2 CMakeFiles/chaoshengbo.elf.dir/Core/Src/stm32f1xx_it.c.obj
                0x0800139c                MemManage_Handler
 .text.BusFault_Handler
                0x0800139e        0x2 CMakeFiles/chaoshengbo.elf.dir/Core/Src/stm32f1xx_it.c.obj
                0x0800139e                BusFault_Handler
 .text.UsageFault_Handler
                0x080013a0        0x2 CMakeFiles/chaoshengbo.elf.dir/Core/Src/stm32f1xx_it.c.obj
                0x080013a0                UsageFault_Handler
 .text.SVC_Handler
                0x080013a2        0x2 CMakeFiles/chaoshengbo.elf.dir/Core/Src/stm32f1xx_it.c.obj
                0x080013a2                SVC_Handler
 .text.DebugMon_Handler
                0x080013a4        0x2 CMakeFiles/chaoshengbo.elf.dir/Core/Src/stm32f1xx_it.c.obj
                0x080013a4                DebugMon_Handler
 .text.PendSV_Handler
                0x080013a6        0x2 CMakeFiles/chaoshengbo.elf.dir/Core/Src/stm32f1xx_it.c.obj
                0x080013a6                PendSV_Handler
 .text.SysTick_Handler
                0x080013a8        0x8 CMakeFiles/chaoshengbo.elf.dir/Core/Src/stm32f1xx_it.c.obj
                0x080013a8                SysTick_Handler
 .text.TIM1_CC_IRQHandler
                0x080013b0       0x10 CMakeFiles/chaoshengbo.elf.dir/Core/Src/stm32f1xx_it.c.obj
                0x080013b0                TIM1_CC_IRQHandler
 .text._getpid  0x080013c0        0x4 CMakeFiles/chaoshengbo.elf.dir/Core/Src/syscalls.c.obj
                0x080013c0                _getpid
 .text._kill    0x080013c4       0x10 CMakeFiles/chaoshengbo.elf.dir/Core/Src/syscalls.c.obj
                0x080013c4                _kill
 .text._exit    0x080013d4        0xc CMakeFiles/chaoshengbo.elf.dir/Core/Src/syscalls.c.obj
                0x080013d4                _exit
 .text._read    0x080013e0       0x20 CMakeFiles/chaoshengbo.elf.dir/Core/Src/syscalls.c.obj
                0x080013e0                _read
 .text._write   0x08001400       0x1c CMakeFiles/chaoshengbo.elf.dir/Core/Src/syscalls.c.obj
                0x08001400                _write
 .text._close   0x0800141c        0x6 CMakeFiles/chaoshengbo.elf.dir/Core/Src/syscalls.c.obj
                0x0800141c                _close
 .text._fstat   0x08001422        0xa CMakeFiles/chaoshengbo.elf.dir/Core/Src/syscalls.c.obj
                0x08001422                _fstat
 .text._isatty  0x0800142c        0x4 CMakeFiles/chaoshengbo.elf.dir/Core/Src/syscalls.c.obj
                0x0800142c                _isatty
 .text._lseek   0x08001430        0x4 CMakeFiles/chaoshengbo.elf.dir/Core/Src/syscalls.c.obj
                0x08001430                _lseek
 .text._sbrk    0x08001434       0x48 CMakeFiles/chaoshengbo.elf.dir/Core/Src/sysmem.c.obj
                0x08001434                _sbrk
 .text.SystemInit
                0x0800147c        0x2 CMakeFiles/chaoshengbo.elf.dir/Core/Src/system_stm32f1xx.c.obj
                0x0800147c                SystemInit
 *fill*         0x0800147e        0x2 
 .text.MX_TIM1_Init
                0x08001480       0xbc CMakeFiles/chaoshengbo.elf.dir/Core/Src/tim.c.obj
                0x08001480                MX_TIM1_Init
 .text.HAL_TIM_Base_MspInit
                0x0800153c       0x6c CMakeFiles/chaoshengbo.elf.dir/Core/Src/tim.c.obj
                0x0800153c                HAL_TIM_Base_MspInit
 .text.Reset_Handler
                0x080015a8       0x48 CMakeFiles/chaoshengbo.elf.dir/Core/Startup/startup_stm32f103c8tx.s.obj
                0x080015a8                Reset_Handler
 .text.Default_Handler
                0x080015f0        0x2 CMakeFiles/chaoshengbo.elf.dir/Core/Startup/startup_stm32f103c8tx.s.obj
                0x080015f0                RTC_Alarm_IRQHandler
                0x080015f0                EXTI2_IRQHandler
                0x080015f0                PVD_IRQHandler
                0x080015f0                EXTI3_IRQHandler
                0x080015f0                EXTI0_IRQHandler
                0x080015f0                I2C2_EV_IRQHandler
                0x080015f0                ADC1_2_IRQHandler
                0x080015f0                SPI1_IRQHandler
                0x080015f0                TAMPER_IRQHandler
                0x080015f0                DMA1_Channel4_IRQHandler
                0x080015f0                USART3_IRQHandler
                0x080015f0                RTC_IRQHandler
                0x080015f0                DMA1_Channel7_IRQHandler
                0x080015f0                CAN1_RX1_IRQHandler
                0x080015f0                TIM4_IRQHandler
                0x080015f0                I2C1_EV_IRQHandler
                0x080015f0                DMA1_Channel6_IRQHandler
                0x080015f0                TIM3_IRQHandler
                0x080015f0                RCC_IRQHandler
                0x080015f0                TIM1_TRG_COM_IRQHandler
                0x080015f0                DMA1_Channel1_IRQHandler
                0x080015f0                Default_Handler
                0x080015f0                EXTI15_10_IRQHandler
                0x080015f0                EXTI9_5_IRQHandler
                0x080015f0                SPI2_IRQHandler
                0x080015f0                DMA1_Channel5_IRQHandler
                0x080015f0                EXTI4_IRQHandler
                0x080015f0                USB_LP_CAN1_RX0_IRQHandler
                0x080015f0                USB_HP_CAN1_TX_IRQHandler
                0x080015f0                DMA1_Channel3_IRQHandler
                0x080015f0                TIM1_UP_IRQHandler
                0x080015f0                WWDG_IRQHandler
                0x080015f0                TIM2_IRQHandler
                0x080015f0                TIM1_BRK_IRQHandler
                0x080015f0                EXTI1_IRQHandler
                0x080015f0                USART2_IRQHandler
                0x080015f0                I2C2_ER_IRQHandler
                0x080015f0                DMA1_Channel2_IRQHandler
                0x080015f0                CAN1_SCE_IRQHandler
                0x080015f0                FLASH_IRQHandler
                0x080015f0                USART1_IRQHandler
                0x080015f0                I2C1_ER_IRQHandler
                0x080015f0                USBWakeUp_IRQHandler
 *fill*         0x080015f2        0x2 
 .text.HAL_InitTick
                0x080015f4       0x4c CMakeFiles/chaoshengbo.elf.dir/Drivers/STM32F1xx_HAL_Driver/Src/stm32f1xx_hal.c.obj
                0x080015f4                HAL_InitTick
 .text.HAL_Init
                0x08001640       0x24 CMakeFiles/chaoshengbo.elf.dir/Drivers/STM32F1xx_HAL_Driver/Src/stm32f1xx_hal.c.obj
                0x08001640                HAL_Init
 .text.HAL_IncTick
                0x08001664       0x18 CMakeFiles/chaoshengbo.elf.dir/Drivers/STM32F1xx_HAL_Driver/Src/stm32f1xx_hal.c.obj
                0x08001664                HAL_IncTick
 .text.HAL_GetTick
                0x0800167c        0xc CMakeFiles/chaoshengbo.elf.dir/Drivers/STM32F1xx_HAL_Driver/Src/stm32f1xx_hal.c.obj
                0x0800167c                HAL_GetTick
 .text.HAL_Delay
                0x08001688       0x28 CMakeFiles/chaoshengbo.elf.dir/Drivers/STM32F1xx_HAL_Driver/Src/stm32f1xx_hal.c.obj
                0x08001688                HAL_Delay
 .text.__NVIC_SetPriority
                0x080016b0       0x28 CMakeFiles/chaoshengbo.elf.dir/Drivers/STM32F1xx_HAL_Driver/Src/stm32f1xx_hal_cortex.c.obj
 .text.NVIC_EncodePriority
                0x080016d8       0x3e CMakeFiles/chaoshengbo.elf.dir/Drivers/STM32F1xx_HAL_Driver/Src/stm32f1xx_hal_cortex.c.obj
 *fill*         0x08001716        0x2 
 .text.HAL_NVIC_SetPriorityGrouping
                0x08001718       0x24 CMakeFiles/chaoshengbo.elf.dir/Drivers/STM32F1xx_HAL_Driver/Src/stm32f1xx_hal_cortex.c.obj
                0x08001718                HAL_NVIC_SetPriorityGrouping
 .text.HAL_NVIC_SetPriority
                0x0800173c       0x20 CMakeFiles/chaoshengbo.elf.dir/Drivers/STM32F1xx_HAL_Driver/Src/stm32f1xx_hal_cortex.c.obj
                0x0800173c                HAL_NVIC_SetPriority
 .text.HAL_NVIC_EnableIRQ
                0x0800175c       0x1c CMakeFiles/chaoshengbo.elf.dir/Drivers/STM32F1xx_HAL_Driver/Src/stm32f1xx_hal_cortex.c.obj
                0x0800175c                HAL_NVIC_EnableIRQ
 .text.HAL_SYSTICK_Config
                0x08001778       0x28 CMakeFiles/chaoshengbo.elf.dir/Drivers/STM32F1xx_HAL_Driver/Src/stm32f1xx_hal_cortex.c.obj
                0x08001778                HAL_SYSTICK_Config
 .text.HAL_GPIO_Init
                0x080017a0      0x21c CMakeFiles/chaoshengbo.elf.dir/Drivers/STM32F1xx_HAL_Driver/Src/stm32f1xx_hal_gpio.c.obj
                0x080017a0                HAL_GPIO_Init
 .text.HAL_GPIO_WritePin
                0x080019bc        0xc CMakeFiles/chaoshengbo.elf.dir/Drivers/STM32F1xx_HAL_Driver/Src/stm32f1xx_hal_gpio.c.obj
                0x080019bc                HAL_GPIO_WritePin
 .text.I2C_IsAcknowledgeFailed
                0x080019c8       0x32 CMakeFiles/chaoshengbo.elf.dir/Drivers/STM32F1xx_HAL_Driver/Src/stm32f1xx_hal_i2c.c.obj
 .text.I2C_WaitOnFlagUntilTimeout
                0x080019fa       0xaa CMakeFiles/chaoshengbo.elf.dir/Drivers/STM32F1xx_HAL_Driver/Src/stm32f1xx_hal_i2c.c.obj
 .text.I2C_WaitOnMasterAddressFlagUntilTimeout
                0x08001aa4       0xd6 CMakeFiles/chaoshengbo.elf.dir/Drivers/STM32F1xx_HAL_Driver/Src/stm32f1xx_hal_i2c.c.obj
 *fill*         0x08001b7a        0x2 
 .text.I2C_MasterRequestWrite
                0x08001b7c       0xb4 CMakeFiles/chaoshengbo.elf.dir/Drivers/STM32F1xx_HAL_Driver/Src/stm32f1xx_hal_i2c.c.obj
 .text.I2C_WaitOnTXEFlagUntilTimeout
                0x08001c30       0x5e CMakeFiles/chaoshengbo.elf.dir/Drivers/STM32F1xx_HAL_Driver/Src/stm32f1xx_hal_i2c.c.obj
 .text.I2C_WaitOnBTFFlagUntilTimeout
                0x08001c8e       0x5e CMakeFiles/chaoshengbo.elf.dir/Drivers/STM32F1xx_HAL_Driver/Src/stm32f1xx_hal_i2c.c.obj
 .text.HAL_I2C_Init
                0x08001cec      0x1bc CMakeFiles/chaoshengbo.elf.dir/Drivers/STM32F1xx_HAL_Driver/Src/stm32f1xx_hal_i2c.c.obj
                0x08001cec                HAL_I2C_Init
 .text.HAL_I2C_Master_Transmit
                0x08001ea8      0x178 CMakeFiles/chaoshengbo.elf.dir/Drivers/STM32F1xx_HAL_Driver/Src/stm32f1xx_hal_i2c.c.obj
                0x08001ea8                HAL_I2C_Master_Transmit
 .text.RCC_Delay
                0x08002020       0x2c CMakeFiles/chaoshengbo.elf.dir/Drivers/STM32F1xx_HAL_Driver/Src/stm32f1xx_hal_rcc.c.obj
 .text.HAL_RCC_OscConfig
                0x0800204c      0x410 CMakeFiles/chaoshengbo.elf.dir/Drivers/STM32F1xx_HAL_Driver/Src/stm32f1xx_hal_rcc.c.obj
                0x0800204c                HAL_RCC_OscConfig
 .text.HAL_RCC_GetSysClockFreq
                0x0800245c       0x54 CMakeFiles/chaoshengbo.elf.dir/Drivers/STM32F1xx_HAL_Driver/Src/stm32f1xx_hal_rcc.c.obj
                0x0800245c                HAL_RCC_GetSysClockFreq
 .text.HAL_RCC_ClockConfig
                0x080024b0      0x16c CMakeFiles/chaoshengbo.elf.dir/Drivers/STM32F1xx_HAL_Driver/Src/stm32f1xx_hal_rcc.c.obj
                0x080024b0                HAL_RCC_ClockConfig
 .text.HAL_RCC_GetHCLKFreq
                0x0800261c        0xc CMakeFiles/chaoshengbo.elf.dir/Drivers/STM32F1xx_HAL_Driver/Src/stm32f1xx_hal_rcc.c.obj
                0x0800261c                HAL_RCC_GetHCLKFreq
 .text.HAL_RCC_GetPCLK1Freq
                0x08002628       0x20 CMakeFiles/chaoshengbo.elf.dir/Drivers/STM32F1xx_HAL_Driver/Src/stm32f1xx_hal_rcc.c.obj
                0x08002628                HAL_RCC_GetPCLK1Freq
 .text.TIM_TI1_ConfigInputStage
                0x08002648       0x24 CMakeFiles/chaoshengbo.elf.dir/Drivers/STM32F1xx_HAL_Driver/Src/stm32f1xx_hal_tim.c.obj
 .text.TIM_TI2_SetConfig
                0x0800266c       0x36 CMakeFiles/chaoshengbo.elf.dir/Drivers/STM32F1xx_HAL_Driver/Src/stm32f1xx_hal_tim.c.obj
 .text.TIM_TI2_ConfigInputStage
                0x080026a2       0x26 CMakeFiles/chaoshengbo.elf.dir/Drivers/STM32F1xx_HAL_Driver/Src/stm32f1xx_hal_tim.c.obj
 .text.TIM_TI3_SetConfig
                0x080026c8       0x36 CMakeFiles/chaoshengbo.elf.dir/Drivers/STM32F1xx_HAL_Driver/Src/stm32f1xx_hal_tim.c.obj
 .text.TIM_TI4_SetConfig
                0x080026fe       0x36 CMakeFiles/chaoshengbo.elf.dir/Drivers/STM32F1xx_HAL_Driver/Src/stm32f1xx_hal_tim.c.obj
 .text.TIM_ITRx_SetConfig
                0x08002734       0x10 CMakeFiles/chaoshengbo.elf.dir/Drivers/STM32F1xx_HAL_Driver/Src/stm32f1xx_hal_tim.c.obj
 .text.HAL_TIM_Base_Start
                0x08002744       0x5c CMakeFiles/chaoshengbo.elf.dir/Drivers/STM32F1xx_HAL_Driver/Src/stm32f1xx_hal_tim.c.obj
                0x08002744                HAL_TIM_Base_Start
 .text.HAL_TIM_IC_MspInit
                0x080027a0        0x2 CMakeFiles/chaoshengbo.elf.dir/Drivers/STM32F1xx_HAL_Driver/Src/stm32f1xx_hal_tim.c.obj
                0x080027a0                HAL_TIM_IC_MspInit
 .text.HAL_TIM_ReadCapturedValue
                0x080027a2       0x32 CMakeFiles/chaoshengbo.elf.dir/Drivers/STM32F1xx_HAL_Driver/Src/stm32f1xx_hal_tim.c.obj
                0x080027a2                HAL_TIM_ReadCapturedValue
 .text.HAL_TIM_PeriodElapsedCallback
                0x080027d4        0x2 CMakeFiles/chaoshengbo.elf.dir/Drivers/STM32F1xx_HAL_Driver/Src/stm32f1xx_hal_tim.c.obj
                0x080027d4                HAL_TIM_PeriodElapsedCallback
 .text.HAL_TIM_OC_DelayElapsedCallback
                0x080027d6        0x2 CMakeFiles/chaoshengbo.elf.dir/Drivers/STM32F1xx_HAL_Driver/Src/stm32f1xx_hal_tim.c.obj
                0x080027d6                HAL_TIM_OC_DelayElapsedCallback
 .text.HAL_TIM_PWM_PulseFinishedCallback
                0x080027d8        0x2 CMakeFiles/chaoshengbo.elf.dir/Drivers/STM32F1xx_HAL_Driver/Src/stm32f1xx_hal_tim.c.obj
                0x080027d8                HAL_TIM_PWM_PulseFinishedCallback
 .text.HAL_TIM_TriggerCallback
                0x080027da        0x2 CMakeFiles/chaoshengbo.elf.dir/Drivers/STM32F1xx_HAL_Driver/Src/stm32f1xx_hal_tim.c.obj
                0x080027da                HAL_TIM_TriggerCallback
 .text.HAL_TIM_IRQHandler
                0x080027dc      0x17a CMakeFiles/chaoshengbo.elf.dir/Drivers/STM32F1xx_HAL_Driver/Src/stm32f1xx_hal_tim.c.obj
                0x080027dc                HAL_TIM_IRQHandler
 *fill*         0x08002956        0x2 
 .text.TIM_Base_SetConfig
                0x08002958       0x74 CMakeFiles/chaoshengbo.elf.dir/Drivers/STM32F1xx_HAL_Driver/Src/stm32f1xx_hal_tim.c.obj
                0x08002958                TIM_Base_SetConfig
 .text.HAL_TIM_Base_Init
                0x080029cc       0x58 CMakeFiles/chaoshengbo.elf.dir/Drivers/STM32F1xx_HAL_Driver/Src/stm32f1xx_hal_tim.c.obj
                0x080029cc                HAL_TIM_Base_Init
 .text.HAL_TIM_IC_Init
                0x08002a24       0x58 CMakeFiles/chaoshengbo.elf.dir/Drivers/STM32F1xx_HAL_Driver/Src/stm32f1xx_hal_tim.c.obj
                0x08002a24                HAL_TIM_IC_Init
 .text.TIM_TI1_SetConfig
                0x08002a7c       0x58 CMakeFiles/chaoshengbo.elf.dir/Drivers/STM32F1xx_HAL_Driver/Src/stm32f1xx_hal_tim.c.obj
                0x08002a7c                TIM_TI1_SetConfig
 .text.HAL_TIM_IC_ConfigChannel
                0x08002ad4       0xcc CMakeFiles/chaoshengbo.elf.dir/Drivers/STM32F1xx_HAL_Driver/Src/stm32f1xx_hal_tim.c.obj
                0x08002ad4                HAL_TIM_IC_ConfigChannel
 .text.TIM_ETR_SetConfig
                0x08002ba0       0x18 CMakeFiles/chaoshengbo.elf.dir/Drivers/STM32F1xx_HAL_Driver/Src/stm32f1xx_hal_tim.c.obj
                0x08002ba0                TIM_ETR_SetConfig
 .text.HAL_TIM_ConfigClockSource
                0x08002bb8       0xfe CMakeFiles/chaoshengbo.elf.dir/Drivers/STM32F1xx_HAL_Driver/Src/stm32f1xx_hal_tim.c.obj
                0x08002bb8                HAL_TIM_ConfigClockSource
 .text.TIM_CCxChannelCmd
                0x08002cb6       0x1e CMakeFiles/chaoshengbo.elf.dir/Drivers/STM32F1xx_HAL_Driver/Src/stm32f1xx_hal_tim.c.obj
                0x08002cb6                TIM_CCxChannelCmd
 .text.HAL_TIM_IC_Start
                0x08002cd4      0x104 CMakeFiles/chaoshengbo.elf.dir/Drivers/STM32F1xx_HAL_Driver/Src/stm32f1xx_hal_tim.c.obj
                0x08002cd4                HAL_TIM_IC_Start
 .text.HAL_TIM_IC_Start_IT
                0x08002dd8      0x148 CMakeFiles/chaoshengbo.elf.dir/Drivers/STM32F1xx_HAL_Driver/Src/stm32f1xx_hal_tim.c.obj
                0x08002dd8                HAL_TIM_IC_Start_IT
 .text.HAL_TIMEx_MasterConfigSynchronization
                0x08002f20       0x6c CMakeFiles/chaoshengbo.elf.dir/Drivers/STM32F1xx_HAL_Driver/Src/stm32f1xx_hal_tim_ex.c.obj
                0x08002f20                HAL_TIMEx_MasterConfigSynchronization
 .text.HAL_TIMEx_CommutCallback
                0x08002f8c        0x2 CMakeFiles/chaoshengbo.elf.dir/Drivers/STM32F1xx_HAL_Driver/Src/stm32f1xx_hal_tim_ex.c.obj
                0x08002f8c                HAL_TIMEx_CommutCallback
 .text.HAL_TIMEx_BreakCallback
                0x08002f8e        0x2 CMakeFiles/chaoshengbo.elf.dir/Drivers/STM32F1xx_HAL_Driver/Src/stm32f1xx_hal_tim_ex.c.obj
                0x08002f8e                HAL_TIMEx_BreakCallback
 .text.stdio_exit_handler
                0x08002f90       0x18 D:/arm-none-eabi/13.3 rel1/bin/../lib/gcc/arm-none-eabi/13.3.1/thumb/v7-m/nofp\libg.a(libc_a-findfp.o)
 .text.cleanup_stdio
                0x08002fa8       0x40 D:/arm-none-eabi/13.3 rel1/bin/../lib/gcc/arm-none-eabi/13.3.1/thumb/v7-m/nofp\libg.a(libc_a-findfp.o)
 .text.global_stdio_init.part.0
                0x08002fe8       0xf0 D:/arm-none-eabi/13.3 rel1/bin/../lib/gcc/arm-none-eabi/13.3.1/thumb/v7-m/nofp\libg.a(libc_a-findfp.o)
 .text.__sinit  0x080030d8       0x3c D:/arm-none-eabi/13.3 rel1/bin/../lib/gcc/arm-none-eabi/13.3.1/thumb/v7-m/nofp\libg.a(libc_a-findfp.o)
                0x080030d8                __sinit
 .text.__sfp_lock_acquire
                0x08003114        0xc D:/arm-none-eabi/13.3 rel1/bin/../lib/gcc/arm-none-eabi/13.3.1/thumb/v7-m/nofp\libg.a(libc_a-findfp.o)
                0x08003114                __sfp_lock_acquire
 .text.__sfp_lock_release
                0x08003120        0xc D:/arm-none-eabi/13.3 rel1/bin/../lib/gcc/arm-none-eabi/13.3.1/thumb/v7-m/nofp\libg.a(libc_a-findfp.o)
                0x08003120                __sfp_lock_release
 .text._fwalk_sglue
                0x0800312c       0x44 D:/arm-none-eabi/13.3 rel1/bin/../lib/gcc/arm-none-eabi/13.3.1/thumb/v7-m/nofp\libg.a(libc_a-fwalk.o)
                0x0800312c                _fwalk_sglue
 .text.sprintf  0x08003170       0x44 D:/arm-none-eabi/13.3 rel1/bin/../lib/gcc/arm-none-eabi/13.3.1/thumb/v7-m/nofp\libg.a(libc_a-sprintf.o)
                0x08003170                sprintf
 .text.__sread  0x080031b4       0x24 D:/arm-none-eabi/13.3 rel1/bin/../lib/gcc/arm-none-eabi/13.3.1/thumb/v7-m/nofp\libg.a(libc_a-stdio.o)
                0x080031b4                __sread
 .text.__swrite
                0x080031d8       0x40 D:/arm-none-eabi/13.3 rel1/bin/../lib/gcc/arm-none-eabi/13.3.1/thumb/v7-m/nofp\libg.a(libc_a-stdio.o)
                0x080031d8                __swrite
 .text.__sseek  0x08003218       0x24 D:/arm-none-eabi/13.3 rel1/bin/../lib/gcc/arm-none-eabi/13.3.1/thumb/v7-m/nofp\libg.a(libc_a-stdio.o)
                0x08003218                __sseek
 .text.__sclose
                0x0800323c        0x8 D:/arm-none-eabi/13.3 rel1/bin/../lib/gcc/arm-none-eabi/13.3.1/thumb/v7-m/nofp\libg.a(libc_a-stdio.o)
                0x0800323c                __sclose
 .text.memcmp   0x08003244       0x5c D:/arm-none-eabi/13.3 rel1/bin/../lib/gcc/arm-none-eabi/13.3.1/thumb/v7-m/nofp\libg.a(libc_a-memcmp.o)
                0x08003244                memcmp
 .text.memset   0x080032a0       0xa0 D:/arm-none-eabi/13.3 rel1/bin/../lib/gcc/arm-none-eabi/13.3.1/thumb/v7-m/nofp\libg.a(libc_a-memset.o)
                0x080032a0                memset
 .text._close_r
                0x08003340       0x24 D:/arm-none-eabi/13.3 rel1/bin/../lib/gcc/arm-none-eabi/13.3.1/thumb/v7-m/nofp\libg.a(libc_a-closer.o)
                0x08003340                _close_r
 .text._lseek_r
                0x08003364       0x2c D:/arm-none-eabi/13.3 rel1/bin/../lib/gcc/arm-none-eabi/13.3.1/thumb/v7-m/nofp\libg.a(libc_a-lseekr.o)
                0x08003364                _lseek_r
 .text._read_r  0x08003390       0x2c D:/arm-none-eabi/13.3 rel1/bin/../lib/gcc/arm-none-eabi/13.3.1/thumb/v7-m/nofp\libg.a(libc_a-readr.o)
                0x08003390                _read_r
 .text._write_r
                0x080033bc       0x2c D:/arm-none-eabi/13.3 rel1/bin/../lib/gcc/arm-none-eabi/13.3.1/thumb/v7-m/nofp\libg.a(libc_a-writer.o)
                0x080033bc                _write_r
 .text.__errno  0x080033e8        0xc D:/arm-none-eabi/13.3 rel1/bin/../lib/gcc/arm-none-eabi/13.3.1/thumb/v7-m/nofp\libg.a(libc_a-errno.o)
                0x080033e8                __errno
 .text.__libc_init_array
                0x080033f4       0x50 D:/arm-none-eabi/13.3 rel1/bin/../lib/gcc/arm-none-eabi/13.3.1/thumb/v7-m/nofp\libg.a(libc_a-init.o)
                0x080033f4                __libc_init_array
 .text.__retarget_lock_init_recursive
                0x08003444        0x4 D:/arm-none-eabi/13.3 rel1/bin/../lib/gcc/arm-none-eabi/13.3.1/thumb/v7-m/nofp\libg.a(libc_a-lock.o)
                0x08003444                __retarget_lock_init_recursive
 .text.__retarget_lock_close_recursive
                0x08003448        0x4 D:/arm-none-eabi/13.3 rel1/bin/../lib/gcc/arm-none-eabi/13.3.1/thumb/v7-m/nofp\libg.a(libc_a-lock.o)
                0x08003448                __retarget_lock_close_recursive
 .text.__retarget_lock_acquire_recursive
                0x0800344c        0x4 D:/arm-none-eabi/13.3 rel1/bin/../lib/gcc/arm-none-eabi/13.3.1/thumb/v7-m/nofp\libg.a(libc_a-lock.o)
                0x0800344c                __retarget_lock_acquire_recursive
 .text.__retarget_lock_release_recursive
                0x08003450        0x4 D:/arm-none-eabi/13.3 rel1/bin/../lib/gcc/arm-none-eabi/13.3.1/thumb/v7-m/nofp\libg.a(libc_a-lock.o)
                0x08003450                __retarget_lock_release_recursive
 .text.startup.register_fini
                0x08003454       0x14 D:/arm-none-eabi/13.3 rel1/bin/../lib/gcc/arm-none-eabi/13.3.1/thumb/v7-m/nofp\libg.a(libc_a-__call_atexit.o)
 .text.atexit   0x08003468        0xc D:/arm-none-eabi/13.3 rel1/bin/../lib/gcc/arm-none-eabi/13.3.1/thumb/v7-m/nofp\libg.a(libc_a-atexit.o)
                0x08003468                atexit
 .text._malloc_trim_r
                0x08003474       0xb8 D:/arm-none-eabi/13.3 rel1/bin/../lib/gcc/arm-none-eabi/13.3.1/thumb/v7-m/nofp\libg.a(libc_a-freer.o)
                0x08003474                _malloc_trim_r
 .text._free_r  0x0800352c      0x1f8 D:/arm-none-eabi/13.3 rel1/bin/../lib/gcc/arm-none-eabi/13.3.1/thumb/v7-m/nofp\libg.a(libc_a-freer.o)
                0x0800352c                _free_r
 .text._malloc_r
                0x08003724      0x568 D:/arm-none-eabi/13.3 rel1/bin/../lib/gcc/arm-none-eabi/13.3.1/thumb/v7-m/nofp\libg.a(libc_a-mallocr.o)
                0x08003724                _malloc_r
 .text.__malloc_lock
                0x08003c8c        0xc D:/arm-none-eabi/13.3 rel1/bin/../lib/gcc/arm-none-eabi/13.3.1/thumb/v7-m/nofp\libg.a(libc_a-mlock.o)
                0x08003c8c                __malloc_lock
 .text.__malloc_unlock
                0x08003c98        0xc D:/arm-none-eabi/13.3 rel1/bin/../lib/gcc/arm-none-eabi/13.3.1/thumb/v7-m/nofp\libg.a(libc_a-mlock.o)
                0x08003c98                __malloc_unlock
 .text._svfprintf_r
                0x08003ca4     0x1b2c D:/arm-none-eabi/13.3 rel1/bin/../lib/gcc/arm-none-eabi/13.3.1/thumb/v7-m/nofp\libg.a(libc_a-svfprintf.o)
                0x08003ca4                _svfprintf_r
 .text.__ssprint_r
                0x080057d0       0x58 D:/arm-none-eabi/13.3 rel1/bin/../lib/gcc/arm-none-eabi/13.3.1/thumb/v7-m/nofp\libg.a(libc_a-ssprint_r.o)
                0x080057d0                __ssprint_r
 .text._fclose_r
                0x08005828       0xc0 D:/arm-none-eabi/13.3 rel1/bin/../lib/gcc/arm-none-eabi/13.3.1/thumb/v7-m/nofp\libg.a(libc_a-fclose.o)
                0x08005828                _fclose_r
 .text.__sflush_r
                0x080058e8      0x128 D:/arm-none-eabi/13.3 rel1/bin/../lib/gcc/arm-none-eabi/13.3.1/thumb/v7-m/nofp\libg.a(libc_a-fflush.o)
                0x080058e8                __sflush_r
 .text._fflush_r
                0x08005a10       0x54 D:/arm-none-eabi/13.3 rel1/bin/../lib/gcc/arm-none-eabi/13.3.1/thumb/v7-m/nofp\libg.a(libc_a-fflush.o)
                0x08005a10                _fflush_r
 .text.strncpy  0x08005a64       0x6c D:/arm-none-eabi/13.3 rel1/bin/../lib/gcc/arm-none-eabi/13.3.1/thumb/v7-m/nofp\libg.a(libc_a-strncpy.o)
                0x08005a64                strncpy
 .text.__locale_mb_cur_max
                0x08005ad0        0xc D:/arm-none-eabi/13.3 rel1/bin/../lib/gcc/arm-none-eabi/13.3.1/thumb/v7-m/nofp\libg.a(libc_a-locale.o)
                0x08005ad0                __locale_mb_cur_max
 .text._localeconv_r
                0x08005adc        0x8 D:/arm-none-eabi/13.3 rel1/bin/../lib/gcc/arm-none-eabi/13.3.1/thumb/v7-m/nofp\libg.a(libc_a-localeconv.o)
                0x08005adc                _localeconv_r
 .text._sbrk_r  0x08005ae4       0x24 D:/arm-none-eabi/13.3 rel1/bin/../lib/gcc/arm-none-eabi/13.3.1/thumb/v7-m/nofp\libg.a(libc_a-sbrkr.o)
                0x08005ae4                _sbrk_r
 .text.__libc_fini_array
                0x08005b08       0x28 D:/arm-none-eabi/13.3 rel1/bin/../lib/gcc/arm-none-eabi/13.3.1/thumb/v7-m/nofp\libg.a(libc_a-fini.o)
                0x08005b08                __libc_fini_array
 .text.sysconf  0x08005b30       0x1c D:/arm-none-eabi/13.3 rel1/bin/../lib/gcc/arm-none-eabi/13.3.1/thumb/v7-m/nofp\libg.a(libc_a-sysconf.o)
                0x08005b30                sysconf
 .text.memchr   0x08005b4c       0x98 D:/arm-none-eabi/13.3 rel1/bin/../lib/gcc/arm-none-eabi/13.3.1/thumb/v7-m/nofp\libg.a(libc_a-memchr-stub.o)
                0x08005b4c                memchr
 .text.strlen   0x08005be4       0x5c D:/arm-none-eabi/13.3 rel1/bin/../lib/gcc/arm-none-eabi/13.3.1/thumb/v7-m/nofp\libg.a(libc_a-strlen-stub.o)
                0x08005be4                strlen
 .text.frexp    0x08005c40       0x6c D:/arm-none-eabi/13.3 rel1/bin/../lib/gcc/arm-none-eabi/13.3.1/thumb/v7-m/nofp\libg.a(libm_a-s_frexp.o)
                0x08005c40                frexp
 .text.__register_exitproc
                0x08005cac       0x80 D:/arm-none-eabi/13.3 rel1/bin/../lib/gcc/arm-none-eabi/13.3.1/thumb/v7-m/nofp\libg.a(libc_a-__atexit.o)
                0x08005cac                __register_exitproc
 .text.quorem   0x08005d2c      0x13c D:/arm-none-eabi/13.3 rel1/bin/../lib/gcc/arm-none-eabi/13.3.1/thumb/v7-m/nofp\libg.a(libc_a-dtoa.o)
 .text._dtoa_r  0x08005e68      0xe94 D:/arm-none-eabi/13.3 rel1/bin/../lib/gcc/arm-none-eabi/13.3.1/thumb/v7-m/nofp\libg.a(libc_a-dtoa.o)
                0x08005e68                _dtoa_r
 .text.__ascii_mbtowc
                0x08006cfc       0x2c D:/arm-none-eabi/13.3 rel1/bin/../lib/gcc/arm-none-eabi/13.3.1/thumb/v7-m/nofp\libg.a(libc_a-mbtowc_r.o)
                0x08006cfc                __ascii_mbtowc
 .text._Balloc  0x08006d28       0x4c D:/arm-none-eabi/13.3 rel1/bin/../lib/gcc/arm-none-eabi/13.3.1/thumb/v7-m/nofp\libg.a(libc_a-mprec.o)
                0x08006d28                _Balloc
 .text._Bfree   0x08006d74       0x14 D:/arm-none-eabi/13.3 rel1/bin/../lib/gcc/arm-none-eabi/13.3.1/thumb/v7-m/nofp\libg.a(libc_a-mprec.o)
                0x08006d74                _Bfree
 .text.__multadd
                0x08006d88       0xa4 D:/arm-none-eabi/13.3 rel1/bin/../lib/gcc/arm-none-eabi/13.3.1/thumb/v7-m/nofp\libg.a(libc_a-mprec.o)
                0x08006d88                __multadd
 .text.__hi0bits
                0x08006e2c       0x44 D:/arm-none-eabi/13.3 rel1/bin/../lib/gcc/arm-none-eabi/13.3.1/thumb/v7-m/nofp\libg.a(libc_a-mprec.o)
                0x08006e2c                __hi0bits
 .text.__lo0bits
                0x08006e70       0x5c D:/arm-none-eabi/13.3 rel1/bin/../lib/gcc/arm-none-eabi/13.3.1/thumb/v7-m/nofp\libg.a(libc_a-mprec.o)
                0x08006e70                __lo0bits
 .text.__i2b    0x08006ecc       0x5c D:/arm-none-eabi/13.3 rel1/bin/../lib/gcc/arm-none-eabi/13.3.1/thumb/v7-m/nofp\libg.a(libc_a-mprec.o)
                0x08006ecc                __i2b
 .text.__multiply
                0x08006f28      0x164 D:/arm-none-eabi/13.3 rel1/bin/../lib/gcc/arm-none-eabi/13.3.1/thumb/v7-m/nofp\libg.a(libc_a-mprec.o)
                0x08006f28                __multiply
 .text.__pow5mult
                0x0800708c       0xb4 D:/arm-none-eabi/13.3 rel1/bin/../lib/gcc/arm-none-eabi/13.3.1/thumb/v7-m/nofp\libg.a(libc_a-mprec.o)
                0x0800708c                __pow5mult
 .text.__lshift
                0x08007140       0xec D:/arm-none-eabi/13.3 rel1/bin/../lib/gcc/arm-none-eabi/13.3.1/thumb/v7-m/nofp\libg.a(libc_a-mprec.o)
                0x08007140                __lshift
 .text.__mcmp   0x0800722c       0x40 D:/arm-none-eabi/13.3 rel1/bin/../lib/gcc/arm-none-eabi/13.3.1/thumb/v7-m/nofp\libg.a(libc_a-mprec.o)
                0x0800722c                __mcmp
 .text.__mdiff  0x0800726c      0x178 D:/arm-none-eabi/13.3 rel1/bin/../lib/gcc/arm-none-eabi/13.3.1/thumb/v7-m/nofp\libg.a(libc_a-mprec.o)
                0x0800726c                __mdiff
 .text.__d2b    0x080073e4       0xbc D:/arm-none-eabi/13.3 rel1/bin/../lib/gcc/arm-none-eabi/13.3.1/thumb/v7-m/nofp\libg.a(libc_a-mprec.o)
                0x080073e4                __d2b
 .text.__ascii_wctomb
                0x080074a0       0x1c D:/arm-none-eabi/13.3 rel1/bin/../lib/gcc/arm-none-eabi/13.3.1/thumb/v7-m/nofp\libg.a(libc_a-wctomb_r.o)
                0x080074a0                __ascii_wctomb
 .text._wcrtomb_r
                0x080074bc       0x4c D:/arm-none-eabi/13.3 rel1/bin/../lib/gcc/arm-none-eabi/13.3.1/thumb/v7-m/nofp\libg.a(libc_a-wcrtomb.o)
                0x080074bc                _wcrtomb_r
 .text._wcsrtombs_r
                0x08007508       0x18 D:/arm-none-eabi/13.3 rel1/bin/../lib/gcc/arm-none-eabi/13.3.1/thumb/v7-m/nofp\libg.a(libc_a-wcsrtombs.o)
                0x08007508                _wcsrtombs_r
 .text.__ssputs_r
                0x08007520       0xc0 D:/arm-none-eabi/13.3 rel1/bin/../lib/gcc/arm-none-eabi/13.3.1/thumb/v7-m/nofp\libg.a(libc_a-ssputs_r.o)
                0x08007520                __ssputs_r
 .text.memmove  0x080075e0       0xfc D:/arm-none-eabi/13.3 rel1/bin/../lib/gcc/arm-none-eabi/13.3.1/thumb/v7-m/nofp\libg.a(libc_a-memmove.o)
                0x080075e0                memmove
 .text.__assert_func
                0x080076dc       0x40 D:/arm-none-eabi/13.3 rel1/bin/../lib/gcc/arm-none-eabi/13.3.1/thumb/v7-m/nofp\libg.a(libc_a-assert.o)
                0x080076dc                __assert_func
 .text._calloc_r
                0x0800771c       0x6c D:/arm-none-eabi/13.3 rel1/bin/../lib/gcc/arm-none-eabi/13.3.1/thumb/v7-m/nofp\libg.a(libc_a-callocr.o)
                0x0800771c                _calloc_r
 .text._realloc_r
                0x08007788      0x34c D:/arm-none-eabi/13.3 rel1/bin/../lib/gcc/arm-none-eabi/13.3.1/thumb/v7-m/nofp\libg.a(libc_a-reallocr.o)
                0x08007788                _realloc_r
 .text._wcsnrtombs_l
                0x08007ad4       0xec D:/arm-none-eabi/13.3 rel1/bin/../lib/gcc/arm-none-eabi/13.3.1/thumb/v7-m/nofp\libg.a(libc_a-wcsnrtombs.o)
                0x08007ad4                _wcsnrtombs_l
 .text._wcsnrtombs_r
                0x08007bc0       0x24 D:/arm-none-eabi/13.3 rel1/bin/../lib/gcc/arm-none-eabi/13.3.1/thumb/v7-m/nofp\libg.a(libc_a-wcsnrtombs.o)
                0x08007bc0                _wcsnrtombs_r
 .text.fiprintf
                0x08007be4       0x28 D:/arm-none-eabi/13.3 rel1/bin/../lib/gcc/arm-none-eabi/13.3.1/thumb/v7-m/nofp\libg.a(libc_a-fiprintf.o)
                0x08007be4                fiprintf
 .text._vfiprintf_r
                0x08007c0c      0xeb8 D:/arm-none-eabi/13.3 rel1/bin/../lib/gcc/arm-none-eabi/13.3.1/thumb/v7-m/nofp\libg.a(libc_a-vfiprintf.o)
                0x08007c0c                _vfiprintf_r
 .text.__sbprintf
                0x08008ac4       0x80 D:/arm-none-eabi/13.3 rel1/bin/../lib/gcc/arm-none-eabi/13.3.1/thumb/v7-m/nofp\libg.a(libc_a-vfiprintf.o)
 .text.__sprint_r
                0x08008b44       0x20 D:/arm-none-eabi/13.3 rel1/bin/../lib/gcc/arm-none-eabi/13.3.1/thumb/v7-m/nofp\libg.a(libc_a-sprint_r.o)
                0x08008b44                __sprint_r
 .text.__sfvwrite_r
                0x08008b64      0x2ec D:/arm-none-eabi/13.3 rel1/bin/../lib/gcc/arm-none-eabi/13.3.1/thumb/v7-m/nofp\libg.a(libc_a-fvwrite.o)
                0x08008b64                __sfvwrite_r
 .text.__swsetup_r
                0x08008e50       0xc4 D:/arm-none-eabi/13.3 rel1/bin/../lib/gcc/arm-none-eabi/13.3.1/thumb/v7-m/nofp\libg.a(libc_a-wsetup.o)
                0x08008e50                __swsetup_r
 .text.abort    0x08008f14       0x10 D:/arm-none-eabi/13.3 rel1/bin/../lib/gcc/arm-none-eabi/13.3.1/thumb/v7-m/nofp\libg.a(libc_a-abort.o)
                0x08008f14                abort
 .text.__smakebuf_r
                0x08008f24       0xdc D:/arm-none-eabi/13.3 rel1/bin/../lib/gcc/arm-none-eabi/13.3.1/thumb/v7-m/nofp\libg.a(libc_a-makebuf.o)
                0x08008f24                __smakebuf_r
 .text.raise    0x08009000       0x58 D:/arm-none-eabi/13.3 rel1/bin/../lib/gcc/arm-none-eabi/13.3.1/thumb/v7-m/nofp\libg.a(libc_a-signal.o)
                0x08009000                raise
 .text._fstat_r
                0x08009058       0x28 D:/arm-none-eabi/13.3 rel1/bin/../lib/gcc/arm-none-eabi/13.3.1/thumb/v7-m/nofp\libg.a(libc_a-fstatr.o)
                0x08009058                _fstat_r
 .text._isatty_r
                0x08009080       0x24 D:/arm-none-eabi/13.3 rel1/bin/../lib/gcc/arm-none-eabi/13.3.1/thumb/v7-m/nofp\libg.a(libc_a-isattyr.o)
                0x08009080                _isatty_r
 .text._kill_r  0x080090a4       0x28 D:/arm-none-eabi/13.3 rel1/bin/../lib/gcc/arm-none-eabi/13.3.1/thumb/v7-m/nofp\libg.a(libc_a-signalr.o)
                0x080090a4                _kill_r
 .text._getpid_r
                0x080090cc        0x4 D:/arm-none-eabi/13.3 rel1/bin/../lib/gcc/arm-none-eabi/13.3.1/thumb/v7-m/nofp\libg.a(libc_a-signalr.o)
                0x080090cc                _getpid_r
 *(.glue_7)
 .glue_7        0x080090d0        0x0 linker stubs
 *(.glue_7t)
 .glue_7t       0x080090d0        0x0 linker stubs
 *(.eh_frame)
 .eh_frame      0x080090d0        0x0 D:/arm-none-eabi/13.3 rel1/bin/../lib/gcc/arm-none-eabi/13.3.1/thumb/v7-m/nofp/crtbegin.o
 *(.init)
 .init          0x080090d0        0x4 D:/arm-none-eabi/13.3 rel1/bin/../lib/gcc/arm-none-eabi/13.3.1/thumb/v7-m/nofp/crti.o
                0x080090d0                _init
 .init          0x080090d4        0x8 D:/arm-none-eabi/13.3 rel1/bin/../lib/gcc/arm-none-eabi/13.3.1/thumb/v7-m/nofp/crtn.o
 *(.fini)
 .fini          0x080090dc        0x4 D:/arm-none-eabi/13.3 rel1/bin/../lib/gcc/arm-none-eabi/13.3.1/thumb/v7-m/nofp/crti.o
                0x080090dc                _fini
 .fini          0x080090e0        0x8 D:/arm-none-eabi/13.3 rel1/bin/../lib/gcc/arm-none-eabi/13.3.1/thumb/v7-m/nofp/crtn.o
                0x080090e8                        . = ALIGN (0x4)
                0x080090e8                        _etext = .

.vfp11_veneer   0x080090e8        0x0
 .vfp11_veneer  0x080090e8        0x0 linker stubs

.v4_bx          0x080090e8        0x0
 .v4_bx         0x080090e8        0x0 linker stubs

.iplt           0x080090e8        0x0
 .iplt          0x080090e8        0x0 D:/arm-none-eabi/13.3 rel1/bin/../lib/gcc/arm-none-eabi/13.3.1/thumb/v7-m/nofp/crtbegin.o

.rodata         0x080090e8      0xa74
                0x080090e8                        . = ALIGN (0x4)
 *(.rodata)
 *(.rodata*)
 .rodata.font16x16
                0x080090e8       0x10 CMakeFiles/chaoshengbo.elf.dir/Core/Src/font.c.obj
                0x080090e8                font16x16
 .rodata.zh16x16
                0x080090f8       0x48 CMakeFiles/chaoshengbo.elf.dir/Core/Src/font.c.obj
                0x080090f8                zh16x16
 .rodata.afont16x8
                0x08009140        0x8 CMakeFiles/chaoshengbo.elf.dir/Core/Src/font.c.obj
                0x08009140                afont16x8
 .rodata.ascii_16x8
                0x08009148      0x5f0 CMakeFiles/chaoshengbo.elf.dir/Core/Src/font.c.obj
                0x08009148                ascii_16x8
 .rodata.main.str1.4
                0x08009738      0x1b3 CMakeFiles/chaoshengbo.elf.dir/Core/Src/main.c.obj
                                  0xb (size before relaxing)
 *fill*         0x080098eb        0x1 
 .rodata.APBPrescTable
                0x080098ec        0x8 CMakeFiles/chaoshengbo.elf.dir/Core/Src/system_stm32f1xx.c.obj
                0x080098ec                APBPrescTable
 .rodata.AHBPrescTable
                0x080098f4       0x10 CMakeFiles/chaoshengbo.elf.dir/Core/Src/system_stm32f1xx.c.obj
                0x080098f4                AHBPrescTable
 .rodata.aPredivFactorTable.0
                0x08009904        0x2 CMakeFiles/chaoshengbo.elf.dir/Drivers/STM32F1xx_HAL_Driver/Src/stm32f1xx_hal_rcc.c.obj
 *fill*         0x08009906        0x2 
 .rodata.aPLLMULFactorTable.1
                0x08009908       0x10 CMakeFiles/chaoshengbo.elf.dir/Drivers/STM32F1xx_HAL_Driver/Src/stm32f1xx_hal_rcc.c.obj
 .rodata._svfprintf_r.str1.4
                0x08009918       0x42 D:/arm-none-eabi/13.3 rel1/bin/../lib/gcc/arm-none-eabi/13.3.1/thumb/v7-m/nofp\libg.a(libc_a-svfprintf.o)
 .rodata.zeroes.0
                0x08009918       0x10 D:/arm-none-eabi/13.3 rel1/bin/../lib/gcc/arm-none-eabi/13.3.1/thumb/v7-m/nofp\libg.a(libc_a-svfprintf.o)
 .rodata.blanks.1
                0x08009928       0x10 D:/arm-none-eabi/13.3 rel1/bin/../lib/gcc/arm-none-eabi/13.3.1/thumb/v7-m/nofp\libg.a(libc_a-svfprintf.o)
 .rodata.str1.4
                0x08009938       0x4c D:/arm-none-eabi/13.3 rel1/bin/../lib/gcc/arm-none-eabi/13.3.1/thumb/v7-m/nofp\libg.a(libc_a-locale.o)
 .rodata._dtoa_r.str1.4
                0x08009938       0x81 D:/arm-none-eabi/13.3 rel1/bin/../lib/gcc/arm-none-eabi/13.3.1/thumb/v7-m/nofp\libg.a(libc_a-dtoa.o)
 .rodata.__multadd.str1.4
                0x08009938       0x6e D:/arm-none-eabi/13.3 rel1/bin/../lib/gcc/arm-none-eabi/13.3.1/thumb/v7-m/nofp\libg.a(libc_a-mprec.o)
 .rodata.p05.0  0x08009938        0xc D:/arm-none-eabi/13.3 rel1/bin/../lib/gcc/arm-none-eabi/13.3.1/thumb/v7-m/nofp\libg.a(libc_a-mprec.o)
 *fill*         0x08009944        0x4 
 .rodata.__mprec_bigtens
                0x08009948       0x28 D:/arm-none-eabi/13.3 rel1/bin/../lib/gcc/arm-none-eabi/13.3.1/thumb/v7-m/nofp\libg.a(libc_a-mprec.o)
                0x08009948                __mprec_bigtens
 .rodata.__mprec_tens
                0x08009970       0xc8 D:/arm-none-eabi/13.3 rel1/bin/../lib/gcc/arm-none-eabi/13.3.1/thumb/v7-m/nofp\libg.a(libc_a-mprec.o)
                0x08009970                __mprec_tens
 .rodata._ctype_
                0x08009a38      0x101 D:/arm-none-eabi/13.3 rel1/bin/../lib/gcc/arm-none-eabi/13.3.1/thumb/v7-m/nofp\libg.a(libc_a-ctype_.o)
                0x08009a38                _ctype_
 .rodata.__assert_func.str1.4
                0x08009b39       0x43 D:/arm-none-eabi/13.3 rel1/bin/../lib/gcc/arm-none-eabi/13.3.1/thumb/v7-m/nofp\libg.a(libc_a-assert.o)
 .rodata._vfiprintf_r.str1.4
                0x08009b39       0x2f D:/arm-none-eabi/13.3 rel1/bin/../lib/gcc/arm-none-eabi/13.3.1/thumb/v7-m/nofp\libg.a(libc_a-vfiprintf.o)
 *fill*         0x08009b39        0x3 
 .rodata.zeroes.0
                0x08009b3c       0x10 D:/arm-none-eabi/13.3 rel1/bin/../lib/gcc/arm-none-eabi/13.3.1/thumb/v7-m/nofp\libg.a(libc_a-vfiprintf.o)
 .rodata.blanks.1
                0x08009b4c       0x10 D:/arm-none-eabi/13.3 rel1/bin/../lib/gcc/arm-none-eabi/13.3.1/thumb/v7-m/nofp\libg.a(libc_a-vfiprintf.o)
                0x08009b5c                        . = ALIGN (0x4)

.ARM.extab      0x08009b5c        0x0
                0x08009b5c                        . = ALIGN (0x4)
 *(.ARM.extab* .gnu.linkonce.armextab.*)
                0x08009b5c                        . = ALIGN (0x4)

.ARM            0x08009b5c        0x8
                0x08009b5c                        . = ALIGN (0x4)
                0x08009b5c                        __exidx_start = .
 *(.ARM.exidx*)
 .ARM.exidx     0x08009b5c        0x8 D:/arm-none-eabi/13.3 rel1/bin/../lib/gcc/arm-none-eabi/13.3.1/thumb/v7-m/nofp\libg.a(libc_a-memcpy.o)
                0x08009b64                        __exidx_end = .
                0x08009b64                        . = ALIGN (0x4)

.preinit_array  0x08009b64        0x0
                0x08009b64                        . = ALIGN (0x4)
                0x08009b64                        PROVIDE (__preinit_array_start = .)
 *(.preinit_array*)
                0x08009b64                        PROVIDE (__preinit_array_end = .)
                0x08009b64                        . = ALIGN (0x4)

.init_array     0x08009b64        0x8
                0x08009b64                        . = ALIGN (0x4)
                0x08009b64                        PROVIDE (__init_array_start = .)
 *(SORT_BY_NAME(.init_array.*))
 .init_array.00000
                0x08009b64        0x4 D:/arm-none-eabi/13.3 rel1/bin/../lib/gcc/arm-none-eabi/13.3.1/thumb/v7-m/nofp\libg.a(libc_a-__call_atexit.o)
 *(.init_array*)
 .init_array    0x08009b68        0x4 D:/arm-none-eabi/13.3 rel1/bin/../lib/gcc/arm-none-eabi/13.3.1/thumb/v7-m/nofp/crtbegin.o
                0x08009b6c                        PROVIDE (__init_array_end = .)
                0x08009b6c                        . = ALIGN (0x4)

.fini_array     0x08009b6c        0x4
                0x08009b6c                        . = ALIGN (0x4)
                0x08009b6c                        PROVIDE (__fini_array_start = .)
 *(SORT_BY_NAME(.fini_array.*))
 *(.fini_array*)
 .fini_array    0x08009b6c        0x4 D:/arm-none-eabi/13.3 rel1/bin/../lib/gcc/arm-none-eabi/13.3.1/thumb/v7-m/nofp/crtbegin.o
                0x08009b70                        PROVIDE (__fini_array_end = .)
                0x08009b70                        . = ALIGN (0x4)
                0x08009b70                        _sidata = LOADADDR (.data)

.rel.dyn        0x08009b70        0x0
 .rel.iplt      0x08009b70        0x0 D:/arm-none-eabi/13.3 rel1/bin/../lib/gcc/arm-none-eabi/13.3.1/thumb/v7-m/nofp/crtbegin.o

.data           0x20000000      0x6e4 load address 0x08009b70
                0x20000000                        . = ALIGN (0x4)
                0x20000000                        _sdata = .
 *(.data)
 *(.data*)
 .data.SystemCoreClock
                0x20000000        0x4 CMakeFiles/chaoshengbo.elf.dir/Core/Src/system_stm32f1xx.c.obj
                0x20000000                SystemCoreClock
 .data.uwTickFreq
                0x20000004        0x1 CMakeFiles/chaoshengbo.elf.dir/Drivers/STM32F1xx_HAL_Driver/Src/stm32f1xx_hal.c.obj
                0x20000004                uwTickFreq
 *fill*         0x20000005        0x3 
 .data.uwTickPrio
                0x20000008        0x4 CMakeFiles/chaoshengbo.elf.dir/Drivers/STM32F1xx_HAL_Driver/Src/stm32f1xx_hal.c.obj
                0x20000008                uwTickPrio
 .data.__sglue  0x2000000c        0xc D:/arm-none-eabi/13.3 rel1/bin/../lib/gcc/arm-none-eabi/13.3.1/thumb/v7-m/nofp\libg.a(libc_a-findfp.o)
                0x2000000c                __sglue
 .data._impure_ptr
                0x20000018        0x4 D:/arm-none-eabi/13.3 rel1/bin/../lib/gcc/arm-none-eabi/13.3.1/thumb/v7-m/nofp\libg.a(libc_a-impure.o)
                0x20000018                _impure_ptr
 *fill*         0x2000001c        0x4 
 .data._impure_data
                0x20000020      0x140 D:/arm-none-eabi/13.3 rel1/bin/../lib/gcc/arm-none-eabi/13.3.1/thumb/v7-m/nofp\libg.a(libc_a-impure.o)
                0x20000020                _impure_data
 .data.__atexit_recursive_mutex
                0x20000160        0x4 D:/arm-none-eabi/13.3 rel1/bin/../lib/gcc/arm-none-eabi/13.3.1/thumb/v7-m/nofp\libg.a(libc_a-__call_atexit.o)
                0x20000160                __atexit_recursive_mutex
 .data.__malloc_sbrk_base
                0x20000164        0x4 D:/arm-none-eabi/13.3 rel1/bin/../lib/gcc/arm-none-eabi/13.3.1/thumb/v7-m/nofp\libg.a(libc_a-mallocr.o)
                0x20000164                __malloc_sbrk_base
 .data.__malloc_trim_threshold
                0x20000168        0x4 D:/arm-none-eabi/13.3 rel1/bin/../lib/gcc/arm-none-eabi/13.3.1/thumb/v7-m/nofp\libg.a(libc_a-mallocr.o)
                0x20000168                __malloc_trim_threshold
 *fill*         0x2000016c        0x4 
 .data.__malloc_av_
                0x20000170      0x408 D:/arm-none-eabi/13.3 rel1/bin/../lib/gcc/arm-none-eabi/13.3.1/thumb/v7-m/nofp\libg.a(libc_a-mallocr.o)
                0x20000170                __malloc_av_
 .data.__global_locale
                0x20000578      0x16c D:/arm-none-eabi/13.3 rel1/bin/../lib/gcc/arm-none-eabi/13.3.1/thumb/v7-m/nofp\libg.a(libc_a-locale.o)
                0x20000578                __global_locale
 *(.RamFunc)
 *(.RamFunc*)
                0x200006e4                        . = ALIGN (0x4)
                0x200006e4                        _edata = .

.tm_clone_table
                0x200006e4        0x0 load address 0x0800a254
 .tm_clone_table
                0x200006e4        0x0 D:/arm-none-eabi/13.3 rel1/bin/../lib/gcc/arm-none-eabi/13.3.1/thumb/v7-m/nofp/crtbegin.o
 .tm_clone_table
                0x200006e4        0x0 D:/arm-none-eabi/13.3 rel1/bin/../lib/gcc/arm-none-eabi/13.3.1/thumb/v7-m/nofp/crtend.o

.igot.plt       0x200006e4        0x0 load address 0x0800a254
 .igot.plt      0x200006e4        0x0 D:/arm-none-eabi/13.3 rel1/bin/../lib/gcc/arm-none-eabi/13.3.1/thumb/v7-m/nofp/crtbegin.o
                0x200006e4                        . = ALIGN (0x4)

.bss            0x200006e4      0x86c load address 0x0800a254
                0x200006e4                        _sbss = .
                0x200006e4                        __bss_start__ = _sbss
 *(.bss)
 *(.bss*)
 .bss.completed.1
                0x200006e4        0x1 D:/arm-none-eabi/13.3 rel1/bin/../lib/gcc/arm-none-eabi/13.3.1/thumb/v7-m/nofp/crtbegin.o
 *fill*         0x200006e5        0x3 
 .bss.object.0  0x200006e8       0x18 D:/arm-none-eabi/13.3 rel1/bin/../lib/gcc/arm-none-eabi/13.3.1/thumb/v7-m/nofp/crtbegin.o
 .bss.hi2c1     0x20000700       0x54 CMakeFiles/chaoshengbo.elf.dir/Core/Src/i2c.c.obj
                0x20000700                hi2c1
 .bss.disatnce  0x20000754        0x4 CMakeFiles/chaoshengbo.elf.dir/Core/Src/main.c.obj
                0x20000754                disatnce
 .bss.downEdge  0x20000758        0x4 CMakeFiles/chaoshengbo.elf.dir/Core/Src/main.c.obj
                0x20000758                downEdge
 .bss.upEdge    0x2000075c        0x4 CMakeFiles/chaoshengbo.elf.dir/Core/Src/main.c.obj
                0x2000075c                upEdge
 .bss.temp.1    0x20000760        0x1 CMakeFiles/chaoshengbo.elf.dir/Core/Src/oled.c.obj
 *fill*         0x20000761        0x3 
 .bss.sendBuffer.2
                0x20000764       0x81 CMakeFiles/chaoshengbo.elf.dir/Core/Src/oled.c.obj
 *fill*         0x200007e5        0x3 
 .bss.sendBuffer.3
                0x200007e8        0x2 CMakeFiles/chaoshengbo.elf.dir/Core/Src/oled.c.obj
 *fill*         0x200007ea        0x2 
 .bss.OLED_GRAM
                0x200007ec      0x400 CMakeFiles/chaoshengbo.elf.dir/Core/Src/oled.c.obj
                0x200007ec                OLED_GRAM
 .bss.__sbrk_heap_end
                0x20000bec        0x4 CMakeFiles/chaoshengbo.elf.dir/Core/Src/sysmem.c.obj
 .bss.htim1     0x20000bf0       0x48 CMakeFiles/chaoshengbo.elf.dir/Core/Src/tim.c.obj
                0x20000bf0                htim1
 .bss.uwTick    0x20000c38        0x4 CMakeFiles/chaoshengbo.elf.dir/Drivers/STM32F1xx_HAL_Driver/Src/stm32f1xx_hal.c.obj
                0x20000c38                uwTick
 .bss.__sf      0x20000c3c      0x138 D:/arm-none-eabi/13.3 rel1/bin/../lib/gcc/arm-none-eabi/13.3.1/thumb/v7-m/nofp\libg.a(libc_a-findfp.o)
                0x20000c3c                __sf
 .bss.__stdio_exit_handler
                0x20000d74        0x4 D:/arm-none-eabi/13.3 rel1/bin/../lib/gcc/arm-none-eabi/13.3.1/thumb/v7-m/nofp\libg.a(libc_a-findfp.o)
                0x20000d74                __stdio_exit_handler
 .bss.errno     0x20000d78        0x4 D:/arm-none-eabi/13.3 rel1/bin/../lib/gcc/arm-none-eabi/13.3.1/thumb/v7-m/nofp\libg.a(libc_a-reent.o)
                0x20000d78                errno
 .bss.__lock___malloc_recursive_mutex
                0x20000d7c        0x1 D:/arm-none-eabi/13.3 rel1/bin/../lib/gcc/arm-none-eabi/13.3.1/thumb/v7-m/nofp\libg.a(libc_a-lock.o)
                0x20000d7c                __lock___malloc_recursive_mutex
 *fill*         0x20000d7d        0x3 
 .bss.__lock___atexit_recursive_mutex
                0x20000d80        0x1 D:/arm-none-eabi/13.3 rel1/bin/../lib/gcc/arm-none-eabi/13.3.1/thumb/v7-m/nofp\libg.a(libc_a-lock.o)
                0x20000d80                __lock___atexit_recursive_mutex
 *fill*         0x20000d81        0x3 
 .bss.__lock___sfp_recursive_mutex
                0x20000d84        0x1 D:/arm-none-eabi/13.3 rel1/bin/../lib/gcc/arm-none-eabi/13.3.1/thumb/v7-m/nofp\libg.a(libc_a-lock.o)
                0x20000d84                __lock___sfp_recursive_mutex
 *fill*         0x20000d85        0x3 
 .bss.__atexit  0x20000d88        0x4 D:/arm-none-eabi/13.3 rel1/bin/../lib/gcc/arm-none-eabi/13.3.1/thumb/v7-m/nofp\libg.a(libc_a-__call_atexit.o)
                0x20000d88                __atexit
 .bss.__malloc_current_mallinfo
                0x20000d8c       0x28 D:/arm-none-eabi/13.3 rel1/bin/../lib/gcc/arm-none-eabi/13.3.1/thumb/v7-m/nofp\libg.a(libc_a-mallocr.o)
                0x20000d8c                __malloc_current_mallinfo
 .bss.__malloc_max_total_mem
                0x20000db4        0x4 D:/arm-none-eabi/13.3 rel1/bin/../lib/gcc/arm-none-eabi/13.3.1/thumb/v7-m/nofp\libg.a(libc_a-mallocr.o)
                0x20000db4                __malloc_max_total_mem
 .bss.__malloc_max_sbrked_mem
                0x20000db8        0x4 D:/arm-none-eabi/13.3 rel1/bin/../lib/gcc/arm-none-eabi/13.3.1/thumb/v7-m/nofp\libg.a(libc_a-mallocr.o)
                0x20000db8                __malloc_max_sbrked_mem
 .bss.__malloc_top_pad
                0x20000dbc        0x4 D:/arm-none-eabi/13.3 rel1/bin/../lib/gcc/arm-none-eabi/13.3.1/thumb/v7-m/nofp\libg.a(libc_a-mallocr.o)
                0x20000dbc                __malloc_top_pad
 .bss.__atexit0
                0x20000dc0      0x190 D:/arm-none-eabi/13.3 rel1/bin/../lib/gcc/arm-none-eabi/13.3.1/thumb/v7-m/nofp\libg.a(libc_a-__atexit.o)
                0x20000dc0                __atexit0
 *(COMMON)
                0x20000f50                        . = ALIGN (0x4)
                0x20000f50                        _ebss = .
                0x20000f50                        __bss_end__ = _ebss

._user_heap_stack
                0x20000f50      0x600 load address 0x0800a254
                0x20000f50                        . = ALIGN (0x8)
                [!provide]                        PROVIDE (end = .)
                0x20000f50                        PROVIDE (_end = .)
                0x20001150                        . = (. + _Min_Heap_Size)
 *fill*         0x20000f50      0x200 
                0x20001550                        . = (. + _Min_Stack_Size)
 *fill*         0x20001150      0x400 
                0x20001550                        . = ALIGN (0x8)

/DISCARD/
 libc.a(*)
 libm.a(*)
 libgcc.a(*)

.ARM.attributes
                0x00000000       0x29
 *(.ARM.attributes)
 .ARM.attributes
                0x00000000       0x1d D:/arm-none-eabi/13.3 rel1/bin/../lib/gcc/arm-none-eabi/13.3.1/thumb/v7-m/nofp/crti.o
 .ARM.attributes
                0x0000001d       0x2d D:/arm-none-eabi/13.3 rel1/bin/../lib/gcc/arm-none-eabi/13.3.1/thumb/v7-m/nofp/crtbegin.o
 .ARM.attributes
                0x0000004a       0x2d CMakeFiles/chaoshengbo.elf.dir/Core/Src/font.c.obj
 .ARM.attributes
                0x00000077       0x2d CMakeFiles/chaoshengbo.elf.dir/Core/Src/gpio.c.obj
 .ARM.attributes
                0x000000a4       0x2d CMakeFiles/chaoshengbo.elf.dir/Core/Src/i2c.c.obj
 .ARM.attributes
                0x000000d1       0x2d CMakeFiles/chaoshengbo.elf.dir/Core/Src/main.c.obj
 .ARM.attributes
                0x000000fe       0x2d CMakeFiles/chaoshengbo.elf.dir/Core/Src/oled.c.obj
 .ARM.attributes
                0x0000012b       0x2d CMakeFiles/chaoshengbo.elf.dir/Core/Src/stm32f1xx_hal_msp.c.obj
 .ARM.attributes
                0x00000158       0x2d CMakeFiles/chaoshengbo.elf.dir/Core/Src/stm32f1xx_it.c.obj
 .ARM.attributes
                0x00000185       0x2d CMakeFiles/chaoshengbo.elf.dir/Core/Src/syscalls.c.obj
 .ARM.attributes
                0x000001b2       0x2d CMakeFiles/chaoshengbo.elf.dir/Core/Src/sysmem.c.obj
 .ARM.attributes
                0x000001df       0x2d CMakeFiles/chaoshengbo.elf.dir/Core/Src/system_stm32f1xx.c.obj
 .ARM.attributes
                0x0000020c       0x2d CMakeFiles/chaoshengbo.elf.dir/Core/Src/tim.c.obj
 .ARM.attributes
                0x00000239       0x21 CMakeFiles/chaoshengbo.elf.dir/Core/Startup/startup_stm32f103c8tx.s.obj
 .ARM.attributes
                0x0000025a       0x2d CMakeFiles/chaoshengbo.elf.dir/Drivers/STM32F1xx_HAL_Driver/Src/stm32f1xx_hal.c.obj
 .ARM.attributes
                0x00000287       0x2d CMakeFiles/chaoshengbo.elf.dir/Drivers/STM32F1xx_HAL_Driver/Src/stm32f1xx_hal_cortex.c.obj
 .ARM.attributes
                0x000002b4       0x2d CMakeFiles/chaoshengbo.elf.dir/Drivers/STM32F1xx_HAL_Driver/Src/stm32f1xx_hal_gpio.c.obj
 .ARM.attributes
                0x000002e1       0x2d CMakeFiles/chaoshengbo.elf.dir/Drivers/STM32F1xx_HAL_Driver/Src/stm32f1xx_hal_i2c.c.obj
 .ARM.attributes
                0x0000030e       0x2d CMakeFiles/chaoshengbo.elf.dir/Drivers/STM32F1xx_HAL_Driver/Src/stm32f1xx_hal_rcc.c.obj
 .ARM.attributes
                0x0000033b       0x2d CMakeFiles/chaoshengbo.elf.dir/Drivers/STM32F1xx_HAL_Driver/Src/stm32f1xx_hal_tim.c.obj
 .ARM.attributes
                0x00000368       0x2d CMakeFiles/chaoshengbo.elf.dir/Drivers/STM32F1xx_HAL_Driver/Src/stm32f1xx_hal_tim_ex.c.obj
 .ARM.attributes
                0x00000395       0x1d D:/arm-none-eabi/13.3 rel1/bin/../lib/gcc/arm-none-eabi/13.3.1/thumb/v7-m/nofp\libgcc.a(_arm_addsubdf3.o)
 .ARM.attributes
                0x000003b2       0x1d D:/arm-none-eabi/13.3 rel1/bin/../lib/gcc/arm-none-eabi/13.3.1/thumb/v7-m/nofp\libgcc.a(_arm_fixdfsi.o)
 .ARM.attributes
                0x000003cf       0x1d D:/arm-none-eabi/13.3 rel1/bin/../lib/gcc/arm-none-eabi/13.3.1/thumb/v7-m/nofp\libgcc.a(_arm_truncdfsf2.o)
 .ARM.attributes
                0x000003ec       0x2d D:/arm-none-eabi/13.3 rel1/bin/../lib/gcc/arm-none-eabi/13.3.1/thumb/v7-m/nofp\libg.a(libc_a-findfp.o)
 .ARM.attributes
                0x00000419       0x2d D:/arm-none-eabi/13.3 rel1/bin/../lib/gcc/arm-none-eabi/13.3.1/thumb/v7-m/nofp\libg.a(libc_a-fwalk.o)
 .ARM.attributes
                0x00000446       0x2d D:/arm-none-eabi/13.3 rel1/bin/../lib/gcc/arm-none-eabi/13.3.1/thumb/v7-m/nofp\libg.a(libc_a-sprintf.o)
 .ARM.attributes
                0x00000473       0x2d D:/arm-none-eabi/13.3 rel1/bin/../lib/gcc/arm-none-eabi/13.3.1/thumb/v7-m/nofp\libg.a(libc_a-stdio.o)
 .ARM.attributes
                0x000004a0       0x2d D:/arm-none-eabi/13.3 rel1/bin/../lib/gcc/arm-none-eabi/13.3.1/thumb/v7-m/nofp\libg.a(libc_a-memcmp.o)
 .ARM.attributes
                0x000004cd       0x2d D:/arm-none-eabi/13.3 rel1/bin/../lib/gcc/arm-none-eabi/13.3.1/thumb/v7-m/nofp\libg.a(libc_a-memset.o)
 .ARM.attributes
                0x000004fa       0x2d D:/arm-none-eabi/13.3 rel1/bin/../lib/gcc/arm-none-eabi/13.3.1/thumb/v7-m/nofp\libg.a(libc_a-closer.o)
 .ARM.attributes
                0x00000527       0x2d D:/arm-none-eabi/13.3 rel1/bin/../lib/gcc/arm-none-eabi/13.3.1/thumb/v7-m/nofp\libg.a(libc_a-reent.o)
 .ARM.attributes
                0x00000554       0x2d D:/arm-none-eabi/13.3 rel1/bin/../lib/gcc/arm-none-eabi/13.3.1/thumb/v7-m/nofp\libg.a(libc_a-impure.o)
 .ARM.attributes
                0x00000581       0x2d D:/arm-none-eabi/13.3 rel1/bin/../lib/gcc/arm-none-eabi/13.3.1/thumb/v7-m/nofp\libg.a(libc_a-lseekr.o)
 .ARM.attributes
                0x000005ae       0x2d D:/arm-none-eabi/13.3 rel1/bin/../lib/gcc/arm-none-eabi/13.3.1/thumb/v7-m/nofp\libg.a(libc_a-readr.o)
 .ARM.attributes
                0x000005db       0x2d D:/arm-none-eabi/13.3 rel1/bin/../lib/gcc/arm-none-eabi/13.3.1/thumb/v7-m/nofp\libg.a(libc_a-writer.o)
 .ARM.attributes
                0x00000608       0x2d D:/arm-none-eabi/13.3 rel1/bin/../lib/gcc/arm-none-eabi/13.3.1/thumb/v7-m/nofp\libg.a(libc_a-errno.o)
 .ARM.attributes
                0x00000635       0x2d D:/arm-none-eabi/13.3 rel1/bin/../lib/gcc/arm-none-eabi/13.3.1/thumb/v7-m/nofp\libg.a(libc_a-init.o)
 .ARM.attributes
                0x00000662       0x2d D:/arm-none-eabi/13.3 rel1/bin/../lib/gcc/arm-none-eabi/13.3.1/thumb/v7-m/nofp\libg.a(libc_a-lock.o)
 .ARM.attributes
                0x0000068f       0x1b D:/arm-none-eabi/13.3 rel1/bin/../lib/gcc/arm-none-eabi/13.3.1/thumb/v7-m/nofp\libg.a(libc_a-memcpy.o)
 .ARM.attributes
                0x000006aa       0x2d D:/arm-none-eabi/13.3 rel1/bin/../lib/gcc/arm-none-eabi/13.3.1/thumb/v7-m/nofp\libg.a(libc_a-__call_atexit.o)
 .ARM.attributes
                0x000006d7       0x2d D:/arm-none-eabi/13.3 rel1/bin/../lib/gcc/arm-none-eabi/13.3.1/thumb/v7-m/nofp\libg.a(libc_a-atexit.o)
 .ARM.attributes
                0x00000704       0x2d D:/arm-none-eabi/13.3 rel1/bin/../lib/gcc/arm-none-eabi/13.3.1/thumb/v7-m/nofp\libg.a(libc_a-freer.o)
 .ARM.attributes
                0x00000731       0x2d D:/arm-none-eabi/13.3 rel1/bin/../lib/gcc/arm-none-eabi/13.3.1/thumb/v7-m/nofp\libg.a(libc_a-mallocr.o)
 .ARM.attributes
                0x0000075e       0x2d D:/arm-none-eabi/13.3 rel1/bin/../lib/gcc/arm-none-eabi/13.3.1/thumb/v7-m/nofp\libg.a(libc_a-mlock.o)
 .ARM.attributes
                0x0000078b       0x2d D:/arm-none-eabi/13.3 rel1/bin/../lib/gcc/arm-none-eabi/13.3.1/thumb/v7-m/nofp\libg.a(libc_a-svfprintf.o)
 .ARM.attributes
                0x000007b8       0x2d D:/arm-none-eabi/13.3 rel1/bin/../lib/gcc/arm-none-eabi/13.3.1/thumb/v7-m/nofp\libg.a(libc_a-ssprint_r.o)
 .ARM.attributes
                0x000007e5       0x2d D:/arm-none-eabi/13.3 rel1/bin/../lib/gcc/arm-none-eabi/13.3.1/thumb/v7-m/nofp\libg.a(libc_a-fclose.o)
 .ARM.attributes
                0x00000812       0x2d D:/arm-none-eabi/13.3 rel1/bin/../lib/gcc/arm-none-eabi/13.3.1/thumb/v7-m/nofp\libg.a(libc_a-fflush.o)
 .ARM.attributes
                0x0000083f       0x2d D:/arm-none-eabi/13.3 rel1/bin/../lib/gcc/arm-none-eabi/13.3.1/thumb/v7-m/nofp\libg.a(libc_a-strncpy.o)
 .ARM.attributes
                0x0000086c       0x2d D:/arm-none-eabi/13.3 rel1/bin/../lib/gcc/arm-none-eabi/13.3.1/thumb/v7-m/nofp\libg.a(libc_a-locale.o)
 .ARM.attributes
                0x00000899       0x2d D:/arm-none-eabi/13.3 rel1/bin/../lib/gcc/arm-none-eabi/13.3.1/thumb/v7-m/nofp\libg.a(libc_a-localeconv.o)
 .ARM.attributes
                0x000008c6       0x2d D:/arm-none-eabi/13.3 rel1/bin/../lib/gcc/arm-none-eabi/13.3.1/thumb/v7-m/nofp\libg.a(libc_a-sbrkr.o)
 .ARM.attributes
                0x000008f3       0x2d D:/arm-none-eabi/13.3 rel1/bin/../lib/gcc/arm-none-eabi/13.3.1/thumb/v7-m/nofp\libg.a(libc_a-fini.o)
 .ARM.attributes
                0x00000920       0x2d D:/arm-none-eabi/13.3 rel1/bin/../lib/gcc/arm-none-eabi/13.3.1/thumb/v7-m/nofp\libg.a(libc_a-sysconf.o)
 .ARM.attributes
                0x0000094d       0x2d D:/arm-none-eabi/13.3 rel1/bin/../lib/gcc/arm-none-eabi/13.3.1/thumb/v7-m/nofp\libg.a(libc_a-memchr-stub.o)
 .ARM.attributes
                0x0000097a       0x2d D:/arm-none-eabi/13.3 rel1/bin/../lib/gcc/arm-none-eabi/13.3.1/thumb/v7-m/nofp\libg.a(libc_a-strlen-stub.o)
 .ARM.attributes
                0x000009a7       0x2d D:/arm-none-eabi/13.3 rel1/bin/../lib/gcc/arm-none-eabi/13.3.1/thumb/v7-m/nofp\libg.a(libm_a-s_frexp.o)
 .ARM.attributes
                0x000009d4       0x2d D:/arm-none-eabi/13.3 rel1/bin/../lib/gcc/arm-none-eabi/13.3.1/thumb/v7-m/nofp\libg.a(libc_a-__atexit.o)
 .ARM.attributes
                0x00000a01       0x2d D:/arm-none-eabi/13.3 rel1/bin/../lib/gcc/arm-none-eabi/13.3.1/thumb/v7-m/nofp\libg.a(libc_a-dtoa.o)
 .ARM.attributes
                0x00000a2e       0x2d D:/arm-none-eabi/13.3 rel1/bin/../lib/gcc/arm-none-eabi/13.3.1/thumb/v7-m/nofp\libg.a(libc_a-mbtowc_r.o)
 .ARM.attributes
                0x00000a5b       0x2d D:/arm-none-eabi/13.3 rel1/bin/../lib/gcc/arm-none-eabi/13.3.1/thumb/v7-m/nofp\libg.a(libc_a-mprec.o)
 .ARM.attributes
                0x00000a88       0x2d D:/arm-none-eabi/13.3 rel1/bin/../lib/gcc/arm-none-eabi/13.3.1/thumb/v7-m/nofp\libg.a(libc_a-wctomb_r.o)
 .ARM.attributes
                0x00000ab5       0x2d D:/arm-none-eabi/13.3 rel1/bin/../lib/gcc/arm-none-eabi/13.3.1/thumb/v7-m/nofp\libg.a(libc_a-wcrtomb.o)
 .ARM.attributes
                0x00000ae2       0x2d D:/arm-none-eabi/13.3 rel1/bin/../lib/gcc/arm-none-eabi/13.3.1/thumb/v7-m/nofp\libg.a(libc_a-wcsrtombs.o)
 .ARM.attributes
                0x00000b0f       0x2d D:/arm-none-eabi/13.3 rel1/bin/../lib/gcc/arm-none-eabi/13.3.1/thumb/v7-m/nofp\libg.a(libc_a-ctype_.o)
 .ARM.attributes
                0x00000b3c       0x2d D:/arm-none-eabi/13.3 rel1/bin/../lib/gcc/arm-none-eabi/13.3.1/thumb/v7-m/nofp\libg.a(libc_a-ssputs_r.o)
 .ARM.attributes
                0x00000b69       0x2d D:/arm-none-eabi/13.3 rel1/bin/../lib/gcc/arm-none-eabi/13.3.1/thumb/v7-m/nofp\libg.a(libc_a-memmove.o)
 .ARM.attributes
                0x00000b96       0x2d D:/arm-none-eabi/13.3 rel1/bin/../lib/gcc/arm-none-eabi/13.3.1/thumb/v7-m/nofp\libg.a(libc_a-assert.o)
 .ARM.attributes
                0x00000bc3       0x2d D:/arm-none-eabi/13.3 rel1/bin/../lib/gcc/arm-none-eabi/13.3.1/thumb/v7-m/nofp\libg.a(libc_a-callocr.o)
 .ARM.attributes
                0x00000bf0       0x2d D:/arm-none-eabi/13.3 rel1/bin/../lib/gcc/arm-none-eabi/13.3.1/thumb/v7-m/nofp\libg.a(libc_a-reallocr.o)
 .ARM.attributes
                0x00000c1d       0x2d D:/arm-none-eabi/13.3 rel1/bin/../lib/gcc/arm-none-eabi/13.3.1/thumb/v7-m/nofp\libg.a(libc_a-wcsnrtombs.o)
 .ARM.attributes
                0x00000c4a       0x2d D:/arm-none-eabi/13.3 rel1/bin/../lib/gcc/arm-none-eabi/13.3.1/thumb/v7-m/nofp\libg.a(libc_a-fiprintf.o)
 .ARM.attributes
                0x00000c77       0x2d D:/arm-none-eabi/13.3 rel1/bin/../lib/gcc/arm-none-eabi/13.3.1/thumb/v7-m/nofp\libg.a(libc_a-vfiprintf.o)
 .ARM.attributes
                0x00000ca4       0x2d D:/arm-none-eabi/13.3 rel1/bin/../lib/gcc/arm-none-eabi/13.3.1/thumb/v7-m/nofp\libg.a(libc_a-sprint_r.o)
 .ARM.attributes
                0x00000cd1       0x2d D:/arm-none-eabi/13.3 rel1/bin/../lib/gcc/arm-none-eabi/13.3.1/thumb/v7-m/nofp\libg.a(libc_a-fvwrite.o)
 .ARM.attributes
                0x00000cfe       0x2d D:/arm-none-eabi/13.3 rel1/bin/../lib/gcc/arm-none-eabi/13.3.1/thumb/v7-m/nofp\libg.a(libc_a-wsetup.o)
 .ARM.attributes
                0x00000d2b       0x2d D:/arm-none-eabi/13.3 rel1/bin/../lib/gcc/arm-none-eabi/13.3.1/thumb/v7-m/nofp\libg.a(libc_a-abort.o)
 .ARM.attributes
                0x00000d58       0x2d D:/arm-none-eabi/13.3 rel1/bin/../lib/gcc/arm-none-eabi/13.3.1/thumb/v7-m/nofp\libg.a(libc_a-makebuf.o)
 .ARM.attributes
                0x00000d85       0x2d D:/arm-none-eabi/13.3 rel1/bin/../lib/gcc/arm-none-eabi/13.3.1/thumb/v7-m/nofp\libg.a(libc_a-signal.o)
 .ARM.attributes
                0x00000db2       0x2d D:/arm-none-eabi/13.3 rel1/bin/../lib/gcc/arm-none-eabi/13.3.1/thumb/v7-m/nofp\libg.a(libc_a-fstatr.o)
 .ARM.attributes
                0x00000ddf       0x2d D:/arm-none-eabi/13.3 rel1/bin/../lib/gcc/arm-none-eabi/13.3.1/thumb/v7-m/nofp\libg.a(libc_a-isattyr.o)
 .ARM.attributes
                0x00000e0c       0x2d D:/arm-none-eabi/13.3 rel1/bin/../lib/gcc/arm-none-eabi/13.3.1/thumb/v7-m/nofp\libg.a(libc_a-signalr.o)
 .ARM.attributes
                0x00000e39       0x1d D:/arm-none-eabi/13.3 rel1/bin/../lib/gcc/arm-none-eabi/13.3.1/thumb/v7-m/nofp\libgcc.a(_arm_muldivdf3.o)
 .ARM.attributes
                0x00000e56       0x1d D:/arm-none-eabi/13.3 rel1/bin/../lib/gcc/arm-none-eabi/13.3.1/thumb/v7-m/nofp\libgcc.a(_arm_cmpdf2.o)
 .ARM.attributes
                0x00000e73       0x1d D:/arm-none-eabi/13.3 rel1/bin/../lib/gcc/arm-none-eabi/13.3.1/thumb/v7-m/nofp\libgcc.a(_arm_unorddf2.o)
 .ARM.attributes
                0x00000e90       0x2d D:/arm-none-eabi/13.3 rel1/bin/../lib/gcc/arm-none-eabi/13.3.1/thumb/v7-m/nofp/crtend.o
 .ARM.attributes
                0x00000ebd       0x1d D:/arm-none-eabi/13.3 rel1/bin/../lib/gcc/arm-none-eabi/13.3.1/thumb/v7-m/nofp/crtn.o
OUTPUT(chaoshengbo.elf elf32-littlearm)
LOAD linker stubs
LOAD D:/arm-none-eabi/13.3 rel1/bin/../lib/gcc/arm-none-eabi/13.3.1/thumb/v7-m/nofp\libc.a
LOAD D:/arm-none-eabi/13.3 rel1/bin/../lib/gcc/arm-none-eabi/13.3.1/thumb/v7-m/nofp\libm.a
LOAD D:/arm-none-eabi/13.3 rel1/bin/../lib/gcc/arm-none-eabi/13.3.1/thumb/v7-m/nofp\libgcc.a

.debug_info     0x00000000    0x111c5
 .debug_info    0x00000000      0x342 CMakeFiles/chaoshengbo.elf.dir/Core/Src/font.c.obj
 .debug_info    0x00000342      0x2ee CMakeFiles/chaoshengbo.elf.dir/Core/Src/gpio.c.obj
 .debug_info    0x00000630      0x857 CMakeFiles/chaoshengbo.elf.dir/Core/Src/i2c.c.obj
 .debug_info    0x00000e87      0xd98 CMakeFiles/chaoshengbo.elf.dir/Core/Src/main.c.obj
 .debug_info    0x00001c1f     0x20e4 CMakeFiles/chaoshengbo.elf.dir/Core/Src/oled.c.obj
 .debug_info    0x00003d03      0x1f4 CMakeFiles/chaoshengbo.elf.dir/Core/Src/stm32f1xx_hal_msp.c.obj
 .debug_info    0x00003ef7      0x6b9 CMakeFiles/chaoshengbo.elf.dir/Core/Src/stm32f1xx_it.c.obj
 .debug_info    0x000045b0      0x789 CMakeFiles/chaoshengbo.elf.dir/Core/Src/syscalls.c.obj
 .debug_info    0x00004d39      0x171 CMakeFiles/chaoshengbo.elf.dir/Core/Src/sysmem.c.obj
 .debug_info    0x00004eaa      0x22d CMakeFiles/chaoshengbo.elf.dir/Core/Src/system_stm32f1xx.c.obj
 .debug_info    0x000050d7      0xce0 CMakeFiles/chaoshengbo.elf.dir/Core/Src/tim.c.obj
 .debug_info    0x00005db7       0x30 CMakeFiles/chaoshengbo.elf.dir/Core/Startup/startup_stm32f103c8tx.s.obj
 .debug_info    0x00005de7      0x7a2 CMakeFiles/chaoshengbo.elf.dir/Drivers/STM32F1xx_HAL_Driver/Src/stm32f1xx_hal.c.obj
 .debug_info    0x00006589      0xcd9 CMakeFiles/chaoshengbo.elf.dir/Drivers/STM32F1xx_HAL_Driver/Src/stm32f1xx_hal_cortex.c.obj
 .debug_info    0x00007262      0x604 CMakeFiles/chaoshengbo.elf.dir/Drivers/STM32F1xx_HAL_Driver/Src/stm32f1xx_hal_gpio.c.obj
 .debug_info    0x00007866     0x3905 CMakeFiles/chaoshengbo.elf.dir/Drivers/STM32F1xx_HAL_Driver/Src/stm32f1xx_hal_i2c.c.obj
 .debug_info    0x0000b16b      0x9c7 CMakeFiles/chaoshengbo.elf.dir/Drivers/STM32F1xx_HAL_Driver/Src/stm32f1xx_hal_rcc.c.obj
 .debug_info    0x0000bb32     0x3be7 CMakeFiles/chaoshengbo.elf.dir/Drivers/STM32F1xx_HAL_Driver/Src/stm32f1xx_hal_tim.c.obj
 .debug_info    0x0000f719     0x1aac CMakeFiles/chaoshengbo.elf.dir/Drivers/STM32F1xx_HAL_Driver/Src/stm32f1xx_hal_tim_ex.c.obj

.debug_abbrev   0x00000000     0x254d
 .debug_abbrev  0x00000000       0xf7 CMakeFiles/chaoshengbo.elf.dir/Core/Src/font.c.obj
 .debug_abbrev  0x000000f7      0x151 CMakeFiles/chaoshengbo.elf.dir/Core/Src/gpio.c.obj
 .debug_abbrev  0x00000248      0x1fc CMakeFiles/chaoshengbo.elf.dir/Core/Src/i2c.c.obj
 .debug_abbrev  0x00000444      0x2d6 CMakeFiles/chaoshengbo.elf.dir/Core/Src/main.c.obj
 .debug_abbrev  0x0000071a      0x36e CMakeFiles/chaoshengbo.elf.dir/Core/Src/oled.c.obj
 .debug_abbrev  0x00000a88       0xed CMakeFiles/chaoshengbo.elf.dir/Core/Src/stm32f1xx_hal_msp.c.obj
 .debug_abbrev  0x00000b75      0x19a CMakeFiles/chaoshengbo.elf.dir/Core/Src/stm32f1xx_it.c.obj
 .debug_abbrev  0x00000d0f      0x1c1 CMakeFiles/chaoshengbo.elf.dir/Core/Src/syscalls.c.obj
 .debug_abbrev  0x00000ed0       0xea CMakeFiles/chaoshengbo.elf.dir/Core/Src/sysmem.c.obj
 .debug_abbrev  0x00000fba      0x143 CMakeFiles/chaoshengbo.elf.dir/Core/Src/system_stm32f1xx.c.obj
 .debug_abbrev  0x000010fd      0x25f CMakeFiles/chaoshengbo.elf.dir/Core/Src/tim.c.obj
 .debug_abbrev  0x0000135c       0x24 CMakeFiles/chaoshengbo.elf.dir/Core/Startup/startup_stm32f103c8tx.s.obj
 .debug_abbrev  0x00001380      0x22d CMakeFiles/chaoshengbo.elf.dir/Drivers/STM32F1xx_HAL_Driver/Src/stm32f1xx_hal.c.obj
 .debug_abbrev  0x000015ad      0x36d CMakeFiles/chaoshengbo.elf.dir/Drivers/STM32F1xx_HAL_Driver/Src/stm32f1xx_hal_cortex.c.obj
 .debug_abbrev  0x0000191a      0x1f7 CMakeFiles/chaoshengbo.elf.dir/Drivers/STM32F1xx_HAL_Driver/Src/stm32f1xx_hal_gpio.c.obj
 .debug_abbrev  0x00001b11      0x2be CMakeFiles/chaoshengbo.elf.dir/Drivers/STM32F1xx_HAL_Driver/Src/stm32f1xx_hal_i2c.c.obj
 .debug_abbrev  0x00001dcf      0x2a0 CMakeFiles/chaoshengbo.elf.dir/Drivers/STM32F1xx_HAL_Driver/Src/stm32f1xx_hal_rcc.c.obj
 .debug_abbrev  0x0000206f      0x270 CMakeFiles/chaoshengbo.elf.dir/Drivers/STM32F1xx_HAL_Driver/Src/stm32f1xx_hal_tim.c.obj
 .debug_abbrev  0x000022df      0x26e CMakeFiles/chaoshengbo.elf.dir/Drivers/STM32F1xx_HAL_Driver/Src/stm32f1xx_hal_tim_ex.c.obj

.debug_aranges  0x00000000      0xdc8
 .debug_aranges
                0x00000000       0x18 CMakeFiles/chaoshengbo.elf.dir/Core/Src/font.c.obj
 .debug_aranges
                0x00000018       0x20 CMakeFiles/chaoshengbo.elf.dir/Core/Src/gpio.c.obj
 .debug_aranges
                0x00000038       0x30 CMakeFiles/chaoshengbo.elf.dir/Core/Src/i2c.c.obj
 .debug_aranges
                0x00000068       0x38 CMakeFiles/chaoshengbo.elf.dir/Core/Src/main.c.obj
 .debug_aranges
                0x000000a0       0xf0 CMakeFiles/chaoshengbo.elf.dir/Core/Src/oled.c.obj
 .debug_aranges
                0x00000190       0x20 CMakeFiles/chaoshengbo.elf.dir/Core/Src/stm32f1xx_hal_msp.c.obj
 .debug_aranges
                0x000001b0       0x68 CMakeFiles/chaoshengbo.elf.dir/Core/Src/stm32f1xx_it.c.obj
 .debug_aranges
                0x00000218       0xa8 CMakeFiles/chaoshengbo.elf.dir/Core/Src/syscalls.c.obj
 .debug_aranges
                0x000002c0       0x20 CMakeFiles/chaoshengbo.elf.dir/Core/Src/sysmem.c.obj
 .debug_aranges
                0x000002e0       0x28 CMakeFiles/chaoshengbo.elf.dir/Core/Src/system_stm32f1xx.c.obj
 .debug_aranges
                0x00000308       0x30 CMakeFiles/chaoshengbo.elf.dir/Core/Src/tim.c.obj
 .debug_aranges
                0x00000338       0x28 CMakeFiles/chaoshengbo.elf.dir/Core/Startup/startup_stm32f103c8tx.s.obj
 .debug_aranges
                0x00000360       0xe0 CMakeFiles/chaoshengbo.elf.dir/Drivers/STM32F1xx_HAL_Driver/Src/stm32f1xx_hal.c.obj
 .debug_aranges
                0x00000440       0xc0 CMakeFiles/chaoshengbo.elf.dir/Drivers/STM32F1xx_HAL_Driver/Src/stm32f1xx_hal_cortex.c.obj
 .debug_aranges
                0x00000500       0x58 CMakeFiles/chaoshengbo.elf.dir/Drivers/STM32F1xx_HAL_Driver/Src/stm32f1xx_hal_gpio.c.obj
 .debug_aranges
                0x00000558      0x2a8 CMakeFiles/chaoshengbo.elf.dir/Drivers/STM32F1xx_HAL_Driver/Src/stm32f1xx_hal_i2c.c.obj
 .debug_aranges
                0x00000800       0x90 CMakeFiles/chaoshengbo.elf.dir/Drivers/STM32F1xx_HAL_Driver/Src/stm32f1xx_hal_rcc.c.obj
 .debug_aranges
                0x00000890      0x3d0 CMakeFiles/chaoshengbo.elf.dir/Drivers/STM32F1xx_HAL_Driver/Src/stm32f1xx_hal_tim.c.obj
 .debug_aranges
                0x00000c60      0x168 CMakeFiles/chaoshengbo.elf.dir/Drivers/STM32F1xx_HAL_Driver/Src/stm32f1xx_hal_tim_ex.c.obj

.debug_line     0x00000000     0xfd6a
 .debug_line    0x00000000      0x112 CMakeFiles/chaoshengbo.elf.dir/Core/Src/font.c.obj
 .debug_line    0x00000112      0x1e6 CMakeFiles/chaoshengbo.elf.dir/Core/Src/gpio.c.obj
 .debug_line    0x000002f8      0x315 CMakeFiles/chaoshengbo.elf.dir/Core/Src/i2c.c.obj
 .debug_line    0x0000060d      0x470 CMakeFiles/chaoshengbo.elf.dir/Core/Src/main.c.obj
 .debug_line    0x00000a7d      0xdb6 CMakeFiles/chaoshengbo.elf.dir/Core/Src/oled.c.obj
 .debug_line    0x00001833      0x171 CMakeFiles/chaoshengbo.elf.dir/Core/Src/stm32f1xx_hal_msp.c.obj
 .debug_line    0x000019a4      0x2c5 CMakeFiles/chaoshengbo.elf.dir/Core/Src/stm32f1xx_it.c.obj
 .debug_line    0x00001c69      0x3cc CMakeFiles/chaoshengbo.elf.dir/Core/Src/syscalls.c.obj
 .debug_line    0x00002035      0x19e CMakeFiles/chaoshengbo.elf.dir/Core/Src/sysmem.c.obj
 .debug_line    0x000021d3      0x239 CMakeFiles/chaoshengbo.elf.dir/Core/Src/system_stm32f1xx.c.obj
 .debug_line    0x0000240c      0x3df CMakeFiles/chaoshengbo.elf.dir/Core/Src/tim.c.obj
 .debug_line    0x000027eb       0x78 CMakeFiles/chaoshengbo.elf.dir/Core/Startup/startup_stm32f103c8tx.s.obj
 .debug_line    0x00002863      0x562 CMakeFiles/chaoshengbo.elf.dir/Drivers/STM32F1xx_HAL_Driver/Src/stm32f1xx_hal.c.obj
 .debug_line    0x00002dc5      0x6bb CMakeFiles/chaoshengbo.elf.dir/Drivers/STM32F1xx_HAL_Driver/Src/stm32f1xx_hal_cortex.c.obj
 .debug_line    0x00003480      0x5e4 CMakeFiles/chaoshengbo.elf.dir/Drivers/STM32F1xx_HAL_Driver/Src/stm32f1xx_hal_gpio.c.obj
 .debug_line    0x00003a64     0x5615 CMakeFiles/chaoshengbo.elf.dir/Drivers/STM32F1xx_HAL_Driver/Src/stm32f1xx_hal_i2c.c.obj
 .debug_line    0x00009079      0xcbe CMakeFiles/chaoshengbo.elf.dir/Drivers/STM32F1xx_HAL_Driver/Src/stm32f1xx_hal_rcc.c.obj
 .debug_line    0x00009d37     0x4610 CMakeFiles/chaoshengbo.elf.dir/Drivers/STM32F1xx_HAL_Driver/Src/stm32f1xx_hal_tim.c.obj
 .debug_line    0x0000e347     0x1a23 CMakeFiles/chaoshengbo.elf.dir/Drivers/STM32F1xx_HAL_Driver/Src/stm32f1xx_hal_tim_ex.c.obj

.debug_str      0x00000000     0x402f
 .debug_str     0x00000000     0x402f CMakeFiles/chaoshengbo.elf.dir/Core/Src/font.c.obj
                                0x285 (size before relaxing)
 .debug_str     0x0000402f      0x2b9 CMakeFiles/chaoshengbo.elf.dir/Core/Src/gpio.c.obj
 .debug_str     0x0000402f      0x774 CMakeFiles/chaoshengbo.elf.dir/Core/Src/i2c.c.obj
 .debug_str     0x0000402f      0xa48 CMakeFiles/chaoshengbo.elf.dir/Core/Src/main.c.obj
 .debug_str     0x0000402f      0x9d4 CMakeFiles/chaoshengbo.elf.dir/Core/Src/oled.c.obj
 .debug_str     0x0000402f      0x24d CMakeFiles/chaoshengbo.elf.dir/Core/Src/stm32f1xx_hal_msp.c.obj
 .debug_str     0x0000402f      0x744 CMakeFiles/chaoshengbo.elf.dir/Core/Src/stm32f1xx_it.c.obj
 .debug_str     0x0000402f      0x41a CMakeFiles/chaoshengbo.elf.dir/Core/Src/syscalls.c.obj
 .debug_str     0x0000402f      0x246 CMakeFiles/chaoshengbo.elf.dir/Core/Src/sysmem.c.obj
 .debug_str     0x0000402f      0x282 CMakeFiles/chaoshengbo.elf.dir/Core/Src/system_stm32f1xx.c.obj
 .debug_str     0x0000402f      0xc4a CMakeFiles/chaoshengbo.elf.dir/Core/Src/tim.c.obj
 .debug_str     0x0000402f       0x93 CMakeFiles/chaoshengbo.elf.dir/Core/Startup/startup_stm32f103c8tx.s.obj
 .debug_str     0x0000402f      0x85c CMakeFiles/chaoshengbo.elf.dir/Drivers/STM32F1xx_HAL_Driver/Src/stm32f1xx_hal.c.obj
 .debug_str     0x0000402f      0x901 CMakeFiles/chaoshengbo.elf.dir/Drivers/STM32F1xx_HAL_Driver/Src/stm32f1xx_hal_cortex.c.obj
 .debug_str     0x0000402f      0x42e CMakeFiles/chaoshengbo.elf.dir/Drivers/STM32F1xx_HAL_Driver/Src/stm32f1xx_hal_gpio.c.obj
 .debug_str     0x0000402f      0xff3 CMakeFiles/chaoshengbo.elf.dir/Drivers/STM32F1xx_HAL_Driver/Src/stm32f1xx_hal_i2c.c.obj
 .debug_str     0x0000402f      0x659 CMakeFiles/chaoshengbo.elf.dir/Drivers/STM32F1xx_HAL_Driver/Src/stm32f1xx_hal_rcc.c.obj
 .debug_str     0x0000402f     0x16a3 CMakeFiles/chaoshengbo.elf.dir/Drivers/STM32F1xx_HAL_Driver/Src/stm32f1xx_hal_tim.c.obj
 .debug_str     0x0000402f      0xebf CMakeFiles/chaoshengbo.elf.dir/Drivers/STM32F1xx_HAL_Driver/Src/stm32f1xx_hal_tim_ex.c.obj

.comment        0x00000000       0x45
 .comment       0x00000000       0x45 CMakeFiles/chaoshengbo.elf.dir/Core/Src/font.c.obj
                                 0x46 (size before relaxing)
 .comment       0x00000045       0x46 CMakeFiles/chaoshengbo.elf.dir/Core/Src/gpio.c.obj
 .comment       0x00000045       0x46 CMakeFiles/chaoshengbo.elf.dir/Core/Src/i2c.c.obj
 .comment       0x00000045       0x46 CMakeFiles/chaoshengbo.elf.dir/Core/Src/main.c.obj
 .comment       0x00000045       0x46 CMakeFiles/chaoshengbo.elf.dir/Core/Src/oled.c.obj
 .comment       0x00000045       0x46 CMakeFiles/chaoshengbo.elf.dir/Core/Src/stm32f1xx_hal_msp.c.obj
 .comment       0x00000045       0x46 CMakeFiles/chaoshengbo.elf.dir/Core/Src/stm32f1xx_it.c.obj
 .comment       0x00000045       0x46 CMakeFiles/chaoshengbo.elf.dir/Core/Src/syscalls.c.obj
 .comment       0x00000045       0x46 CMakeFiles/chaoshengbo.elf.dir/Core/Src/sysmem.c.obj
 .comment       0x00000045       0x46 CMakeFiles/chaoshengbo.elf.dir/Core/Src/system_stm32f1xx.c.obj
 .comment       0x00000045       0x46 CMakeFiles/chaoshengbo.elf.dir/Core/Src/tim.c.obj
 .comment       0x00000045       0x46 CMakeFiles/chaoshengbo.elf.dir/Drivers/STM32F1xx_HAL_Driver/Src/stm32f1xx_hal.c.obj
 .comment       0x00000045       0x46 CMakeFiles/chaoshengbo.elf.dir/Drivers/STM32F1xx_HAL_Driver/Src/stm32f1xx_hal_cortex.c.obj
 .comment       0x00000045       0x46 CMakeFiles/chaoshengbo.elf.dir/Drivers/STM32F1xx_HAL_Driver/Src/stm32f1xx_hal_gpio.c.obj
 .comment       0x00000045       0x46 CMakeFiles/chaoshengbo.elf.dir/Drivers/STM32F1xx_HAL_Driver/Src/stm32f1xx_hal_i2c.c.obj
 .comment       0x00000045       0x46 CMakeFiles/chaoshengbo.elf.dir/Drivers/STM32F1xx_HAL_Driver/Src/stm32f1xx_hal_rcc.c.obj
 .comment       0x00000045       0x46 CMakeFiles/chaoshengbo.elf.dir/Drivers/STM32F1xx_HAL_Driver/Src/stm32f1xx_hal_tim.c.obj
 .comment       0x00000045       0x46 CMakeFiles/chaoshengbo.elf.dir/Drivers/STM32F1xx_HAL_Driver/Src/stm32f1xx_hal_tim_ex.c.obj

.debug_rnglists
                0x00000000      0xac2
 .debug_rnglists
                0x00000000       0x13 CMakeFiles/chaoshengbo.elf.dir/Core/Src/gpio.c.obj
 .debug_rnglists
                0x00000013       0x1f CMakeFiles/chaoshengbo.elf.dir/Core/Src/i2c.c.obj
 .debug_rnglists
                0x00000032       0x26 CMakeFiles/chaoshengbo.elf.dir/Core/Src/main.c.obj
 .debug_rnglists
                0x00000058       0xf7 CMakeFiles/chaoshengbo.elf.dir/Core/Src/oled.c.obj
 .debug_rnglists
                0x0000014f       0x13 CMakeFiles/chaoshengbo.elf.dir/Core/Src/stm32f1xx_hal_msp.c.obj
 .debug_rnglists
                0x00000162       0x49 CMakeFiles/chaoshengbo.elf.dir/Core/Src/stm32f1xx_it.c.obj
 .debug_rnglists
                0x000001ab       0x79 CMakeFiles/chaoshengbo.elf.dir/Core/Src/syscalls.c.obj
 .debug_rnglists
                0x00000224       0x13 CMakeFiles/chaoshengbo.elf.dir/Core/Src/sysmem.c.obj
 .debug_rnglists
                0x00000237       0x1a CMakeFiles/chaoshengbo.elf.dir/Core/Src/system_stm32f1xx.c.obj
 .debug_rnglists
                0x00000251       0x20 CMakeFiles/chaoshengbo.elf.dir/Core/Src/tim.c.obj
 .debug_rnglists
                0x00000271       0x19 CMakeFiles/chaoshengbo.elf.dir/Core/Startup/startup_stm32f103c8tx.s.obj
 .debug_rnglists
                0x0000028a       0xa3 CMakeFiles/chaoshengbo.elf.dir/Drivers/STM32F1xx_HAL_Driver/Src/stm32f1xx_hal.c.obj
 .debug_rnglists
                0x0000032d       0x8b CMakeFiles/chaoshengbo.elf.dir/Drivers/STM32F1xx_HAL_Driver/Src/stm32f1xx_hal_cortex.c.obj
 .debug_rnglists
                0x000003b8       0x3f CMakeFiles/chaoshengbo.elf.dir/Drivers/STM32F1xx_HAL_Driver/Src/stm32f1xx_hal_gpio.c.obj
 .debug_rnglists
                0x000003f7      0x236 CMakeFiles/chaoshengbo.elf.dir/Drivers/STM32F1xx_HAL_Driver/Src/stm32f1xx_hal_i2c.c.obj
 .debug_rnglists
                0x0000062d       0x7d CMakeFiles/chaoshengbo.elf.dir/Drivers/STM32F1xx_HAL_Driver/Src/stm32f1xx_hal_rcc.c.obj
 .debug_rnglists
                0x000006aa      0x2fe CMakeFiles/chaoshengbo.elf.dir/Drivers/STM32F1xx_HAL_Driver/Src/stm32f1xx_hal_tim.c.obj
 .debug_rnglists
                0x000009a8      0x11a CMakeFiles/chaoshengbo.elf.dir/Drivers/STM32F1xx_HAL_Driver/Src/stm32f1xx_hal_tim_ex.c.obj

.debug_frame    0x00000000     0x3d7c
 .debug_frame   0x00000000       0x30 CMakeFiles/chaoshengbo.elf.dir/Core/Src/gpio.c.obj
 .debug_frame   0x00000030       0x60 CMakeFiles/chaoshengbo.elf.dir/Core/Src/i2c.c.obj
 .debug_frame   0x00000090       0x74 CMakeFiles/chaoshengbo.elf.dir/Core/Src/main.c.obj
 .debug_frame   0x00000104      0x398 CMakeFiles/chaoshengbo.elf.dir/Core/Src/oled.c.obj
 .debug_frame   0x0000049c       0x28 CMakeFiles/chaoshengbo.elf.dir/Core/Src/stm32f1xx_hal_msp.c.obj
 .debug_frame   0x000004c4       0xc0 CMakeFiles/chaoshengbo.elf.dir/Core/Src/stm32f1xx_it.c.obj
 .debug_frame   0x00000584      0x190 CMakeFiles/chaoshengbo.elf.dir/Core/Src/syscalls.c.obj
 .debug_frame   0x00000714       0x28 CMakeFiles/chaoshengbo.elf.dir/Core/Src/sysmem.c.obj
 .debug_frame   0x0000073c       0x30 CMakeFiles/chaoshengbo.elf.dir/Core/Src/system_stm32f1xx.c.obj
 .debug_frame   0x0000076c       0x68 CMakeFiles/chaoshengbo.elf.dir/Core/Src/tim.c.obj
 .debug_frame   0x000007d4      0x1cc CMakeFiles/chaoshengbo.elf.dir/Drivers/STM32F1xx_HAL_Driver/Src/stm32f1xx_hal.c.obj
 .debug_frame   0x000009a0      0x19c CMakeFiles/chaoshengbo.elf.dir/Drivers/STM32F1xx_HAL_Driver/Src/stm32f1xx_hal_cortex.c.obj
 .debug_frame   0x00000b3c       0xe4 CMakeFiles/chaoshengbo.elf.dir/Drivers/STM32F1xx_HAL_Driver/Src/stm32f1xx_hal_gpio.c.obj
 .debug_frame   0x00000c20      0x984 CMakeFiles/chaoshengbo.elf.dir/Drivers/STM32F1xx_HAL_Driver/Src/stm32f1xx_hal_i2c.c.obj
 .debug_frame   0x000015a4      0x184 CMakeFiles/chaoshengbo.elf.dir/Drivers/STM32F1xx_HAL_Driver/Src/stm32f1xx_hal_rcc.c.obj
 .debug_frame   0x00001728      0xb14 CMakeFiles/chaoshengbo.elf.dir/Drivers/STM32F1xx_HAL_Driver/Src/stm32f1xx_hal_tim.c.obj
 .debug_frame   0x0000223c      0x418 CMakeFiles/chaoshengbo.elf.dir/Drivers/STM32F1xx_HAL_Driver/Src/stm32f1xx_hal_tim_ex.c.obj
 .debug_frame   0x00002654       0xac D:/arm-none-eabi/13.3 rel1/bin/../lib/gcc/arm-none-eabi/13.3.1/thumb/v7-m/nofp\libgcc.a(_arm_addsubdf3.o)
 .debug_frame   0x00002700       0x24 D:/arm-none-eabi/13.3 rel1/bin/../lib/gcc/arm-none-eabi/13.3.1/thumb/v7-m/nofp\libgcc.a(_arm_fixdfsi.o)
 .debug_frame   0x00002724       0x24 D:/arm-none-eabi/13.3 rel1/bin/../lib/gcc/arm-none-eabi/13.3.1/thumb/v7-m/nofp\libgcc.a(_arm_truncdfsf2.o)
 .debug_frame   0x00002748      0x13c D:/arm-none-eabi/13.3 rel1/bin/../lib/gcc/arm-none-eabi/13.3.1/thumb/v7-m/nofp\libg.a(libc_a-findfp.o)
 .debug_frame   0x00002884       0x34 D:/arm-none-eabi/13.3 rel1/bin/../lib/gcc/arm-none-eabi/13.3.1/thumb/v7-m/nofp\libg.a(libc_a-fwalk.o)
 .debug_frame   0x000028b8       0x80 D:/arm-none-eabi/13.3 rel1/bin/../lib/gcc/arm-none-eabi/13.3.1/thumb/v7-m/nofp\libg.a(libc_a-sprintf.o)
 .debug_frame   0x00002938       0x8c D:/arm-none-eabi/13.3 rel1/bin/../lib/gcc/arm-none-eabi/13.3.1/thumb/v7-m/nofp\libg.a(libc_a-stdio.o)
 .debug_frame   0x000029c4       0x34 D:/arm-none-eabi/13.3 rel1/bin/../lib/gcc/arm-none-eabi/13.3.1/thumb/v7-m/nofp\libg.a(libc_a-memcmp.o)
 .debug_frame   0x000029f8       0x2c D:/arm-none-eabi/13.3 rel1/bin/../lib/gcc/arm-none-eabi/13.3.1/thumb/v7-m/nofp\libg.a(libc_a-memset.o)